******************************************************************************
                  TI ARM Linker PC v20.2.0                     
******************************************************************************
>> Linked Tue Jun  2 21:34:11 2020

OUTPUT FILE NAME:   <FinalProject.out>
ENTRY POINT SYMBOL: "_c_int00_noargs"  address: 200091e9


MEMORY CONFIGURATION

         name            origin    length      used     unused   attr    fill
----------------------  --------  ---------  --------  --------  ----  --------
  SRAM_CODE             20004000   00013000  00005e4a  0000d1b6  RW X
  SRAM_DATA             20017000   00019000  00001494  00017b6c  RW X


SEGMENT ALLOCATION MAP

run origin  load origin   length   init length attrs members
----------  ----------- ---------- ----------- ----- -------
20004000    20004000    00005e50   00005e50    r-x
  20004000    20004000    00000400   00000400    r-- .intvecs
  20004400    20004400    000051d6   000051d6    r-x .text
  200095d8    200095d8    000007cc   000007cc    r-- .const
  20009da8    20009da8    000000a8   000000a8    r-- .cinit
20017000    20017000    00000c94   00000000    rw-
  20017000    20017000    00000800   00000000    rw- .sysmem
  20017800    20017800    00000284   00000000    rw- .bss
  20017a84    20017a84    00000210   00000000    rw- .data
2002f800    2002f800    00000800   00000000    rw-
  2002f800    2002f800    00000800   00000000    rw- .stack


SECTION ALLOCATION MAP

 output                                  attributes/
section   page    origin      length       input sections
--------  ----  ----------  ----------   ----------------
.intvecs   0    20004000    00000400     
                  20004000    00000400     startup_ccs.obj (.intvecs)

.init_array 
*          0    20004000    00000000     UNINITIALIZED

.text      0    20004400    000051d6     
                  20004400    00000ac4     Adafruit_GFX.obj (.text)
                  20004ec4    00000a4e     rtsv7M4_T_le_eabi.lib : _printfi.c.obj (.text:__TI_printfi)
                  20005912    00000002                           : _lock.c.obj (.text:_nop)
                  20005914    0000070c     main.obj (.text)
                  20006020    000004e4     cars.obj (.text)
                  20006504    00000476     Adafruit_OLED.obj (.text)
                  2000697a    00000002     rtsv7M4_T_le_eabi.lib : div0.asm.obj (.text)
                  2000697c    000002b4     i2c_if.obj (.text)
                  20006c30    00000268     rtsv7M4_T_le_eabi.lib : _printfi.c.obj (.text:_pconv_a)
                  20006e98    000001cc                           : _printfi.c.obj (.text:_pconv_g)
                  20007064    000001b6                           : fd_add_t2.asm.obj (.text)
                  2000721a    00000002     --HOLE-- [fill = 0]
                  2000721c    00000178     driverlib.a : prcm.obj (.text:PRCMCC3200MCUInit)
                  20007394    0000013c     rtsv7M4_T_le_eabi.lib : _printfi.c.obj (.text:_pconv_e)
                  200074d0    00000136                           : fd_div_t2.asm.obj (.text)
                  20007606    00000002     --HOLE-- [fill = 0]
                  20007608    00000130     pin_mux_config.obj (.text)
                  20007738    00000120     rtsv7M4_T_le_eabi.lib : _printfi.c.obj (.text:fcvt)
                  20007858    00000114                           : fputs.c.obj (.text:fputs)
                  2000796c    00000108                           : memory.c.obj (.text:aligned_alloc)
                  20007a74    000000fc                           : fd_mul_t2.asm.obj (.text)
                  20007b70    000000e4                           : memory.c.obj (.text:free)
                  20007c54    000000dc                           : setvbuf.c.obj (.text:setvbuf)
                  20007d30    000000d0                           : s_scalbn.c.obj (.text:scalbn)
                  20007e00    000000b1                           : _printfi.c.obj (.text:_ltostr)
                  20007eb1    00000003     --HOLE-- [fill = 0]
                  20007eb4    000000a8     driverlib.a : interrupt.obj (.text:IntEnable)
                  20007f5c    000000a0                 : spi.obj (.text:SPIConfigSetExpClk)
                  20007ffc    0000009c     rtsv7M4_T_le_eabi.lib : memcpy_t2.asm.obj (.text)
                  20008098    00000096                           : ull_div_t2.asm.obj (.text)
                  2000812e    00000002     --HOLE-- [fill = 0]
                  20008130    00000094     driverlib.a : prcm.obj (.text:PRCMPeripheralClockGet)
                  200081c4    0000008c     rtsv7M4_T_le_eabi.lib : fputc.c.obj (.text:fputc)
                  20008250    00000088     driverlib.a : pin.obj (.text:PinConfigSet)
                  200082d8    00000086     rtsv7M4_T_le_eabi.lib : fd_cmp_t2.asm.obj (.text:__aeabi_cdcmple)
                  2000835e    00000086                           : fd_cmp_t2.asm.obj (.text:__aeabi_cdrcmple)
                  200083e4    00000084     driverlib.a : i2c.obj (.text:I2CMasterInitExpClk)
                  20008468    0000007a     rtsv7M4_T_le_eabi.lib : memset_t2.asm.obj (.text)
                  200084e2    00000002     --HOLE-- [fill = 0]
                  200084e4    00000074                           : fclose.c.obj (.text:__TI_closefile)
                  20008558    00000070                           : memory.c.obj (.text:split)
                  200085c8    0000006e                           : _printfi.c.obj (.text:_mcpy)
                  20008636    00000002     --HOLE-- [fill = 0]
                  20008638    0000006c                           : hostrename.c.obj (.text:HOSTrename)
                  200086a4    00000068                           : hostlseek.c.obj (.text:HOSTlseek)
                  2000870c    00000068                           : copy_decompress_lzss.c.obj (.text:decompress:lzss:__TI_decompress_lzss)
                  20008774    00000068                           : printf.c.obj (.text:printf)
                  200087dc    00000064                           : fseek.c.obj (.text:fseek)
                  20008840    00000062                           : _io_perm.c.obj (.text:__TI_wrt_ok)
                  200088a2    00000002     --HOLE-- [fill = 0]
                  200088a4    00000060                           : hostopen.c.obj (.text:HOSTopen)
                  20008904    0000005c                           : close.c.obj (.text:close)
                  20008960    0000005c                           : s_frexp.c.obj (.text:frexp)
                  200089bc    00000058                           : hostread.c.obj (.text:HOSTread)
                  20008a14    00000058                           : hostwrite.c.obj (.text:HOSTwrite)
                  20008a6c    00000058     driverlib.a : prcm.obj (.text:PRCMPeripheralReset)
                  20008ac4    00000056     rtsv7M4_T_le_eabi.lib : _printfi.c.obj (.text:_pconv_f)
                  20008b1a    00000054                           : _ltoa.c.obj (.text:__TI_ltoa)
                  20008b6e    00000052                           : _printfi.c.obj (.text:_ecpy)
                  20008bc0    0000004c                           : fflush.c.obj (.text:__TI_doflush)
                  20008c0c    0000004c                           : atoi.c.obj (.text:atoi)
                  20008c58    00000048                           : exit.c.obj (.text:exit)
                  20008ca0    00000048                           : fd_toi_t2.asm.obj (.text)
                  20008ce8    00000044                           : hostclose.c.obj (.text:HOSTclose)
                  20008d2c    00000044                           : hostunlink.c.obj (.text:HOSTunlink)
                  20008d70    00000044                           : autoinit.c.obj (.text:__TI_auto_init_nobinit_nopinit:__TI_auto_init_nobinit_nopinit)
                  20008db4    00000044                           : getdevice.c.obj (.text:getdevice)
                  20008df8    00000040     driverlib.a : pin.obj (.text:PinModeSet)
                  20008e38    00000040     rtsv7M4_T_le_eabi.lib : sprintf.c.obj (.text:sprintf)
                  20008e78    0000003e                           : _printfi.c.obj (.text:_fcpy)
                  20008eb6    00000002     --HOLE-- [fill = 0]
                  20008eb8    0000003c     driverlib.a : prcm.obj (.text:PRCMPeripheralClkEnable)
                  20008ef4    00000038     rtsv7M4_T_le_eabi.lib : trgmsg.c.obj (.text:__TI_writemsg)
                  20008f2c    00000036     driverlib.a : gpio.obj (.text:GPIODirModeSet)
                  20008f62    00000036     rtsv7M4_T_le_eabi.lib : strncpy.c.obj (.text:strncpy)
                  20008f98    00000034                           : fopen.c.obj (.text:__TI_cleanup)
                  20008fcc    00000034                           : trgmsg.c.obj (.text:__TI_readmsg)
                  20009000    00000034                           : rand.c.obj (.text:rand)
                  20009034    00000030     driverlib.a : pin.obj (.text:PinTypeGPIO)
                  20009064    00000030     rtsv7M4_T_le_eabi.lib : getdevice.c.obj (.text:finddevice)
                  20009094    0000002e                           : i_tofd_t2.asm.obj (.text)
                  200090c2    0000002c     driverlib.a : i2c.obj (.text:I2CMasterErr)
                  200090ee    00000002     --HOLE-- [fill = 0]
                  200090f0    0000002c                 : prcm.obj (.text:PRCMSysResetCauseGet)
                  2000911c    0000002c     rtsv7M4_T_le_eabi.lib : unlink.c.obj (.text:unlink)
                  20009148    00000028     driverlib.a : prcm.obj (.text:PRCMPeripheralClkDisable)
                  20009170    00000028     rtsv7M4_T_le_eabi.lib : memory.c.obj (.text:free_list_insert)
                  20009198    00000028                           : lseek.c.obj (.text:lseek)
                  200091c0    00000028                           : write.c.obj (.text:write)
                  200091e8    00000024                           : boot_cortex_m.c.obj (.text:_c_int00_noargs:_c_int00_noargs)
                  2000920c    00000024                           : rand.c.obj (.text:srand)
                  20009230    00000022     driverlib.a : i2c.obj (.text:I2CMasterSlaveAddrSet)
                  20009252    00000022                 : spi.obj (.text:SPIReset)
                  20009274    00000020                 : gpio.obj (.text:GPIOPinWrite)
                  20009294    00000020                 : spi.obj (.text:SPIDataGet)
                  200092b4    00000020     rtsv7M4_T_le_eabi.lib : memchr.c.obj (.text:memchr)
                  200092d4    0000001e     driverlib.a : i2c.obj (.text:I2CMasterIntStatusEx)
                  200092f2    0000001e                 : spi.obj (.text:SPIDataPut)
                  20009310    0000001c                 : pin.obj (.text:PinTypeI2C)
                  2000932c    0000001c     rtsv7M4_T_le_eabi.lib : copy_zero_init.c.obj (.text:decompress:ZI:__TI_zero_init_nomemset:__TI_zero_init_nomemset)
                  20009348    0000001c                           : memory.c.obj (.text:free_list_remove)
                  20009364    0000001c                           : memccpy.c.obj (.text:memccpy)
                  20009380    0000001a     driverlib.a : pin.obj (.text:PinTypeSPI)
                  2000939a    0000001a                 : pin.obj (.text:PinTypeUART)
                  200093b4    00000018                 : gpio.obj (.text:GPIOPinRead)
                  200093cc    00000018                 : i2c.obj (.text:I2CMasterIntEnableEx)
                  200093e4    00000018                 : spi.obj (.text:SPICSDisable)
                  200093fc    00000018                 : spi.obj (.text:SPICSEnable)
                  20009414    00000018                 : spi.obj (.text:SPIEnable)
                  2000942c    00000018     rtsv7M4_T_le_eabi.lib : sprintf.c.obj (.text:_outs)
                  20009444    00000018                           : strcmp.c.obj (.text:strcmp)
                  2000945c    00000016     driverlib.a : i2c.obj (.text:I2CMasterDataPut)
                  20009472    00000016                 : i2c.obj (.text:I2CMasterEnable)
                  20009488    00000016                 : prcm.obj (.text:PRCMHIBRegRead)
                  2000949e    00000016                 : prcm.obj (.text:PRCMHIBRegWrite)
                  200094b4    00000016     rtsv7M4_T_le_eabi.lib : strchr.c.obj (.text:strchr)
                  200094ca    00000014     driverlib.a : cpu.obj (.text:CPUcpsie)
                  200094de    00000002     --HOLE-- [fill = 0]
                  200094e0    00000014                 : interrupt.obj (.text:IntVTableBaseSet)
                  200094f4    00000014     rtsv7M4_T_le_eabi.lib : strcpy.c.obj (.text:strcpy)
                  20009508    00000014                           : strlen.c.obj (.text:strlen)
                  2000951c    00000012     driverlib.a : i2c.obj (.text:I2CMasterControl)
                  2000952e    00000012                 : i2c.obj (.text:I2CMasterIntClearEx)
                  20009540    00000012                 : i2c.obj (.text:I2CMasterTimeoutSet)
                  20009552    00000012     rtsv7M4_T_le_eabi.lib : wcslen.c.obj (.text:wcslen)
                  20009564    0000000e     driverlib.a : i2c.obj (.text:I2CMasterDataGet)
                  20009572    0000000e     rtsv7M4_T_le_eabi.lib : copy_decompress_none.c.obj (.text:decompress:none:__TI_decompress_none)
                  20009580    0000000e     startup_ccs.obj (.text)
                  2000958e    0000000c     rtsv7M4_T_le_eabi.lib : s_copysign.c.obj (.text:copysign)
                  2000959a    0000000a     driverlib.a : interrupt.obj (.text:IntMasterEnable)
                  200095a4    0000000a     rtsv7M4_T_le_eabi.lib : sprintf.c.obj (.text:_outc)
                  200095ae    00000002     --HOLE-- [fill = 0]
                  200095b0    00000008                           : errno.c.obj (.text:__aeabi_errno_addr)
                  200095b8    00000008                           : memory.c.obj (.text:malloc)
                  200095c0    00000006     driverlib.a : utils.obj (.text:UtilsDelay)
                  200095c6    00000004     rtsv7M4_T_le_eabi.lib : printf.c.obj (.text:_outc)
                  200095ca    00000004                           : printf.c.obj (.text:_outs)
                  200095ce    00000004                           : pre_init.c.obj (.text:_system_pre_init)
                  200095d2    00000004                           : exit.c.obj (.text:abort:abort)

.const     0    200095d8    000007cc     
                  200095d8    000004fb     Adafruit_GFX.obj (.const:.string:font)
                  20009ad3    00000101     rtsv7M4_T_le_eabi.lib : ctype.c.obj (.const:.string:_ctypes_)
                  20009bd4    00000100     driverlib.a : pin.obj (.const:g_ulPinToPadMap)
                  20009cd4    000000a8                 : prcm.obj (.const:PRCM_PeriphRegsList)
                  20009d7c    00000018                 : interrupt.obj (.const:g_pulEnRegs)
                  20009d94    00000010     cars.obj (.const:$P$T0$1)

.cinit     0    20009da8    000000a8     
                  20009da8    00000083     (.cinit..data.load) [load image, compression = lzss]
                  20009e2b    00000001     --HOLE-- [fill = 0]
                  20009e2c    0000000c     (__TI_handler_table)
                  20009e38    00000008     (.cinit..bss.load) [load image, compression = zero_init]
                  20009e40    00000010     (__TI_cinit_table)

.sysmem    0    20017000    00000800     UNINITIALIZED
                  20017000    00000010     rtsv7M4_T_le_eabi.lib : memory.c.obj (.sysmem)
                  20017010    000007f0     --HOLE--

.bss       0    20017800    00000284     UNINITIALIZED
                  20017800    00000120     rtsv7M4_T_le_eabi.lib : trgmsg.c.obj (.bss:_CIOBUF_)
                  20017920    000000a0     main.obj (.bss:cars)
                  200179c0    000000a0     (.common:__TI_tmpnams)
                  20017a60    00000008     cars.obj (.bss)
                  20017a68    00000008     (.common:parmbuf)
                  20017a70    00000004     (.common:spawnDir1)
                  20017a74    00000004     (.common:spawnDir2)
                  20017a78    00000004     (.common:spawnDir3)
                  20017a7c    00000002     (.common:SP1)
                  20017a7e    00000002     (.common:SP2)
                  20017a80    00000002     (.common:SP3)
                  20017a82    00000002     (.common:game_over)

.data      0    20017a84    00000210     UNINITIALIZED
                  20017a84    000000f0     rtsv7M4_T_le_eabi.lib : defs.c.obj (.data:_ftable)
                  20017b74    00000078                           : host_device.c.obj (.data:_device)
                  20017bec    00000050                           : host_device.c.obj (.data:_stream)
                  20017c3c    00000015     Adafruit_GFX.obj (.data)
                  20017c51    00000003     --HOLE--
                  20017c54    00000010     rtsv7M4_T_le_eabi.lib : defs.c.obj (.data)
                  20017c64    0000000c                           : exit.c.obj (.data:$O1$$)
                  20017c70    0000000c     main.obj (.data)
                  20017c7c    00000008     rtsv7M4_T_le_eabi.lib : _lock.c.obj (.data:$O1$$)
                  20017c84    00000008                           : memory.c.obj (.data:$O1$$)
                  20017c8c    00000004                           : errno.c.obj (.data)
                  20017c90    00000004                           : rand.c.obj (.data)

.stack     0    2002f800    00000800     UNINITIALIZED
                  2002f800    00000004     rtsv7M4_T_le_eabi.lib : boot_cortex_m.c.obj (.stack)
                  2002f804    000007fc     --HOLE--

__llvm_prf_cnts 
*          0    20017000    00000000     UNINITIALIZED

MODULE SUMMARY

       Module                       code    ro data   rw data
       ------                       ----    -------   -------
    .\
       Adafruit_GFX.obj             2756    1275      21     
       main.obj                     1804    0         172    
       cars.obj                     1252    16        28     
       Adafruit_OLED.obj            1142    0         0      
       startup_ccs.obj              14      1024      0      
       i2c_if.obj                   692     0         0      
       pin_mux_config.obj           304     0         0      
    +--+----------------------------+-------+---------+---------+
       Total:                       7964    2315      221    
                                                             
    C:/TI/CC3200SDK_1.5.0/cc3200-sdk/driverlib/ccs/Release/driverlib.a
       prcm.obj                     800     168       0      
       pin.obj                      328     256       0      
       i2c.obj                      376     0         0      
       spi.obj                      328     0         0      
       interrupt.obj                198     24        0      
       gpio.obj                     110     0         0      
       cpu.obj                      20      0         0      
       utils.obj                    6       0         0      
    +--+----------------------------+-------+---------+---------+
       Total:                       2166    448       0      
                                                             
    C:\TI\ccs1000\ccs\tools\compiler\ti-cgt-arm_20.2.0.LTS\lib\rtsv7M4_T_le_eabi.lib
       _printfi.c.obj               4835    0         0      
       memory.c.obj                 680     0         8      
       fd_add_t2.asm.obj            438     0         0      
       defs.c.obj                   0       0         416    
       trgmsg.c.obj                 108     0         288    
       fd_div_t2.asm.obj            310     0         0      
       fputs.c.obj                  276     0         0      
       fd_cmp_t2.asm.obj            268     0         0      
       ctype.c.obj                  0       257       0      
       fd_mul_t2.asm.obj            252     0         0      
       setvbuf.c.obj                220     0         0      
       s_scalbn.c.obj               208     0         0      
       host_device.c.obj            0       0         200    
       memcpy_t2.asm.obj            156     0         0      
       ull_div_t2.asm.obj           150     0         0      
       fputc.c.obj                  140     0         0      
       memset_t2.asm.obj            122     0         0      
       fclose.c.obj                 116     0         0      
       getdevice.c.obj              116     0         0      
       printf.c.obj                 112     0         0      
       hostrename.c.obj             108     0         0      
       copy_decompress_lzss.c.obj   104     0         0      
       hostlseek.c.obj              104     0         0      
       hostopen.c.obj               96      0         8      
       fseek.c.obj                  100     0         0      
       _io_perm.c.obj               98      0         0      
       sprintf.c.obj                98      0         0      
       close.c.obj                  92      0         0      
       rand.c.obj                   88      0         4      
       s_frexp.c.obj                92      0         0      
       exit.c.obj                   76      0         12     
       hostread.c.obj               88      0         0      
       hostwrite.c.obj              88      0         0      
       _ltoa.c.obj                  84      0         0      
       atoi.c.obj                   76      0         0      
       fflush.c.obj                 76      0         0      
       fd_toi_t2.asm.obj            72      0         0      
       autoinit.c.obj               68      0         0      
       hostclose.c.obj              68      0         0      
       hostunlink.c.obj             68      0         0      
       strncpy.c.obj                54      0         0      
       fopen.c.obj                  52      0         0      
       i_tofd_t2.asm.obj            46      0         0      
       unlink.c.obj                 44      0         0      
       lseek.c.obj                  40      0         0      
       write.c.obj                  40      0         0      
       boot_cortex_m.c.obj          36      0         0      
       memchr.c.obj                 32      0         0      
       copy_zero_init.c.obj         28      0         0      
       memccpy.c.obj                28      0         0      
       strcmp.c.obj                 24      0         0      
       strchr.c.obj                 22      0         0      
       strcpy.c.obj                 20      0         0      
       strlen.c.obj                 20      0         0      
       wcslen.c.obj                 18      0         0      
       copy_decompress_none.c.obj   14      0         0      
       errno.c.obj                  8       0         4      
       s_copysign.c.obj             12      0         0      
       _lock.c.obj                  2       0         8      
       pre_init.c.obj               4       0         0      
       div0.asm.obj                 2       0         0      
    +--+----------------------------+-------+---------+---------+
       Total:                       10797   257       948    
                                                             
       Heap:                        0       0         2048   
       Stack:                       0       0         2048   
       Linker Generated:            0       167       0      
    +--+----------------------------+-------+---------+---------+
       Grand Total:                 20927   3187      5265   


LINKER GENERATED COPY TABLES

__TI_cinit_table @ 20009e40 records: 2, size/record: 8, table size: 16
	.data: load addr=20009da8, load size=00000083 bytes, run addr=20017a84, run size=00000210 bytes, compression=lzss
	.bss: load addr=20009e38, load size=00000008 bytes, run addr=20017800, run size=00000284 bytes, compression=zero_init


LINKER GENERATED HANDLER TABLE

__TI_handler_table @ 20009e2c records: 3, size/record: 4, table size: 12
	index: 0, handler: __TI_decompress_lzss
	index: 1, handler: __TI_decompress_none
	index: 2, handler: __TI_zero_init


GLOBAL SYMBOLS: SORTED ALPHABETICALLY BY Name 

address   name                           
-------   ----                           
20006565  Adafruit_Init                  
200095d3  C$$EXIT                        
20008f23  C$$IO$$                        
200094cb  CPUcpsie                       
200066db  Color565                       
20008f2d  GPIODirModeSet                 
200093b5  GPIOPinRead                    
20009275  GPIOPinWrite                   
20008ce9  HOSTclose                      
200086a5  HOSTlseek                      
200088a5  HOSTopen                       
200089bd  HOSTread                       
20008639  HOSTrename                     
20008d2d  HOSTunlink                     
20008a15  HOSTwrite                      
2000951d  I2CMasterControl               
20009565  I2CMasterDataGet               
2000945d  I2CMasterDataPut               
20009473  I2CMasterEnable                
200090c3  I2CMasterErr                   
200083e5  I2CMasterInitExpClk            
2000952f  I2CMasterIntClearEx            
200093cd  I2CMasterIntEnableEx           
200092d5  I2CMasterIntStatusEx           
20009231  I2CMasterSlaveAddrSet          
20009541  I2CMasterTimeoutSet            
20006c1b  I2C_IF_Close                   
20006bb5  I2C_IF_Open                    
20006ab3  I2C_IF_Read                    
20006b6f  I2C_IF_ReadFrom                
20006a03  I2C_IF_Write                   
20007eb5  IntEnable                      
2000959b  IntMasterEnable                
200094e1  IntVTableBaseSet               
20005a0f  LaneSpawn                      
20004df1  Outstr                         
2000721d  PRCMCC3200MCUInit              
20009489  PRCMHIBRegRead                 
2000949f  PRCMHIBRegWrite                
20009149  PRCMPeripheralClkDisable       
20008eb9  PRCMPeripheralClkEnable        
20008131  PRCMPeripheralClockGet         
20008a6d  PRCMPeripheralReset            
200090f1  PRCMSysResetCauseGet           
20008251  PinConfigSet                   
20008df9  PinModeSet                     
20007609  PinMuxConfig                   
20009035  PinTypeGPIO                    
20009311  PinTypeI2C                     
20009381  PinTypeSPI                     
2000939b  PinTypeUART                    
20009581  ResetISR                       
20017a7c  SP1                            
20017a7e  SP2                            
20017a80  SP3                            
200093e5  SPICSDisable                   
200093fd  SPICSEnable                    
20007f5d  SPIConfigSetExpClk             
20009295  SPIDataGet                     
200092f3  SPIDataPut                     
20009415  SPIEnable                      
20009253  SPIReset                       
200095c1  UtilsDelay                     
20017800  __CIOBUF_                      
20030000  __STACK_END                    
00000800  __STACK_SIZE                   
00000800  __SYSMEM_SIZE                  
20009e40  __TI_CINIT_Base                
20009e50  __TI_CINIT_Limit               
20009e2c  __TI_Handler_Table_Base        
20009e38  __TI_Handler_Table_Limit       
20008d71  __TI_auto_init_nobinit_nopinit 
20008f99  __TI_cleanup                   
20017c64  __TI_cleanup_ptr               
200084e5  __TI_closefile                 
2000870d  __TI_decompress_lzss           
20009573  __TI_decompress_none           
20008bc1  __TI_doflush                   
20017c68  __TI_dtors_ptr                 
20017c6c  __TI_enable_exit_profile_output
20017c54  __TI_ft_end                    
20008b1b  __TI_ltoa                      
ffffffff  __TI_pprof_out_hndl            
20004ec5  __TI_printfi                   
ffffffff  __TI_prof_data_size            
ffffffff  __TI_prof_data_start           
20008fcd  __TI_readmsg                   
20009da8  __TI_static_base__             
200179c0  __TI_tmpnams                   
20008ef5  __TI_writemsg                  
20008841  __TI_wrt_ok                    
2000932d  __TI_zero_init_nomemset        
200082d9  __aeabi_cdcmpeq                
200082d9  __aeabi_cdcmple                
2000835f  __aeabi_cdrcmple               
20008ca1  __aeabi_d2iz                   
2000706f  __aeabi_dadd                   
200074d1  __aeabi_ddiv                   
20007a75  __aeabi_dmul                   
20007065  __aeabi_dsub                   
200095b1  __aeabi_errno_addr             
20009095  __aeabi_i2d                    
2000697b  __aeabi_idiv0                  
2000697b  __aeabi_ldiv0                  
20008469  __aeabi_memclr                 
20008469  __aeabi_memclr4                
20008469  __aeabi_memclr8                
20007ffd  __aeabi_memcpy                 
20007ffd  __aeabi_memcpy4                
20007ffd  __aeabi_memcpy8                
2000846b  __aeabi_memset                 
2000846b  __aeabi_memset4                
2000846b  __aeabi_memset8                
20017c60  __aeabi_stderr                 
20017c58  __aeabi_stdin                  
20017c5c  __aeabi_stdout                 
20008099  __aeabi_uldivmod               
ffffffff  __binit__                      
ffffffff  __c_args__                     
UNDEFED   __mpu_init                     
2002f800  __stack                        
20017000  __start___llvm_prf_cnts        
20017000  __stop___llvm_prf_cnts         
200091e9  _c_int00_noargs                
20009ad3  _ctypes_                       
20017b74  _device                        
20017a84  _ftable                        
20017c7c  _lock                          
20005913  _nop                           
20017bec  _stream                        
20017000  _sys_memory                    
UNDEFED   _system_post_cinit             
200095cf  _system_pre_init               
20017c80  _unlock                        
200095d3  abort                          
2000796d  aligned_alloc                  
20008c0d  atoi                           
ffffffff  binit                          
20008905  close                          
2000958f  copysign                       
2000958f  copysignl                      
20017c3c  cursor_x                       
20017c40  cursor_y                       
2000612b  destroyCar                     
20006073  drawCar                        
20004ca5  drawChar                       
20004401  drawCircle                     
20004535  drawCircleHelper               
20004867  drawDottedLine                 
20006885  drawFastHLine                  
200067e9  drawFastVLine                  
2000477b  drawLine                       
20006921  drawPixel                      
200048ad  drawRect                       
200048fb  drawRoundRect                  
20004a63  drawTriangle                   
20017c8c  errno                          
20008c59  exit                           
20004653  fillCircle                     
2000468d  fillCircleHelper               
20006733  fillRect                       
200049e9  fillRoundRect                  
2000671d  fillScreen                     
20004aa5  fillTriangle                   
20009065  finddevice                     
200081c5  fputc                          
20007859  fputs                          
20007b71  free                           
20008961  frexp                          
20008961  frexpl                         
200087dd  fseek                          
20004000  g_pfnVectors                   
20017a82  game_over                      
20008db5  getdevice                      
20006697  goTo                           
20004ea5  height                         
2000695f  invert                         
2000592d  isEmpty                        
20007d31  ldexp                          
20007d31  ldexpl                         
20009199  lseek                          
20005c8d  main                           
200095b9  malloc                         
2000796d  memalign                       
20009365  memccpy                        
200092b5  memchr                         
20007ffd  memcpy                         
20008471  memset                         
20006219  moveCar                        
20017a68  parmbuf                        
20008775  printf                         
200081c5  putc                           
20009001  rand                           
2000911d  remove                         
20007d31  scalbn                         
20007d31  scalbnl                        
2000594b  searchLane                     
20004e3d  setCursor                      
20004e75  setTextColor                   
20004e55  setTextSize                    
20004e8d  setTextWrap                    
20007c55  setvbuf                        
20006021  spawnCar                       
20017a70  spawnDir1                      
20017a74  spawnDir2                      
20017a78  spawnDir3                      
20008e39  sprintf                        
2000920d  srand                          
200094b5  strchr                         
20009445  strcmp                         
200094f5  strcpy                         
20009509  strlen                         
20008f63  strncpy                        
20017c4c  textbgcolor                    
20017c48  textcolor                      
20017c44  textsize                       
2000911d  unlink                         
20009553  wcslen                         
20004ea1  width                          
20017c50  wrap                           
200091c1  write                          
20006505  writeCommand                   
20006535  writeData                      


GLOBAL SYMBOLS: SORTED BY Symbol Address 

address   name                           
-------   ----                           
00000800  __STACK_SIZE                   
00000800  __SYSMEM_SIZE                  
20004000  g_pfnVectors                   
20004401  drawCircle                     
20004535  drawCircleHelper               
20004653  fillCircle                     
2000468d  fillCircleHelper               
2000477b  drawLine                       
20004867  drawDottedLine                 
200048ad  drawRect                       
200048fb  drawRoundRect                  
200049e9  fillRoundRect                  
20004a63  drawTriangle                   
20004aa5  fillTriangle                   
20004ca5  drawChar                       
20004df1  Outstr                         
20004e3d  setCursor                      
20004e55  setTextSize                    
20004e75  setTextColor                   
20004e8d  setTextWrap                    
20004ea1  width                          
20004ea5  height                         
20004ec5  __TI_printfi                   
20005913  _nop                           
2000592d  isEmpty                        
2000594b  searchLane                     
20005a0f  LaneSpawn                      
20005c8d  main                           
20006021  spawnCar                       
20006073  drawCar                        
2000612b  destroyCar                     
20006219  moveCar                        
20006505  writeCommand                   
20006535  writeData                      
20006565  Adafruit_Init                  
20006697  goTo                           
200066db  Color565                       
2000671d  fillScreen                     
20006733  fillRect                       
200067e9  drawFastVLine                  
20006885  drawFastHLine                  
20006921  drawPixel                      
2000695f  invert                         
2000697b  __aeabi_idiv0                  
2000697b  __aeabi_ldiv0                  
20006a03  I2C_IF_Write                   
20006ab3  I2C_IF_Read                    
20006b6f  I2C_IF_ReadFrom                
20006bb5  I2C_IF_Open                    
20006c1b  I2C_IF_Close                   
20007065  __aeabi_dsub                   
2000706f  __aeabi_dadd                   
2000721d  PRCMCC3200MCUInit              
200074d1  __aeabi_ddiv                   
20007609  PinMuxConfig                   
20007859  fputs                          
2000796d  aligned_alloc                  
2000796d  memalign                       
20007a75  __aeabi_dmul                   
20007b71  free                           
20007c55  setvbuf                        
20007d31  ldexp                          
20007d31  ldexpl                         
20007d31  scalbn                         
20007d31  scalbnl                        
20007eb5  IntEnable                      
20007f5d  SPIConfigSetExpClk             
20007ffd  __aeabi_memcpy                 
20007ffd  __aeabi_memcpy4                
20007ffd  __aeabi_memcpy8                
20007ffd  memcpy                         
20008099  __aeabi_uldivmod               
20008131  PRCMPeripheralClockGet         
200081c5  fputc                          
200081c5  putc                           
20008251  PinConfigSet                   
200082d9  __aeabi_cdcmpeq                
200082d9  __aeabi_cdcmple                
2000835f  __aeabi_cdrcmple               
200083e5  I2CMasterInitExpClk            
20008469  __aeabi_memclr                 
20008469  __aeabi_memclr4                
20008469  __aeabi_memclr8                
2000846b  __aeabi_memset                 
2000846b  __aeabi_memset4                
2000846b  __aeabi_memset8                
20008471  memset                         
200084e5  __TI_closefile                 
20008639  HOSTrename                     
200086a5  HOSTlseek                      
2000870d  __TI_decompress_lzss           
20008775  printf                         
200087dd  fseek                          
20008841  __TI_wrt_ok                    
200088a5  HOSTopen                       
20008905  close                          
20008961  frexp                          
20008961  frexpl                         
200089bd  HOSTread                       
20008a15  HOSTwrite                      
20008a6d  PRCMPeripheralReset            
20008b1b  __TI_ltoa                      
20008bc1  __TI_doflush                   
20008c0d  atoi                           
20008c59  exit                           
20008ca1  __aeabi_d2iz                   
20008ce9  HOSTclose                      
20008d2d  HOSTunlink                     
20008d71  __TI_auto_init_nobinit_nopinit 
20008db5  getdevice                      
20008df9  PinModeSet                     
20008e39  sprintf                        
20008eb9  PRCMPeripheralClkEnable        
20008ef5  __TI_writemsg                  
20008f23  C$$IO$$                        
20008f2d  GPIODirModeSet                 
20008f63  strncpy                        
20008f99  __TI_cleanup                   
20008fcd  __TI_readmsg                   
20009001  rand                           
20009035  PinTypeGPIO                    
20009065  finddevice                     
20009095  __aeabi_i2d                    
200090c3  I2CMasterErr                   
200090f1  PRCMSysResetCauseGet           
2000911d  remove                         
2000911d  unlink                         
20009149  PRCMPeripheralClkDisable       
20009199  lseek                          
200091c1  write                          
200091e9  _c_int00_noargs                
2000920d  srand                          
20009231  I2CMasterSlaveAddrSet          
20009253  SPIReset                       
20009275  GPIOPinWrite                   
20009295  SPIDataGet                     
200092b5  memchr                         
200092d5  I2CMasterIntStatusEx           
200092f3  SPIDataPut                     
20009311  PinTypeI2C                     
2000932d  __TI_zero_init_nomemset        
20009365  memccpy                        
20009381  PinTypeSPI                     
2000939b  PinTypeUART                    
200093b5  GPIOPinRead                    
200093cd  I2CMasterIntEnableEx           
200093e5  SPICSDisable                   
200093fd  SPICSEnable                    
20009415  SPIEnable                      
20009445  strcmp                         
2000945d  I2CMasterDataPut               
20009473  I2CMasterEnable                
20009489  PRCMHIBRegRead                 
2000949f  PRCMHIBRegWrite                
200094b5  strchr                         
200094cb  CPUcpsie                       
200094e1  IntVTableBaseSet               
200094f5  strcpy                         
20009509  strlen                         
2000951d  I2CMasterControl               
2000952f  I2CMasterIntClearEx            
20009541  I2CMasterTimeoutSet            
20009553  wcslen                         
20009565  I2CMasterDataGet               
20009573  __TI_decompress_none           
20009581  ResetISR                       
2000958f  copysign                       
2000958f  copysignl                      
2000959b  IntMasterEnable                
200095b1  __aeabi_errno_addr             
200095b9  malloc                         
200095c1  UtilsDelay                     
200095cf  _system_pre_init               
200095d3  C$$EXIT                        
200095d3  abort                          
20009ad3  _ctypes_                       
20009da8  __TI_static_base__             
20009e2c  __TI_Handler_Table_Base        
20009e38  __TI_Handler_Table_Limit       
20009e40  __TI_CINIT_Base                
20009e50  __TI_CINIT_Limit               
20017000  __start___llvm_prf_cnts        
20017000  __stop___llvm_prf_cnts         
20017000  _sys_memory                    
20017800  __CIOBUF_                      
200179c0  __TI_tmpnams                   
20017a68  parmbuf                        
20017a70  spawnDir1                      
20017a74  spawnDir2                      
20017a78  spawnDir3                      
20017a7c  SP1                            
20017a7e  SP2                            
20017a80  SP3                            
20017a82  game_over                      
20017a84  _ftable                        
20017b74  _device                        
20017bec  _stream                        
20017c3c  cursor_x                       
20017c40  cursor_y                       
20017c44  textsize                       
20017c48  textcolor                      
20017c4c  textbgcolor                    
20017c50  wrap                           
20017c54  __TI_ft_end                    
20017c58  __aeabi_stdin                  
20017c5c  __aeabi_stdout                 
20017c60  __aeabi_stderr                 
20017c64  __TI_cleanup_ptr               
20017c68  __TI_dtors_ptr                 
20017c6c  __TI_enable_exit_profile_output
20017c7c  _lock                          
20017c80  _unlock                        
20017c8c  errno                          
2002f800  __stack                        
20030000  __STACK_END                    
ffffffff  __TI_pprof_out_hndl            
ffffffff  __TI_prof_data_size            
ffffffff  __TI_prof_data_start           
ffffffff  __binit__                      
ffffffff  __c_args__                     
ffffffff  binit                          
UNDEFED   __mpu_init                     
UNDEFED   _system_post_cinit             

[223 symbols]
