******************************************************************************
                  TI ARM Linker PC v20.2.0                     
******************************************************************************
>> Linked Sun May 31 20:16:12 2020

OUTPUT FILE NAME:   <lab3.out>
ENTRY POINT SYMBOL: "_c_int00_noargs"  address: 20006015


MEMORY CONFIGURATION

         name            origin    length      used     unused   attr    fill
----------------------  --------  ---------  --------  --------  ----  --------
  SRAM_CODE             20004000   00013000  00002980  00010680  RW X
  SRAM_DATA             20017000   00019000  00001015  00017feb  RW X


SEGMENT ALLOCATION MAP

run origin  load origin   length   init length attrs members
----------  ----------- ---------- ----------- ----- -------
20004000    20004000    00002984   00002984    r-x
  20004000    20004000    00000400   00000400    r-- .intvecs
  20004400    20004400    00001ea0   00001ea0    r-x .text
  200062a0    200062a0    000006bc   000006bc    r-- .const
  20006960    20006960    00000024   00000024    r-- .cinit
20017000    20017000    00000815   00000000    rw-
  20017000    20017000    00000800   00000000    rw- .sysmem
  20017800    20017800    00000015   00000000    rw- .data
2002f800    2002f800    00000800   00000000    rw-
  2002f800    2002f800    00000800   00000000    rw- .stack


SECTION ALLOCATION MAP

 output                                  attributes/
section   page    origin      length       input sections
--------  ----  ----------  ----------   ----------------
.intvecs   0    20004000    00000400     
                  20004000    00000400     startup_ccs.obj (.intvecs)

.init_array 
*          0    20004000    00000000     UNINITIALIZED

.text      0    20004400    00001ea0     
                  20004400    00000a80     Adafruit_GFX.obj (.text)
                  20004e80    00000476     Adafruit_OLED.obj (.text)
                  200052f6    00000002     --HOLE-- [fill = 0]
                  200052f8    000002b4     i2c_if.obj (.text)
                  200055ac    000001f8     main.obj (.text)
                  200057a4    00000178     driverlib.a : prcm.obj (.text:PRCMCC3200MCUInit)
                  2000591c    0000010c     pin_mux_config.obj (.text)
                  20005a28    000000a8     driverlib.a : interrupt.obj (.text:IntEnable)
                  20005ad0    000000a0                 : spi.obj (.text:SPIConfigSetExpClk)
                  20005b70    0000009c     rtsv7M4_T_le_eabi.lib : memcpy_t2.asm.obj (.text)
                  20005c0c    00000094     driverlib.a : prcm.obj (.text:PRCMPeripheralClockGet)
                  20005ca0    00000088                 : pin.obj (.text:PinConfigSet)
                  20005d28    00000084                 : i2c.obj (.text:I2CMasterInitExpClk)
                  20005dac    00000068     rtsv7M4_T_le_eabi.lib : copy_decompress_lzss.c.obj (.text:decompress:lzss:__TI_decompress_lzss)
                  20005e14    00000058     driverlib.a : prcm.obj (.text:PRCMPeripheralReset)
                  20005e6c    00000044     rtsv7M4_T_le_eabi.lib : autoinit.c.obj (.text:__TI_auto_init_nobinit_nopinit:__TI_auto_init_nobinit_nopinit)
                  20005eb0    00000040     driverlib.a : pin.obj (.text:PinModeSet)
                  20005ef0    0000003c                 : prcm.obj (.text:PRCMPeripheralClkEnable)
                  20005f2c    00000036                 : gpio.obj (.text:GPIODirModeSet)
                  20005f62    00000030                 : pin.obj (.text:PinTypeGPIO)
                  20005f92    0000002c                 : i2c.obj (.text:I2CMasterErr)
                  20005fbe    00000002     --HOLE-- [fill = 0]
                  20005fc0    0000002c                 : prcm.obj (.text:PRCMSysResetCauseGet)
                  20005fec    00000028                 : prcm.obj (.text:PRCMPeripheralClkDisable)
                  20006014    00000024     rtsv7M4_T_le_eabi.lib : boot_cortex_m.c.obj (.text:_c_int00_noargs:_c_int00_noargs)
                  20006038    00000022     driverlib.a : i2c.obj (.text:I2CMasterSlaveAddrSet)
                  2000605a    00000022                 : spi.obj (.text:SPIReset)
                  2000607c    00000020                 : gpio.obj (.text:GPIOPinWrite)
                  2000609c    00000020                 : spi.obj (.text:SPIDataGet)
                  200060bc    0000001e                 : i2c.obj (.text:I2CMasterIntStatusEx)
                  200060da    0000001e                 : spi.obj (.text:SPIDataPut)
                  200060f8    0000001c                 : pin.obj (.text:PinTypeI2C)
                  20006114    0000001a                 : pin.obj (.text:PinTypeSPI)
                  2000612e    0000001a                 : pin.obj (.text:PinTypeUART)
                  20006148    00000018                 : i2c.obj (.text:I2CMasterIntEnableEx)
                  20006160    00000018                 : spi.obj (.text:SPICSDisable)
                  20006178    00000018                 : spi.obj (.text:SPICSEnable)
                  20006190    00000018                 : spi.obj (.text:SPIEnable)
                  200061a8    00000016                 : i2c.obj (.text:I2CMasterDataPut)
                  200061be    00000016                 : i2c.obj (.text:I2CMasterEnable)
                  200061d4    00000016                 : prcm.obj (.text:PRCMHIBRegRead)
                  200061ea    00000016                 : prcm.obj (.text:PRCMHIBRegWrite)
                  20006200    00000014                 : cpu.obj (.text:CPUcpsie)
                  20006214    00000014                 : interrupt.obj (.text:IntVTableBaseSet)
                  20006228    00000012                 : i2c.obj (.text:I2CMasterControl)
                  2000623a    00000012                 : i2c.obj (.text:I2CMasterIntClearEx)
                  2000624c    00000012                 : i2c.obj (.text:I2CMasterTimeoutSet)
                  2000625e    0000000e                 : i2c.obj (.text:I2CMasterDataGet)
                  2000626c    0000000e     rtsv7M4_T_le_eabi.lib : copy_decompress_none.c.obj (.text:decompress:none:__TI_decompress_none)
                  2000627a    0000000e     startup_ccs.obj (.text)
                  20006288    0000000a     driverlib.a : interrupt.obj (.text:IntMasterEnable)
                  20006292    00000006                 : utils.obj (.text:UtilsDelay)
                  20006298    00000004     rtsv7M4_T_le_eabi.lib : pre_init.c.obj (.text:_system_pre_init)
                  2000629c    00000004                           : exit.c.obj (.text:abort:abort)

.const     0    200062a0    000006bc     
                  200062a0    000004fb     Adafruit_GFX.obj (.const:.string:font)
                  2000679b    00000001     --HOLE-- [fill = 0]
                  2000679c    00000100     driverlib.a : pin.obj (.const:g_ulPinToPadMap)
                  2000689c    000000a8                 : prcm.obj (.const:PRCM_PeriphRegsList)
                  20006944    00000018                 : interrupt.obj (.const:g_pulEnRegs)

.cinit     0    20006960    00000024     
                  20006960    00000013     (.cinit..data.load) [load image, compression = lzss]
                  20006973    00000001     --HOLE-- [fill = 0]
                  20006974    00000008     (__TI_handler_table)
                  2000697c    00000008     (__TI_cinit_table)

.data      0    20017800    00000015     UNINITIALIZED
                  20017800    00000015     Adafruit_GFX.obj (.data)

.sysmem    0    20017000    00000800     UNINITIALIZED
                  20017000    00000010     rtsv7M4_T_le_eabi.lib : memory.c.obj (.sysmem)
                  20017010    000007f0     --HOLE--

.stack     0    2002f800    00000800     UNINITIALIZED
                  2002f800    00000004     rtsv7M4_T_le_eabi.lib : boot_cortex_m.c.obj (.stack)
                  2002f804    000007fc     --HOLE--

__llvm_prf_cnts 
*          0    20017000    00000000     UNINITIALIZED

MODULE SUMMARY

       Module                       code   ro data   rw data
       ------                       ----   -------   -------
    .\
       Adafruit_GFX.obj             2688   1275      21     
       Adafruit_OLED.obj            1142   0         0      
       startup_ccs.obj              14     1024      0      
       i2c_if.obj                   692    0         0      
       main.obj                     504    0         0      
       pin_mux_config.obj           268    0         0      
    +--+----------------------------+------+---------+---------+
       Total:                       5308   2299      21     
                                                            
    C:/TI/CC3200SDK_1.5.0/cc3200-sdk/driverlib/ccs/Release/driverlib.a
       prcm.obj                     800    168       0      
       pin.obj                      328    256       0      
       i2c.obj                      376    0         0      
       spi.obj                      328    0         0      
       interrupt.obj                198    24        0      
       gpio.obj                     86     0         0      
       cpu.obj                      20     0         0      
       utils.obj                    6      0         0      
    +--+----------------------------+------+---------+---------+
       Total:                       2142   448       0      
                                                            
    C:\TI\ccs1000\ccs\tools\compiler\ti-cgt-arm_20.2.0.LTS\lib\rtsv7M4_T_le_eabi.lib
       memcpy_t2.asm.obj            156    0         0      
       copy_decompress_lzss.c.obj   104    0         0      
       autoinit.c.obj               68     0         0      
       boot_cortex_m.c.obj          36     0         0      
       copy_decompress_none.c.obj   14     0         0      
       exit.c.obj                   4      0         0      
       pre_init.c.obj               4      0         0      
    +--+----------------------------+------+---------+---------+
       Total:                       386    0         0      
                                                            
       Heap:                        0      0         2048   
       Stack:                       0      0         2048   
       Linker Generated:            0      35        0      
    +--+----------------------------+------+---------+---------+
       Grand Total:                 7836   2782      4117   


LINKER GENERATED COPY TABLES

__TI_cinit_table @ 2000697c records: 1, size/record: 8, table size: 8
	.data: load addr=20006960, load size=00000013 bytes, run addr=20017800, run size=00000015 bytes, compression=lzss


LINKER GENERATED HANDLER TABLE

__TI_handler_table @ 20006974 records: 2, size/record: 4, table size: 8
	index: 0, handler: __TI_decompress_lzss
	index: 1, handler: __TI_decompress_none


GLOBAL SYMBOLS: SORTED ALPHABETICALLY BY Name 

address   name                          
-------   ----                          
20004ee1  Adafruit_Init                 
2000629d  C$$EXIT                       
20006201  CPUcpsie                      
20005057  Color565                      
20005f2d  GPIODirModeSet                
2000607d  GPIOPinWrite                  
20006229  I2CMasterControl              
2000625f  I2CMasterDataGet              
200061a9  I2CMasterDataPut              
200061bf  I2CMasterEnable               
20005f93  I2CMasterErr                  
20005d29  I2CMasterInitExpClk           
2000623b  I2CMasterIntClearEx           
20006149  I2CMasterIntEnableEx          
200060bd  I2CMasterIntStatusEx          
20006039  I2CMasterSlaveAddrSet         
2000624d  I2CMasterTimeoutSet           
20005597  I2C_IF_Close                  
20005531  I2C_IF_Open                   
2000542f  I2C_IF_Read                   
200054eb  I2C_IF_ReadFrom               
2000537f  I2C_IF_Write                  
20005a29  IntEnable                     
20006289  IntMasterEnable               
20006215  IntVTableBaseSet              
20004dab  Outstr                        
200057a5  PRCMCC3200MCUInit             
200061d5  PRCMHIBRegRead                
200061eb  PRCMHIBRegWrite               
20005fed  PRCMPeripheralClkDisable      
20005ef1  PRCMPeripheralClkEnable       
20005c0d  PRCMPeripheralClockGet        
20005e15  PRCMPeripheralReset           
20005fc1  PRCMSysResetCauseGet          
20005ca1  PinConfigSet                  
20005eb1  PinModeSet                    
2000591d  PinMuxConfig                  
20005f63  PinTypeGPIO                   
200060f9  PinTypeI2C                    
20006115  PinTypeSPI                    
2000612f  PinTypeUART                   
2000627b  ResetISR                      
20006161  SPICSDisable                  
20006179  SPICSEnable                   
20005ad1  SPIConfigSetExpClk            
2000609d  SPIDataGet                    
200060db  SPIDataPut                    
20006191  SPIEnable                     
2000605b  SPIReset                      
20006293  UtilsDelay                    
20030000  __STACK_END                   
00000800  __STACK_SIZE                  
00000800  __SYSMEM_SIZE                 
2000697c  __TI_CINIT_Base               
20006984  __TI_CINIT_Limit              
20006974  __TI_Handler_Table_Base       
2000697c  __TI_Handler_Table_Limit      
20005e6d  __TI_auto_init_nobinit_nopinit
20005dad  __TI_decompress_lzss          
2000626d  __TI_decompress_none          
ffffffff  __TI_pprof_out_hndl           
ffffffff  __TI_prof_data_size           
ffffffff  __TI_prof_data_start          
20006960  __TI_static_base__            
20005b71  __aeabi_memcpy                
20005b71  __aeabi_memcpy4               
20005b71  __aeabi_memcpy8               
ffffffff  __binit__                     
ffffffff  __c_args__                    
UNDEFED   __mpu_init                    
2002f800  __stack                       
20017000  __start___llvm_prf_cnts       
20017000  __stop___llvm_prf_cnts        
20006015  _c_int00_noargs               
20017000  _sys_memory                   
UNDEFED   _system_post_cinit            
20006299  _system_pre_init              
2000629d  abort                         
ffffffff  binit                         
20017800  cursor_x                      
20017804  cursor_y                      
20004c5f  drawChar                      
20004401  drawCircle                    
20004535  drawCircleHelper              
20005201  drawFastHLine                 
20005165  drawFastVLine                 
2000477b  drawLine                      
2000529d  drawPixel                     
20004867  drawRect                      
200048b5  drawRoundRect                 
20004a1d  drawTriangle                  
20004653  fillCircle                    
2000468d  fillCircleHelper              
200050af  fillRect                      
200049a3  fillRoundRect                 
20005099  fillScreen                    
20004a5f  fillTriangle                  
20004000  g_pfnVectors                  
20005013  goTo                          
20004e5f  height                        
200052db  invert                        
200055c5  main                          
20005b71  memcpy                        
20004df7  setCursor                     
20004e2f  setTextColor                  
20004e0f  setTextSize                   
20004e47  setTextWrap                   
20017810  textbgcolor                   
2001780c  textcolor                     
20017808  textsize                      
20004e5b  width                         
20017814  wrap                          
20004e81  writeCommand                  
20004eb1  writeData                     


GLOBAL SYMBOLS: SORTED BY Symbol Address 

address   name                          
-------   ----                          
00000800  __STACK_SIZE                  
00000800  __SYSMEM_SIZE                 
20004000  g_pfnVectors                  
20004401  drawCircle                    
20004535  drawCircleHelper              
20004653  fillCircle                    
2000468d  fillCircleHelper              
2000477b  drawLine                      
20004867  drawRect                      
200048b5  drawRoundRect                 
200049a3  fillRoundRect                 
20004a1d  drawTriangle                  
20004a5f  fillTriangle                  
20004c5f  drawChar                      
20004dab  Outstr                        
20004df7  setCursor                     
20004e0f  setTextSize                   
20004e2f  setTextColor                  
20004e47  setTextWrap                   
20004e5b  width                         
20004e5f  height                        
20004e81  writeCommand                  
20004eb1  writeData                     
20004ee1  Adafruit_Init                 
20005013  goTo                          
20005057  Color565                      
20005099  fillScreen                    
200050af  fillRect                      
20005165  drawFastVLine                 
20005201  drawFastHLine                 
2000529d  drawPixel                     
200052db  invert                        
2000537f  I2C_IF_Write                  
2000542f  I2C_IF_Read                   
200054eb  I2C_IF_ReadFrom               
20005531  I2C_IF_Open                   
20005597  I2C_IF_Close                  
200055c5  main                          
200057a5  PRCMCC3200MCUInit             
2000591d  PinMuxConfig                  
20005a29  IntEnable                     
20005ad1  SPIConfigSetExpClk            
20005b71  __aeabi_memcpy                
20005b71  __aeabi_memcpy4               
20005b71  __aeabi_memcpy8               
20005b71  memcpy                        
20005c0d  PRCMPeripheralClockGet        
20005ca1  PinConfigSet                  
20005d29  I2CMasterInitExpClk           
20005dad  __TI_decompress_lzss          
20005e15  PRCMPeripheralReset           
20005e6d  __TI_auto_init_nobinit_nopinit
20005eb1  PinModeSet                    
20005ef1  PRCMPeripheralClkEnable       
20005f2d  GPIODirModeSet                
20005f63  PinTypeGPIO                   
20005f93  I2CMasterErr                  
20005fc1  PRCMSysResetCauseGet          
20005fed  PRCMPeripheralClkDisable      
20006015  _c_int00_noargs               
20006039  I2CMasterSlaveAddrSet         
2000605b  SPIReset                      
2000607d  GPIOPinWrite                  
2000609d  SPIDataGet                    
200060bd  I2CMasterIntStatusEx          
200060db  SPIDataPut                    
200060f9  PinTypeI2C                    
20006115  PinTypeSPI                    
2000612f  PinTypeUART                   
20006149  I2CMasterIntEnableEx          
20006161  SPICSDisable                  
20006179  SPICSEnable                   
20006191  SPIEnable                     
200061a9  I2CMasterDataPut              
200061bf  I2CMasterEnable               
200061d5  PRCMHIBRegRead                
200061eb  PRCMHIBRegWrite               
20006201  CPUcpsie                      
20006215  IntVTableBaseSet              
20006229  I2CMasterControl              
2000623b  I2CMasterIntClearEx           
2000624d  I2CMasterTimeoutSet           
2000625f  I2CMasterDataGet              
2000626d  __TI_decompress_none          
2000627b  ResetISR                      
20006289  IntMasterEnable               
20006293  UtilsDelay                    
20006299  _system_pre_init              
2000629d  C$$EXIT                       
2000629d  abort                         
20006960  __TI_static_base__            
20006974  __TI_Handler_Table_Base       
2000697c  __TI_CINIT_Base               
2000697c  __TI_Handler_Table_Limit      
20006984  __TI_CINIT_Limit              
20017000  __start___llvm_prf_cnts       
20017000  __stop___llvm_prf_cnts        
20017000  _sys_memory                   
20017800  cursor_x                      
20017804  cursor_y                      
20017808  textsize                      
2001780c  textcolor                     
20017810  textbgcolor                   
20017814  wrap                          
2002f800  __stack                       
20030000  __STACK_END                   
ffffffff  __TI_pprof_out_hndl           
ffffffff  __TI_prof_data_size           
ffffffff  __TI_prof_data_start          
ffffffff  __binit__                     
ffffffff  __c_args__                    
ffffffff  binit                         
UNDEFED   __mpu_init                    
UNDEFED   _system_post_cinit            

[114 symbols]
