<?xml version="1.0" encoding="ISO-8859-1" ?>
<link_info>
   <banner>TI ARM Linker PC v20.2.0.LTS</banner>
   <copyright>Copyright (c) 1996-2018 Texas Instruments Incorporated</copyright>
   <link_time>0x5e9be499</link_time>
   <link_errors>0x0</link_errors>
   <output_file>spi_demo.out</output_file>
   <entry_point>
      <name>_c_int00_noargs</name>
      <address>0x20007fbd</address>
   </entry_point>
   <input_file_list>
      <input_file id="fl-2">
         <path>.\</path>
         <kind>object</kind>
         <file>main.obj</file>
         <name>main.obj</name>
      </input_file>
      <input_file id="fl-3">
         <path>.\</path>
         <kind>object</kind>
         <file>pin_mux_config.obj</file>
         <name>pin_mux_config.obj</name>
      </input_file>
      <input_file id="fl-4">
         <path>.\</path>
         <kind>object</kind>
         <file>startup_ccs.obj</file>
         <name>startup_ccs.obj</name>
      </input_file>
      <input_file id="fl-5">
         <path>.\</path>
         <kind>object</kind>
         <file>uart_if.obj</file>
         <name>uart_if.obj</name>
      </input_file>
      <input_file id="fl-a">
         <kind>object</kind>
         <file>&lt;internal&gt;</file>
         <name>&lt;internal&gt;</name>
      </input_file>
      <input_file id="fl-b">
         <path>C:\TI\CC3200SDK_1.5.0\cc3200-sdk\driverlib\ccs\Release\</path>
         <kind>archive</kind>
         <file>driverlib.a</file>
         <name>gpio.obj</name>
      </input_file>
      <input_file id="fl-c">
         <path>C:\TI\CC3200SDK_1.5.0\cc3200-sdk\driverlib\ccs\Release\</path>
         <kind>archive</kind>
         <file>driverlib.a</file>
         <name>interrupt.obj</name>
      </input_file>
      <input_file id="fl-d">
         <path>C:\TI\CC3200SDK_1.5.0\cc3200-sdk\driverlib\ccs\Release\</path>
         <kind>archive</kind>
         <file>driverlib.a</file>
         <name>pin.obj</name>
      </input_file>
      <input_file id="fl-e">
         <path>C:\TI\CC3200SDK_1.5.0\cc3200-sdk\driverlib\ccs\Release\</path>
         <kind>archive</kind>
         <file>driverlib.a</file>
         <name>prcm.obj</name>
      </input_file>
      <input_file id="fl-f">
         <path>C:\TI\CC3200SDK_1.5.0\cc3200-sdk\driverlib\ccs\Release\</path>
         <kind>archive</kind>
         <file>driverlib.a</file>
         <name>spi.obj</name>
      </input_file>
      <input_file id="fl-10">
         <path>C:\TI\CC3200SDK_1.5.0\cc3200-sdk\driverlib\ccs\Release\</path>
         <kind>archive</kind>
         <file>driverlib.a</file>
         <name>uart.obj</name>
      </input_file>
      <input_file id="fl-11">
         <path>C:\TI\CC3200SDK_1.5.0\cc3200-sdk\driverlib\ccs\Release\</path>
         <kind>archive</kind>
         <file>driverlib.a</file>
         <name>utils.obj</name>
      </input_file>
      <input_file id="fl-12">
         <path>C:\TI\CC3200SDK_1.5.0\cc3200-sdk\driverlib\ccs\Release\</path>
         <kind>archive</kind>
         <file>driverlib.a</file>
         <name>cpu.obj</name>
      </input_file>
      <input_file id="fl-13">
         <path>C:\TI\CC3200SDK_1.5.0\cc3200-sdk\driverlib\ccs\Release\</path>
         <kind>archive</kind>
         <file>driverlib.a</file>
         <name>flash.obj</name>
      </input_file>
      <input_file id="fl-c9">
         <path>C:\TI\ccs1000\ccs\tools\compiler\ti-cgt-arm_20.2.0.LTS\lib\</path>
         <kind>archive</kind>
         <file>rtsv7M4_T_le_eabi.lib</file>
         <name>printf.c.obj</name>
      </input_file>
      <input_file id="fl-ca">
         <path>C:\TI\ccs1000\ccs\tools\compiler\ti-cgt-arm_20.2.0.LTS\lib\</path>
         <kind>archive</kind>
         <file>rtsv7M4_T_le_eabi.lib</file>
         <name>_printfi.c.obj</name>
      </input_file>
      <input_file id="fl-cb">
         <path>C:\TI\ccs1000\ccs\tools\compiler\ti-cgt-arm_20.2.0.LTS\lib\</path>
         <kind>archive</kind>
         <file>rtsv7M4_T_le_eabi.lib</file>
         <name>vsnprintf.c.obj</name>
      </input_file>
      <input_file id="fl-cc">
         <path>C:\TI\ccs1000\ccs\tools\compiler\ti-cgt-arm_20.2.0.LTS\lib\</path>
         <kind>archive</kind>
         <file>rtsv7M4_T_le_eabi.lib</file>
         <name>fputc.c.obj</name>
      </input_file>
      <input_file id="fl-cd">
         <path>C:\TI\ccs1000\ccs\tools\compiler\ti-cgt-arm_20.2.0.LTS\lib\</path>
         <kind>archive</kind>
         <file>rtsv7M4_T_le_eabi.lib</file>
         <name>fputs.c.obj</name>
      </input_file>
      <input_file id="fl-ce">
         <path>C:\TI\ccs1000\ccs\tools\compiler\ti-cgt-arm_20.2.0.LTS\lib\</path>
         <kind>archive</kind>
         <file>rtsv7M4_T_le_eabi.lib</file>
         <name>_io_perm.c.obj</name>
      </input_file>
      <input_file id="fl-cf">
         <path>C:\TI\ccs1000\ccs\tools\compiler\ti-cgt-arm_20.2.0.LTS\lib\</path>
         <kind>archive</kind>
         <file>rtsv7M4_T_le_eabi.lib</file>
         <name>setvbuf.c.obj</name>
      </input_file>
      <input_file id="fl-d0">
         <path>C:\TI\ccs1000\ccs\tools\compiler\ti-cgt-arm_20.2.0.LTS\lib\</path>
         <kind>archive</kind>
         <file>rtsv7M4_T_le_eabi.lib</file>
         <name>fd_add_t2.asm.obj</name>
      </input_file>
      <input_file id="fl-d1">
         <path>C:\TI\ccs1000\ccs\tools\compiler\ti-cgt-arm_20.2.0.LTS\lib\</path>
         <kind>archive</kind>
         <file>rtsv7M4_T_le_eabi.lib</file>
         <name>fd_cmp_t2.asm.obj</name>
      </input_file>
      <input_file id="fl-d2">
         <path>C:\TI\ccs1000\ccs\tools\compiler\ti-cgt-arm_20.2.0.LTS\lib\</path>
         <kind>archive</kind>
         <file>rtsv7M4_T_le_eabi.lib</file>
         <name>fd_div_t2.asm.obj</name>
      </input_file>
      <input_file id="fl-d3">
         <path>C:\TI\ccs1000\ccs\tools\compiler\ti-cgt-arm_20.2.0.LTS\lib\</path>
         <kind>archive</kind>
         <file>rtsv7M4_T_le_eabi.lib</file>
         <name>fd_mul_t2.asm.obj</name>
      </input_file>
      <input_file id="fl-d4">
         <path>C:\TI\ccs1000\ccs\tools\compiler\ti-cgt-arm_20.2.0.LTS\lib\</path>
         <kind>archive</kind>
         <file>rtsv7M4_T_le_eabi.lib</file>
         <name>fd_toi_t2.asm.obj</name>
      </input_file>
      <input_file id="fl-d5">
         <path>C:\TI\ccs1000\ccs\tools\compiler\ti-cgt-arm_20.2.0.LTS\lib\</path>
         <kind>archive</kind>
         <file>rtsv7M4_T_le_eabi.lib</file>
         <name>i_tofd_t2.asm.obj</name>
      </input_file>
      <input_file id="fl-d6">
         <path>C:\TI\ccs1000\ccs\tools\compiler\ti-cgt-arm_20.2.0.LTS\lib\</path>
         <kind>archive</kind>
         <file>rtsv7M4_T_le_eabi.lib</file>
         <name>memcpy_t2.asm.obj</name>
      </input_file>
      <input_file id="fl-d7">
         <path>C:\TI\ccs1000\ccs\tools\compiler\ti-cgt-arm_20.2.0.LTS\lib\</path>
         <kind>archive</kind>
         <file>rtsv7M4_T_le_eabi.lib</file>
         <name>memset_t2.asm.obj</name>
      </input_file>
      <input_file id="fl-d8">
         <path>C:\TI\ccs1000\ccs\tools\compiler\ti-cgt-arm_20.2.0.LTS\lib\</path>
         <kind>archive</kind>
         <file>rtsv7M4_T_le_eabi.lib</file>
         <name>ull_div_t2.asm.obj</name>
      </input_file>
      <input_file id="fl-d9">
         <path>C:\TI\ccs1000\ccs\tools\compiler\ti-cgt-arm_20.2.0.LTS\lib\</path>
         <kind>archive</kind>
         <file>rtsv7M4_T_le_eabi.lib</file>
         <name>copy_zero_init.c.obj</name>
      </input_file>
      <input_file id="fl-da">
         <path>C:\TI\ccs1000\ccs\tools\compiler\ti-cgt-arm_20.2.0.LTS\lib\</path>
         <kind>archive</kind>
         <file>rtsv7M4_T_le_eabi.lib</file>
         <name>copy_decompress_none.c.obj</name>
      </input_file>
      <input_file id="fl-db">
         <path>C:\TI\ccs1000\ccs\tools\compiler\ti-cgt-arm_20.2.0.LTS\lib\</path>
         <kind>archive</kind>
         <file>rtsv7M4_T_le_eabi.lib</file>
         <name>copy_decompress_lzss.c.obj</name>
      </input_file>
      <input_file id="fl-dc">
         <path>C:\TI\ccs1000\ccs\tools\compiler\ti-cgt-arm_20.2.0.LTS\lib\</path>
         <kind>archive</kind>
         <file>rtsv7M4_T_le_eabi.lib</file>
         <name>exit.c.obj</name>
      </input_file>
      <input_file id="fl-dd">
         <path>C:\TI\ccs1000\ccs\tools\compiler\ti-cgt-arm_20.2.0.LTS\lib\</path>
         <kind>archive</kind>
         <file>rtsv7M4_T_le_eabi.lib</file>
         <name>_lock.c.obj</name>
      </input_file>
      <input_file id="fl-de">
         <path>C:\TI\ccs1000\ccs\tools\compiler\ti-cgt-arm_20.2.0.LTS\lib\</path>
         <kind>archive</kind>
         <file>rtsv7M4_T_le_eabi.lib</file>
         <name>_ltoa.c.obj</name>
      </input_file>
      <input_file id="fl-df">
         <path>C:\TI\ccs1000\ccs\tools\compiler\ti-cgt-arm_20.2.0.LTS\lib\</path>
         <kind>archive</kind>
         <file>rtsv7M4_T_le_eabi.lib</file>
         <name>atoi.c.obj</name>
      </input_file>
      <input_file id="fl-e0">
         <path>C:\TI\ccs1000\ccs\tools\compiler\ti-cgt-arm_20.2.0.LTS\lib\</path>
         <kind>archive</kind>
         <file>rtsv7M4_T_le_eabi.lib</file>
         <name>ctype.c.obj</name>
      </input_file>
      <input_file id="fl-e1">
         <path>C:\TI\ccs1000\ccs\tools\compiler\ti-cgt-arm_20.2.0.LTS\lib\</path>
         <kind>archive</kind>
         <file>rtsv7M4_T_le_eabi.lib</file>
         <name>defs.c.obj</name>
      </input_file>
      <input_file id="fl-e2">
         <path>C:\TI\ccs1000\ccs\tools\compiler\ti-cgt-arm_20.2.0.LTS\lib\</path>
         <kind>archive</kind>
         <file>rtsv7M4_T_le_eabi.lib</file>
         <name>memccpy.c.obj</name>
      </input_file>
      <input_file id="fl-e3">
         <path>C:\TI\ccs1000\ccs\tools\compiler\ti-cgt-arm_20.2.0.LTS\lib\</path>
         <kind>archive</kind>
         <file>rtsv7M4_T_le_eabi.lib</file>
         <name>memchr.c.obj</name>
      </input_file>
      <input_file id="fl-e4">
         <path>C:\TI\ccs1000\ccs\tools\compiler\ti-cgt-arm_20.2.0.LTS\lib\</path>
         <kind>archive</kind>
         <file>rtsv7M4_T_le_eabi.lib</file>
         <name>memmov.c.obj</name>
      </input_file>
      <input_file id="fl-e5">
         <path>C:\TI\ccs1000\ccs\tools\compiler\ti-cgt-arm_20.2.0.LTS\lib\</path>
         <kind>archive</kind>
         <file>rtsv7M4_T_le_eabi.lib</file>
         <name>memory.c.obj</name>
      </input_file>
      <input_file id="fl-e6">
         <path>C:\TI\ccs1000\ccs\tools\compiler\ti-cgt-arm_20.2.0.LTS\lib\</path>
         <kind>archive</kind>
         <file>rtsv7M4_T_le_eabi.lib</file>
         <name>strchr.c.obj</name>
      </input_file>
      <input_file id="fl-e7">
         <path>C:\TI\ccs1000\ccs\tools\compiler\ti-cgt-arm_20.2.0.LTS\lib\</path>
         <kind>archive</kind>
         <file>rtsv7M4_T_le_eabi.lib</file>
         <name>strlen.c.obj</name>
      </input_file>
      <input_file id="fl-e8">
         <path>C:\TI\ccs1000\ccs\tools\compiler\ti-cgt-arm_20.2.0.LTS\lib\</path>
         <kind>archive</kind>
         <file>rtsv7M4_T_le_eabi.lib</file>
         <name>write.c.obj</name>
      </input_file>
      <input_file id="fl-e9">
         <path>C:\TI\ccs1000\ccs\tools\compiler\ti-cgt-arm_20.2.0.LTS\lib\</path>
         <kind>archive</kind>
         <file>rtsv7M4_T_le_eabi.lib</file>
         <name>host_device.c.obj</name>
      </input_file>
      <input_file id="fl-ea">
         <path>C:\TI\ccs1000\ccs\tools\compiler\ti-cgt-arm_20.2.0.LTS\lib\</path>
         <kind>archive</kind>
         <file>rtsv7M4_T_le_eabi.lib</file>
         <name>errno.c.obj</name>
      </input_file>
      <input_file id="fl-eb">
         <path>C:\TI\ccs1000\ccs\tools\compiler\ti-cgt-arm_20.2.0.LTS\lib\</path>
         <kind>archive</kind>
         <file>rtsv7M4_T_le_eabi.lib</file>
         <name>boot_cortex_m.c.obj</name>
      </input_file>
      <input_file id="fl-ec">
         <path>C:\TI\ccs1000\ccs\tools\compiler\ti-cgt-arm_20.2.0.LTS\lib\</path>
         <kind>archive</kind>
         <file>rtsv7M4_T_le_eabi.lib</file>
         <name>s_frexp.c.obj</name>
      </input_file>
      <input_file id="fl-ed">
         <path>C:\TI\ccs1000\ccs\tools\compiler\ti-cgt-arm_20.2.0.LTS\lib\</path>
         <kind>archive</kind>
         <file>rtsv7M4_T_le_eabi.lib</file>
         <name>s_scalbn.c.obj</name>
      </input_file>
      <input_file id="fl-ee">
         <path>C:\TI\ccs1000\ccs\tools\compiler\ti-cgt-arm_20.2.0.LTS\lib\</path>
         <kind>archive</kind>
         <file>rtsv7M4_T_le_eabi.lib</file>
         <name>s_copysign.c.obj</name>
      </input_file>
      <input_file id="fl-ef">
         <path>C:\TI\ccs1000\ccs\tools\compiler\ti-cgt-arm_20.2.0.LTS\lib\</path>
         <kind>archive</kind>
         <file>rtsv7M4_T_le_eabi.lib</file>
         <name>wcslen.c.obj</name>
      </input_file>
      <input_file id="fl-f0">
         <path>C:\TI\ccs1000\ccs\tools\compiler\ti-cgt-arm_20.2.0.LTS\lib\</path>
         <kind>archive</kind>
         <file>rtsv7M4_T_le_eabi.lib</file>
         <name>fflush.c.obj</name>
      </input_file>
      <input_file id="fl-f1">
         <path>C:\TI\ccs1000\ccs\tools\compiler\ti-cgt-arm_20.2.0.LTS\lib\</path>
         <kind>archive</kind>
         <file>rtsv7M4_T_le_eabi.lib</file>
         <name>fopen.c.obj</name>
      </input_file>
      <input_file id="fl-f2">
         <path>C:\TI\ccs1000\ccs\tools\compiler\ti-cgt-arm_20.2.0.LTS\lib\</path>
         <kind>archive</kind>
         <file>rtsv7M4_T_le_eabi.lib</file>
         <name>fseek.c.obj</name>
      </input_file>
      <input_file id="fl-f3">
         <path>C:\TI\ccs1000\ccs\tools\compiler\ti-cgt-arm_20.2.0.LTS\lib\</path>
         <kind>archive</kind>
         <file>rtsv7M4_T_le_eabi.lib</file>
         <name>div0.asm.obj</name>
      </input_file>
      <input_file id="fl-f4">
         <path>C:\TI\ccs1000\ccs\tools\compiler\ti-cgt-arm_20.2.0.LTS\lib\</path>
         <kind>archive</kind>
         <file>rtsv7M4_T_le_eabi.lib</file>
         <name>autoinit.c.obj</name>
      </input_file>
      <input_file id="fl-f5">
         <path>C:\TI\ccs1000\ccs\tools\compiler\ti-cgt-arm_20.2.0.LTS\lib\</path>
         <kind>archive</kind>
         <file>rtsv7M4_T_le_eabi.lib</file>
         <name>pre_init.c.obj</name>
      </input_file>
      <input_file id="fl-f6">
         <path>C:\TI\ccs1000\ccs\tools\compiler\ti-cgt-arm_20.2.0.LTS\lib\</path>
         <kind>archive</kind>
         <file>rtsv7M4_T_le_eabi.lib</file>
         <name>cpy_tbl.c.obj</name>
      </input_file>
      <input_file id="fl-f7">
         <path>C:\TI\ccs1000\ccs\tools\compiler\ti-cgt-arm_20.2.0.LTS\lib\</path>
         <kind>archive</kind>
         <file>rtsv7M4_T_le_eabi.lib</file>
         <name>args_main.c.obj</name>
      </input_file>
      <input_file id="fl-f8">
         <path>C:\TI\ccs1000\ccs\tools\compiler\ti-cgt-arm_20.2.0.LTS\lib\</path>
         <kind>archive</kind>
         <file>rtsv7M4_T_le_eabi.lib</file>
         <name>hostclose.c.obj</name>
      </input_file>
      <input_file id="fl-f9">
         <path>C:\TI\ccs1000\ccs\tools\compiler\ti-cgt-arm_20.2.0.LTS\lib\</path>
         <kind>archive</kind>
         <file>rtsv7M4_T_le_eabi.lib</file>
         <name>hostlseek.c.obj</name>
      </input_file>
      <input_file id="fl-fa">
         <path>C:\TI\ccs1000\ccs\tools\compiler\ti-cgt-arm_20.2.0.LTS\lib\</path>
         <kind>archive</kind>
         <file>rtsv7M4_T_le_eabi.lib</file>
         <name>hostopen.c.obj</name>
      </input_file>
      <input_file id="fl-fb">
         <path>C:\TI\ccs1000\ccs\tools\compiler\ti-cgt-arm_20.2.0.LTS\lib\</path>
         <kind>archive</kind>
         <file>rtsv7M4_T_le_eabi.lib</file>
         <name>hostread.c.obj</name>
      </input_file>
      <input_file id="fl-fc">
         <path>C:\TI\ccs1000\ccs\tools\compiler\ti-cgt-arm_20.2.0.LTS\lib\</path>
         <kind>archive</kind>
         <file>rtsv7M4_T_le_eabi.lib</file>
         <name>hostrename.c.obj</name>
      </input_file>
      <input_file id="fl-fd">
         <path>C:\TI\ccs1000\ccs\tools\compiler\ti-cgt-arm_20.2.0.LTS\lib\</path>
         <kind>archive</kind>
         <file>rtsv7M4_T_le_eabi.lib</file>
         <name>hostunlink.c.obj</name>
      </input_file>
      <input_file id="fl-fe">
         <path>C:\TI\ccs1000\ccs\tools\compiler\ti-cgt-arm_20.2.0.LTS\lib\</path>
         <kind>archive</kind>
         <file>rtsv7M4_T_le_eabi.lib</file>
         <name>hostwrite.c.obj</name>
      </input_file>
      <input_file id="fl-ff">
         <path>C:\TI\ccs1000\ccs\tools\compiler\ti-cgt-arm_20.2.0.LTS\lib\</path>
         <kind>archive</kind>
         <file>rtsv7M4_T_le_eabi.lib</file>
         <name>trgmsg.c.obj</name>
      </input_file>
      <input_file id="fl-100">
         <path>C:\TI\ccs1000\ccs\tools\compiler\ti-cgt-arm_20.2.0.LTS\lib\</path>
         <kind>archive</kind>
         <file>rtsv7M4_T_le_eabi.lib</file>
         <name>open.c.obj</name>
      </input_file>
      <input_file id="fl-101">
         <path>C:\TI\ccs1000\ccs\tools\compiler\ti-cgt-arm_20.2.0.LTS\lib\</path>
         <kind>archive</kind>
         <file>rtsv7M4_T_le_eabi.lib</file>
         <name>lseek.c.obj</name>
      </input_file>
      <input_file id="fl-102">
         <path>C:\TI\ccs1000\ccs\tools\compiler\ti-cgt-arm_20.2.0.LTS\lib\</path>
         <kind>archive</kind>
         <file>rtsv7M4_T_le_eabi.lib</file>
         <name>fclose.c.obj</name>
      </input_file>
      <input_file id="fl-103">
         <path>C:\TI\ccs1000\ccs\tools\compiler\ti-cgt-arm_20.2.0.LTS\lib\</path>
         <kind>archive</kind>
         <file>rtsv7M4_T_le_eabi.lib</file>
         <name>getdevice.c.obj</name>
      </input_file>
      <input_file id="fl-104">
         <path>C:\TI\ccs1000\ccs\tools\compiler\ti-cgt-arm_20.2.0.LTS\lib\</path>
         <kind>archive</kind>
         <file>rtsv7M4_T_le_eabi.lib</file>
         <name>strcmp.c.obj</name>
      </input_file>
      <input_file id="fl-105">
         <path>C:\TI\ccs1000\ccs\tools\compiler\ti-cgt-arm_20.2.0.LTS\lib\</path>
         <kind>archive</kind>
         <file>rtsv7M4_T_le_eabi.lib</file>
         <name>strcpy.c.obj</name>
      </input_file>
      <input_file id="fl-106">
         <path>C:\TI\ccs1000\ccs\tools\compiler\ti-cgt-arm_20.2.0.LTS\lib\</path>
         <kind>archive</kind>
         <file>rtsv7M4_T_le_eabi.lib</file>
         <name>strncpy.c.obj</name>
      </input_file>
      <input_file id="fl-107">
         <path>C:\TI\ccs1000\ccs\tools\compiler\ti-cgt-arm_20.2.0.LTS\lib\</path>
         <kind>archive</kind>
         <file>rtsv7M4_T_le_eabi.lib</file>
         <name>remove.c.obj</name>
      </input_file>
      <input_file id="fl-108">
         <path>C:\TI\ccs1000\ccs\tools\compiler\ti-cgt-arm_20.2.0.LTS\lib\</path>
         <kind>archive</kind>
         <file>rtsv7M4_T_le_eabi.lib</file>
         <name>close.c.obj</name>
      </input_file>
      <input_file id="fl-109">
         <path>C:\TI\ccs1000\ccs\tools\compiler\ti-cgt-arm_20.2.0.LTS\lib\</path>
         <kind>archive</kind>
         <file>rtsv7M4_T_le_eabi.lib</file>
         <name>unlink.c.obj</name>
      </input_file>
   </input_file_list>
   <object_component_list>
      <object_component id="oc-12">
         <name>.intvecs</name>
         <load_address>0x20004000</load_address>
         <run_address>0x20004000</run_address>
         <size>0x400</size>
         <input_file_ref idref="fl-4"/>
      </object_component>
      <object_component id="oc-212">
         <name>.text:__TI_printfi</name>
         <load_address>0x20004400</load_address>
         <run_address>0x20004400</run_address>
         <size>0xa4e</size>
         <input_file_ref idref="fl-ca"/>
      </object_component>
      <object_component id="oc-348">
         <name>.text:_nop</name>
         <load_address>0x20004e4e</load_address>
         <run_address>0x20004e4e</run_address>
         <size>0x2</size>
         <input_file_ref idref="fl-dd"/>
      </object_component>
      <object_component id="oc-97">
         <name>.text</name>
         <load_address>0x20004e50</load_address>
         <run_address>0x20004e50</run_address>
         <size>0x39c</size>
         <input_file_ref idref="fl-2"/>
      </object_component>
      <object_component id="oc-dd">
         <name>.text</name>
         <load_address>0x200051ec</load_address>
         <run_address>0x200051ec</run_address>
         <size>0x27c</size>
         <input_file_ref idref="fl-5"/>
      </object_component>
      <object_component id="oc-324">
         <name>.text:_pconv_a</name>
         <load_address>0x20005468</load_address>
         <run_address>0x20005468</run_address>
         <size>0x268</size>
         <input_file_ref idref="fl-ca"/>
      </object_component>
      <object_component id="oc-312">
         <name>.text:_pconv_g</name>
         <load_address>0x200056d0</load_address>
         <run_address>0x200056d0</run_address>
         <size>0x1cc</size>
         <input_file_ref idref="fl-ca"/>
      </object_component>
      <object_component id="oc-3e6">
         <name>.text</name>
         <load_address>0x2000589c</load_address>
         <run_address>0x2000589c</run_address>
         <size>0x1b6</size>
         <input_file_ref idref="fl-d0"/>
      </object_component>
      <object_component id="oc-46f">
         <name>.text</name>
         <load_address>0x20005a52</load_address>
         <run_address>0x20005a52</run_address>
         <size>0x2</size>
         <input_file_ref idref="fl-f3"/>
      </object_component>
      <object_component id="oc-143">
         <name>.text:PRCMCC3200MCUInit</name>
         <load_address>0x20005a54</load_address>
         <run_address>0x20005a54</run_address>
         <size>0x178</size>
         <input_file_ref idref="fl-e"/>
      </object_component>
      <object_component id="oc-31e">
         <name>.text:_pconv_e</name>
         <load_address>0x20005bcc</load_address>
         <run_address>0x20005bcc</run_address>
         <size>0x13c</size>
         <input_file_ref idref="fl-ca"/>
      </object_component>
      <object_component id="oc-3cc">
         <name>.text</name>
         <load_address>0x20005d08</load_address>
         <run_address>0x20005d08</run_address>
         <size>0x136</size>
         <input_file_ref idref="fl-d2"/>
      </object_component>
      <object_component id="oc-3f8">
         <name>.text:fcvt</name>
         <load_address>0x20005e40</load_address>
         <run_address>0x20005e40</run_address>
         <size>0x120</size>
         <input_file_ref idref="fl-ca"/>
      </object_component>
      <object_component id="oc-356">
         <name>.text:fputs</name>
         <load_address>0x20005f60</load_address>
         <run_address>0x20005f60</run_address>
         <size>0x114</size>
         <input_file_ref idref="fl-cd"/>
      </object_component>
      <object_component id="oc-2d5">
         <name>.text:aligned_alloc</name>
         <load_address>0x20006074</load_address>
         <run_address>0x20006074</run_address>
         <size>0x108</size>
         <input_file_ref idref="fl-e5"/>
      </object_component>
      <object_component id="oc-149">
         <name>.text</name>
         <load_address>0x2000617c</load_address>
         <run_address>0x2000617c</run_address>
         <size>0x100</size>
         <input_file_ref idref="fl-3"/>
      </object_component>
      <object_component id="oc-3c7">
         <name>.text</name>
         <load_address>0x2000627c</load_address>
         <run_address>0x2000627c</run_address>
         <size>0xfc</size>
         <input_file_ref idref="fl-d3"/>
      </object_component>
      <object_component id="oc-1e3">
         <name>.text:free</name>
         <load_address>0x20006378</load_address>
         <run_address>0x20006378</run_address>
         <size>0xe4</size>
         <input_file_ref idref="fl-e5"/>
      </object_component>
      <object_component id="oc-1dd">
         <name>.text:realloc</name>
         <load_address>0x2000645c</load_address>
         <run_address>0x2000645c</run_address>
         <size>0xe4</size>
         <input_file_ref idref="fl-e5"/>
      </object_component>
      <object_component id="oc-4aa">
         <name>.text:setvbuf</name>
         <load_address>0x20006540</load_address>
         <run_address>0x20006540</run_address>
         <size>0xdc</size>
         <input_file_ref idref="fl-cf"/>
      </object_component>
      <object_component id="oc-209">
         <name>.text:SPITransfer32</name>
         <load_address>0x2000661c</load_address>
         <run_address>0x2000661c</run_address>
         <size>0xd0</size>
         <input_file_ref idref="fl-f"/>
      </object_component>
      <object_component id="oc-40c">
         <name>.text:scalbn</name>
         <load_address>0x200066ec</load_address>
         <run_address>0x200066ec</run_address>
         <size>0xd0</size>
         <input_file_ref idref="fl-ed"/>
      </object_component>
      <object_component id="oc-203">
         <name>.text:SPITransfer16</name>
         <load_address>0x200067bc</load_address>
         <run_address>0x200067bc</run_address>
         <size>0xce</size>
         <input_file_ref idref="fl-f"/>
      </object_component>
      <object_component id="oc-1fd">
         <name>.text:SPITransfer8</name>
         <load_address>0x2000688a</load_address>
         <run_address>0x2000688a</run_address>
         <size>0xb8</size>
         <input_file_ref idref="fl-f"/>
      </object_component>
      <object_component id="oc-307">
         <name>.text:_ltostr</name>
         <load_address>0x20006944</load_address>
         <run_address>0x20006944</run_address>
         <size>0xb1</size>
         <input_file_ref idref="fl-ca"/>
      </object_component>
      <object_component id="oc-13d">
         <name>.text:IntEnable</name>
         <load_address>0x200069f8</load_address>
         <run_address>0x200069f8</run_address>
         <size>0xa8</size>
         <input_file_ref idref="fl-c"/>
      </object_component>
      <object_component id="oc-ef">
         <name>.text:SPIConfigSetExpClk</name>
         <load_address>0x20006aa0</load_address>
         <run_address>0x20006aa0</run_address>
         <size>0xa0</size>
         <input_file_ref idref="fl-f"/>
      </object_component>
      <object_component id="oc-3d">
         <name>.text</name>
         <load_address>0x20006b40</load_address>
         <run_address>0x20006b40</run_address>
         <size>0x9c</size>
         <input_file_ref idref="fl-d6"/>
      </object_component>
      <object_component id="oc-3c0">
         <name>.text</name>
         <load_address>0x20006bdc</load_address>
         <run_address>0x20006bdc</run_address>
         <size>0x96</size>
         <input_file_ref idref="fl-d8"/>
      </object_component>
      <object_component id="oc-e9">
         <name>.text:PRCMPeripheralClockGet</name>
         <load_address>0x20006c74</load_address>
         <run_address>0x20006c74</run_address>
         <size>0x94</size>
         <input_file_ref idref="fl-e"/>
      </object_component>
      <object_component id="oc-35d">
         <name>.text:fputc</name>
         <load_address>0x20006d08</load_address>
         <run_address>0x20006d08</run_address>
         <size>0x8c</size>
         <input_file_ref idref="fl-cc"/>
      </object_component>
      <object_component id="oc-37d">
         <name>.text:PinConfigSet</name>
         <load_address>0x20006d94</load_address>
         <run_address>0x20006d94</run_address>
         <size>0x88</size>
         <input_file_ref idref="fl-d"/>
      </object_component>
      <object_component id="oc-101">
         <name>.text:SPITransfer</name>
         <load_address>0x20006e1c</load_address>
         <run_address>0x20006e1c</run_address>
         <size>0x88</size>
         <input_file_ref idref="fl-f"/>
      </object_component>
      <object_component id="oc-30d">
         <name>.text:__aeabi_cdcmple</name>
         <load_address>0x20006ea4</load_address>
         <run_address>0x20006ea4</run_address>
         <size>0x86</size>
         <input_file_ref idref="fl-d1"/>
      </object_component>
      <object_component id="oc-3d1">
         <name>.text:__aeabi_cdrcmple</name>
         <load_address>0x20006f2a</load_address>
         <run_address>0x20006f2a</run_address>
         <size>0x86</size>
         <input_file_ref idref="fl-d1"/>
      </object_component>
      <object_component id="oc-c5">
         <name>.text:SPIIntStatus</name>
         <load_address>0x20006fb0</load_address>
         <run_address>0x20006fb0</run_address>
         <size>0x7c</size>
         <input_file_ref idref="fl-f"/>
      </object_component>
      <object_component id="oc-8b">
         <name>.text</name>
         <load_address>0x2000702c</load_address>
         <run_address>0x2000702c</run_address>
         <size>0x7a</size>
         <input_file_ref idref="fl-d7"/>
      </object_component>
      <object_component id="oc-1b3">
         <name>.text:UARTConfigSetExpClk</name>
         <load_address>0x200070a6</load_address>
         <run_address>0x200070a6</run_address>
         <size>0x76</size>
         <input_file_ref idref="fl-10"/>
      </object_component>
      <object_component id="oc-503">
         <name>.text:__TI_closefile</name>
         <load_address>0x2000711c</load_address>
         <run_address>0x2000711c</run_address>
         <size>0x74</size>
         <input_file_ref idref="fl-102"/>
      </object_component>
      <object_component id="oc-2e2">
         <name>.text:split</name>
         <load_address>0x20007190</load_address>
         <run_address>0x20007190</run_address>
         <size>0x70</size>
         <input_file_ref idref="fl-e5"/>
      </object_component>
      <object_component id="oc-3f1">
         <name>.text:_mcpy</name>
         <load_address>0x20007200</load_address>
         <run_address>0x20007200</run_address>
         <size>0x6e</size>
         <input_file_ref idref="fl-ca"/>
      </object_component>
      <object_component id="oc-533">
         <name>.text:HOSTrename</name>
         <load_address>0x20007270</load_address>
         <run_address>0x20007270</run_address>
         <size>0x6c</size>
         <input_file_ref idref="fl-fc"/>
      </object_component>
      <object_component id="oc-527">
         <name>.text:HOSTlseek</name>
         <load_address>0x200072dc</load_address>
         <run_address>0x200072dc</run_address>
         <size>0x68</size>
         <input_file_ref idref="fl-f9"/>
      </object_component>
      <object_component id="oc-15">
         <name>.text:decompress:lzss:__TI_decompress_lzss</name>
         <load_address>0x20007344</load_address>
         <run_address>0x20007344</run_address>
         <size>0x68</size>
         <input_file_ref idref="fl-db"/>
      </object_component>
      <object_component id="oc-113">
         <name>.text:printf</name>
         <load_address>0x200073ac</load_address>
         <run_address>0x200073ac</run_address>
         <size>0x68</size>
         <input_file_ref idref="fl-c9"/>
      </object_component>
      <object_component id="oc-4a4">
         <name>.text:fseek</name>
         <load_address>0x20007414</load_address>
         <run_address>0x20007414</run_address>
         <size>0x64</size>
         <input_file_ref idref="fl-f2"/>
      </object_component>
      <object_component id="oc-438">
         <name>.text:__TI_wrt_ok</name>
         <load_address>0x20007478</load_address>
         <run_address>0x20007478</run_address>
         <size>0x62</size>
         <input_file_ref idref="fl-ce"/>
      </object_component>
      <object_component id="oc-50f">
         <name>.text:HOSTopen</name>
         <load_address>0x200074dc</load_address>
         <run_address>0x200074dc</run_address>
         <size>0x60</size>
         <input_file_ref idref="fl-fa"/>
      </object_component>
      <object_component id="oc-53f">
         <name>.text:close</name>
         <load_address>0x2000753c</load_address>
         <run_address>0x2000753c</run_address>
         <size>0x5c</size>
         <input_file_ref idref="fl-108"/>
      </object_component>
      <object_component id="oc-406">
         <name>.text:frexp</name>
         <load_address>0x20007598</load_address>
         <run_address>0x20007598</run_address>
         <size>0x5c</size>
         <input_file_ref idref="fl-ec"/>
      </object_component>
      <object_component id="oc-51b">
         <name>.text:HOSTread</name>
         <load_address>0x200075f4</load_address>
         <run_address>0x200075f4</run_address>
         <size>0x58</size>
         <input_file_ref idref="fl-fb"/>
      </object_component>
      <object_component id="oc-521">
         <name>.text:HOSTwrite</name>
         <load_address>0x2000764c</load_address>
         <run_address>0x2000764c</run_address>
         <size>0x58</size>
         <input_file_ref idref="fl-fe"/>
      </object_component>
      <object_component id="oc-155">
         <name>.text:PRCMPeripheralReset</name>
         <load_address>0x200076a4</load_address>
         <run_address>0x200076a4</run_address>
         <size>0x58</size>
         <input_file_ref idref="fl-e"/>
      </object_component>
      <object_component id="oc-318">
         <name>.text:_pconv_f</name>
         <load_address>0x200076fc</load_address>
         <run_address>0x200076fc</run_address>
         <size>0x56</size>
         <input_file_ref idref="fl-ca"/>
      </object_component>
      <object_component id="oc-3db">
         <name>.text:__TI_ltoa</name>
         <load_address>0x20007752</load_address>
         <run_address>0x20007752</run_address>
         <size>0x54</size>
         <input_file_ref idref="fl-de"/>
      </object_component>
      <object_component id="oc-3eb">
         <name>.text:_ecpy</name>
         <load_address>0x200077a6</load_address>
         <run_address>0x200077a6</run_address>
         <size>0x52</size>
         <input_file_ref idref="fl-ca"/>
      </object_component>
      <object_component id="oc-12b">
         <name>.text:SPIIntEnable</name>
         <load_address>0x200077f8</load_address>
         <run_address>0x200077f8</run_address>
         <size>0x4c</size>
         <input_file_ref idref="fl-f"/>
      </object_component>
      <object_component id="oc-22e">
         <name>.text:SPIIntNumberGet</name>
         <load_address>0x20007844</load_address>
         <run_address>0x20007844</run_address>
         <size>0x4c</size>
         <input_file_ref idref="fl-f"/>
      </object_component>
      <object_component id="oc-444">
         <name>.text:__TI_doflush</name>
         <load_address>0x20007890</load_address>
         <run_address>0x20007890</run_address>
         <size>0x4c</size>
         <input_file_ref idref="fl-f0"/>
      </object_component>
      <object_component id="oc-301">
         <name>.text:atoi</name>
         <load_address>0x200078dc</load_address>
         <run_address>0x200078dc</run_address>
         <size>0x4c</size>
         <input_file_ref idref="fl-df"/>
      </object_component>
      <object_component id="oc-cb">
         <name>.text:SPIIntClear</name>
         <load_address>0x20007928</load_address>
         <run_address>0x20007928</run_address>
         <size>0x48</size>
         <input_file_ref idref="fl-f"/>
      </object_component>
      <object_component id="oc-16b">
         <name>.text:exit</name>
         <load_address>0x20007970</load_address>
         <run_address>0x20007970</run_address>
         <size>0x48</size>
         <input_file_ref idref="fl-dc"/>
      </object_component>
      <object_component id="oc-3d6">
         <name>.text</name>
         <load_address>0x200079b8</load_address>
         <run_address>0x200079b8</run_address>
         <size>0x48</size>
         <input_file_ref idref="fl-d4"/>
      </object_component>
      <object_component id="oc-515">
         <name>.text:HOSTclose</name>
         <load_address>0x20007a00</load_address>
         <run_address>0x20007a00</run_address>
         <size>0x44</size>
         <input_file_ref idref="fl-f8"/>
      </object_component>
      <object_component id="oc-52d">
         <name>.text:HOSTunlink</name>
         <load_address>0x20007a44</load_address>
         <run_address>0x20007a44</run_address>
         <size>0x44</size>
         <input_file_ref idref="fl-fd"/>
      </object_component>
      <object_component id="oc-1a3">
         <name>.text:SPIDmaMaskGet</name>
         <load_address>0x20007a88</load_address>
         <run_address>0x20007a88</run_address>
         <size>0x44</size>
         <input_file_ref idref="fl-f"/>
      </object_component>
      <object_component id="oc-171">
         <name>.text:__TI_auto_init_nobinit_nopinit:__TI_auto_init_nobinit_nopinit</name>
         <load_address>0x20007acc</load_address>
         <run_address>0x20007acc</run_address>
         <size>0x44</size>
         <input_file_ref idref="fl-f4"/>
      </object_component>
      <object_component id="oc-574">
         <name>.text:getdevice</name>
         <load_address>0x20007b10</load_address>
         <run_address>0x20007b10</run_address>
         <size>0x44</size>
         <input_file_ref idref="fl-103"/>
      </object_component>
      <object_component id="oc-261">
         <name>.text:PinModeSet</name>
         <load_address>0x20007b54</load_address>
         <run_address>0x20007b54</run_address>
         <size>0x40</size>
         <input_file_ref idref="fl-d"/>
      </object_component>
      <object_component id="oc-1b9">
         <name>.text:vsnprintf</name>
         <load_address>0x20007b94</load_address>
         <run_address>0x20007b94</run_address>
         <size>0x40</size>
         <input_file_ref idref="fl-cb"/>
      </object_component>
      <object_component id="oc-3fe">
         <name>.text:_fcpy</name>
         <load_address>0x20007bd4</load_address>
         <run_address>0x20007bd4</run_address>
         <size>0x3e</size>
         <input_file_ref idref="fl-ca"/>
      </object_component>
      <object_component id="oc-14f">
         <name>.text:PRCMPeripheralClkEnable</name>
         <load_address>0x20007c14</load_address>
         <run_address>0x20007c14</run_address>
         <size>0x3c</size>
         <input_file_ref idref="fl-e"/>
      </object_component>
      <object_component id="oc-550">
         <name>.text:__TI_writemsg</name>
         <load_address>0x20007c50</load_address>
         <run_address>0x20007c50</run_address>
         <size>0x38</size>
         <input_file_ref idref="fl-ff"/>
      </object_component>
      <object_component id="oc-26d">
         <name>.text:GPIODirModeSet</name>
         <load_address>0x20007c88</load_address>
         <run_address>0x20007c88</run_address>
         <size>0x36</size>
         <input_file_ref idref="fl-b"/>
      </object_component>
      <object_component id="oc-596">
         <name>.text:strncpy</name>
         <load_address>0x20007cbe</load_address>
         <run_address>0x20007cbe</run_address>
         <size>0x36</size>
         <input_file_ref idref="fl-106"/>
      </object_component>
      <object_component id="oc-4da">
         <name>.text:__TI_cleanup</name>
         <load_address>0x20007cf4</load_address>
         <run_address>0x20007cf4</run_address>
         <size>0x34</size>
         <input_file_ref idref="fl-f1"/>
      </object_component>
      <object_component id="oc-556">
         <name>.text:__TI_readmsg</name>
         <load_address>0x20007d28</load_address>
         <run_address>0x20007d28</run_address>
         <size>0x34</size>
         <input_file_ref idref="fl-ff"/>
      </object_component>
      <object_component id="oc-267">
         <name>.text:PinTypeGPIO</name>
         <load_address>0x20007d5c</load_address>
         <run_address>0x20007d5c</run_address>
         <size>0x30</size>
         <input_file_ref idref="fl-d"/>
      </object_component>
      <object_component id="oc-2aa">
         <name>.text:UARTDisable</name>
         <load_address>0x20007d8c</load_address>
         <run_address>0x20007d8c</run_address>
         <size>0x30</size>
         <input_file_ref idref="fl-10"/>
      </object_component>
      <object_component id="oc-2b7">
         <name>.text:_outs</name>
         <load_address>0x20007dbc</load_address>
         <run_address>0x20007dbc</run_address>
         <size>0x30</size>
         <input_file_ref idref="fl-cb"/>
      </object_component>
      <object_component id="oc-59c">
         <name>.text:finddevice</name>
         <load_address>0x20007dec</load_address>
         <run_address>0x20007dec</run_address>
         <size>0x30</size>
         <input_file_ref idref="fl-103"/>
      </object_component>
      <object_component id="oc-3e1">
         <name>.text</name>
         <load_address>0x20007e1c</load_address>
         <run_address>0x20007e1c</run_address>
         <size>0x2e</size>
         <input_file_ref idref="fl-d5"/>
      </object_component>
      <object_component id="oc-248">
         <name>.text:PRCMSysResetCauseGet</name>
         <load_address>0x20007e4c</load_address>
         <run_address>0x20007e4c</run_address>
         <size>0x2c</size>
         <input_file_ref idref="fl-e"/>
      </object_component>
      <object_component id="oc-545">
         <name>.text:unlink</name>
         <load_address>0x20007e78</load_address>
         <run_address>0x20007e78</run_address>
         <size>0x2c</size>
         <input_file_ref idref="fl-109"/>
      </object_component>
      <object_component id="oc-d7">
         <name>.text:SPIDataGetNonBlocking</name>
         <load_address>0x20007ea4</load_address>
         <run_address>0x20007ea4</run_address>
         <size>0x2a</size>
         <input_file_ref idref="fl-f"/>
      </object_component>
      <object_component id="oc-25a">
         <name>.text:PRCMPeripheralClkDisable</name>
         <load_address>0x20007ed0</load_address>
         <run_address>0x20007ed0</run_address>
         <size>0x28</size>
         <input_file_ref idref="fl-e"/>
      </object_component>
      <object_component id="oc-2e9">
         <name>.text:free_list_insert</name>
         <load_address>0x20007ef8</load_address>
         <run_address>0x20007ef8</run_address>
         <size>0x28</size>
         <input_file_ref idref="fl-e5"/>
      </object_component>
      <object_component id="oc-4d2">
         <name>.text:lseek</name>
         <load_address>0x20007f20</load_address>
         <run_address>0x20007f20</run_address>
         <size>0x28</size>
         <input_file_ref idref="fl-101"/>
      </object_component>
      <object_component id="oc-1d1">
         <name>.text:memmove</name>
         <load_address>0x20007f48</load_address>
         <run_address>0x20007f48</run_address>
         <size>0x28</size>
         <input_file_ref idref="fl-e4"/>
      </object_component>
      <object_component id="oc-44a">
         <name>.text:write</name>
         <load_address>0x20007f70</load_address>
         <run_address>0x20007f70</run_address>
         <size>0x28</size>
         <input_file_ref idref="fl-e8"/>
      </object_component>
      <object_component id="oc-2b0">
         <name>.text:UARTEnable</name>
         <load_address>0x20007f98</load_address>
         <run_address>0x20007f98</run_address>
         <size>0x24</size>
         <input_file_ref idref="fl-10"/>
      </object_component>
      <object_component id="oc-5b">
         <name>.text:_c_int00_noargs:_c_int00_noargs</name>
         <load_address>0x20007fbc</load_address>
         <run_address>0x20007fbc</run_address>
         <size>0x24</size>
         <input_file_ref idref="fl-eb"/>
      </object_component>
      <object_component id="oc-e3">
         <name>.text:SPIReset</name>
         <load_address>0x20007fe0</load_address>
         <run_address>0x20007fe0</run_address>
         <size>0x22</size>
         <input_file_ref idref="fl-f"/>
      </object_component>
      <object_component id="oc-234">
         <name>.text:IntRegister</name>
         <load_address>0x20008004</load_address>
         <run_address>0x20008004</run_address>
         <size>0x20</size>
         <input_file_ref idref="fl-c"/>
      </object_component>
      <object_component id="oc-119">
         <name>.text:SPIDataGet</name>
         <load_address>0x20008024</load_address>
         <run_address>0x20008024</run_address>
         <size>0x20</size>
         <input_file_ref idref="fl-f"/>
      </object_component>
      <object_component id="oc-43e">
         <name>.text:memchr</name>
         <load_address>0x20008044</load_address>
         <run_address>0x20008044</run_address>
         <size>0x20</size>
         <input_file_ref idref="fl-e3"/>
      </object_component>
      <object_component id="oc-d1">
         <name>.text:SPIDataPut</name>
         <load_address>0x20008064</load_address>
         <run_address>0x20008064</run_address>
         <size>0x1e</size>
         <input_file_ref idref="fl-f"/>
      </object_component>
      <object_component id="oc-125">
         <name>.text:SPIIntRegister</name>
         <load_address>0x20008082</load_address>
         <run_address>0x20008082</run_address>
         <size>0x1e</size>
         <input_file_ref idref="fl-f"/>
      </object_component>
      <object_component id="oc-10d">
         <name>.text:UARTCharPut</name>
         <load_address>0x200080a0</load_address>
         <run_address>0x200080a0</run_address>
         <size>0x1e</size>
         <input_file_ref idref="fl-10"/>
      </object_component>
      <object_component id="oc-1c5">
         <name>.text:UARTCharGetNonBlocking</name>
         <load_address>0x200080be</load_address>
         <run_address>0x200080be</run_address>
         <size>0x1c</size>
         <input_file_ref idref="fl-10"/>
      </object_component>
      <object_component id="oc-49">
         <name>.text:decompress:ZI:__TI_zero_init_nomemset:__TI_zero_init_nomemset</name>
         <load_address>0x200080da</load_address>
         <run_address>0x200080da</run_address>
         <size>0x1c</size>
         <input_file_ref idref="fl-d9"/>
      </object_component>
      <object_component id="oc-2dc">
         <name>.text:free_list_remove</name>
         <load_address>0x200080f8</load_address>
         <run_address>0x200080f8</run_address>
         <size>0x1c</size>
         <input_file_ref idref="fl-e5"/>
      </object_component>
      <object_component id="oc-32a">
         <name>.text:memccpy</name>
         <load_address>0x20008114</load_address>
         <run_address>0x20008114</run_address>
         <size>0x1c</size>
         <input_file_ref idref="fl-e2"/>
      </object_component>
      <object_component id="oc-273">
         <name>.text:PinTypeSPI</name>
         <load_address>0x20008130</load_address>
         <run_address>0x20008130</run_address>
         <size>0x1a</size>
         <input_file_ref idref="fl-d"/>
      </object_component>
      <object_component id="oc-11f">
         <name>.text:SPICSDisable</name>
         <load_address>0x2000814a</load_address>
         <run_address>0x2000814a</run_address>
         <size>0x18</size>
         <input_file_ref idref="fl-f"/>
      </object_component>
      <object_component id="oc-107">
         <name>.text:SPICSEnable</name>
         <load_address>0x20008162</load_address>
         <run_address>0x20008162</run_address>
         <size>0x18</size>
         <input_file_ref idref="fl-f"/>
      </object_component>
      <object_component id="oc-f5">
         <name>.text:SPIEnable</name>
         <load_address>0x2000817a</load_address>
         <run_address>0x2000817a</run_address>
         <size>0x18</size>
         <input_file_ref idref="fl-f"/>
      </object_component>
      <object_component id="oc-1bf">
         <name>.text:UARTCharsAvail</name>
         <load_address>0x20008192</load_address>
         <run_address>0x20008192</run_address>
         <size>0x18</size>
         <input_file_ref idref="fl-10"/>
      </object_component>
      <object_component id="oc-2bd">
         <name>.text:_outc</name>
         <load_address>0x200081aa</load_address>
         <run_address>0x200081aa</run_address>
         <size>0x18</size>
         <input_file_ref idref="fl-cb"/>
      </object_component>
      <object_component id="oc-5b3">
         <name>.text:strcmp</name>
         <load_address>0x200081c2</load_address>
         <run_address>0x200081c2</run_address>
         <size>0x18</size>
         <input_file_ref idref="fl-104"/>
      </object_component>
      <object_component id="oc-24e">
         <name>.text:PRCMHIBRegRead</name>
         <load_address>0x200081da</load_address>
         <run_address>0x200081da</run_address>
         <size>0x16</size>
         <input_file_ref idref="fl-e"/>
      </object_component>
      <object_component id="oc-254">
         <name>.text:PRCMHIBRegWrite</name>
         <load_address>0x200081f0</load_address>
         <run_address>0x200081f0</run_address>
         <size>0x16</size>
         <input_file_ref idref="fl-e"/>
      </object_component>
      <object_component id="oc-fb">
         <name>.text:UARTCharGet</name>
         <load_address>0x20008206</load_address>
         <run_address>0x20008206</run_address>
         <size>0x16</size>
         <input_file_ref idref="fl-10"/>
      </object_component>
      <object_component id="oc-412">
         <name>.text:strchr</name>
         <load_address>0x2000821c</load_address>
         <run_address>0x2000821c</run_address>
         <size>0x16</size>
         <input_file_ref idref="fl-e6"/>
      </object_component>
      <object_component id="oc-23d">
         <name>.text:CPUcpsie</name>
         <load_address>0x20008232</load_address>
         <run_address>0x20008232</run_address>
         <size>0x14</size>
         <input_file_ref idref="fl-12"/>
      </object_component>
      <object_component id="oc-131">
         <name>.text:IntVTableBaseSet</name>
         <load_address>0x20008248</load_address>
         <run_address>0x20008248</run_address>
         <size>0x14</size>
         <input_file_ref idref="fl-c"/>
      </object_component>
      <object_component id="oc-56a">
         <name>.text:strcpy</name>
         <load_address>0x2000825c</load_address>
         <run_address>0x2000825c</run_address>
         <size>0x14</size>
         <input_file_ref idref="fl-105"/>
      </object_component>
      <object_component id="oc-1cb">
         <name>.text:strlen</name>
         <load_address>0x20008270</load_address>
         <run_address>0x20008270</run_address>
         <size>0x14</size>
         <input_file_ref idref="fl-e7"/>
      </object_component>
      <object_component id="oc-330">
         <name>.text:wcslen</name>
         <load_address>0x20008284</load_address>
         <run_address>0x20008284</run_address>
         <size>0x12</size>
         <input_file_ref idref="fl-ef"/>
      </object_component>
      <object_component id="oc-1b">
         <name>.text:decompress:none:__TI_decompress_none</name>
         <load_address>0x20008296</load_address>
         <run_address>0x20008296</run_address>
         <size>0xe</size>
         <input_file_ref idref="fl-da"/>
      </object_component>
      <object_component id="oc-29">
         <name>.text</name>
         <load_address>0x200082a4</load_address>
         <run_address>0x200082a4</run_address>
         <size>0xe</size>
         <input_file_ref idref="fl-4"/>
      </object_component>
      <object_component id="oc-488">
         <name>.text:copysign</name>
         <load_address>0x200082b2</load_address>
         <run_address>0x200082b2</run_address>
         <size>0xc</size>
         <input_file_ref idref="fl-ee"/>
      </object_component>
      <object_component id="oc-137">
         <name>.text:IntMasterEnable</name>
         <load_address>0x200082be</load_address>
         <run_address>0x200082be</run_address>
         <size>0xa</size>
         <input_file_ref idref="fl-c"/>
      </object_component>
      <object_component id="oc-336">
         <name>.text:__aeabi_errno_addr</name>
         <load_address>0x200082c8</load_address>
         <run_address>0x200082c8</run_address>
         <size>0x8</size>
         <input_file_ref idref="fl-ea"/>
      </object_component>
      <object_component id="oc-1d7">
         <name>.text:malloc</name>
         <load_address>0x200082d0</load_address>
         <run_address>0x200082d0</run_address>
         <size>0x8</size>
         <input_file_ref idref="fl-e5"/>
      </object_component>
      <object_component id="oc-375">
         <name>.text:UtilsDelay</name>
         <load_address>0x200082d8</load_address>
         <run_address>0x200082d8</run_address>
         <size>0x6</size>
         <input_file_ref idref="fl-11"/>
      </object_component>
      <object_component id="oc-224">
         <name>.text:_outc</name>
         <load_address>0x200082de</load_address>
         <run_address>0x200082de</run_address>
         <size>0x4</size>
         <input_file_ref idref="fl-c9"/>
      </object_component>
      <object_component id="oc-21e">
         <name>.text:_outs</name>
         <load_address>0x200082e2</load_address>
         <run_address>0x200082e2</run_address>
         <size>0x4</size>
         <input_file_ref idref="fl-c9"/>
      </object_component>
      <object_component id="oc-91">
         <name>.text:_system_pre_init</name>
         <load_address>0x200082e6</load_address>
         <run_address>0x200082e6</run_address>
         <size>0x4</size>
         <input_file_ref idref="fl-f5"/>
      </object_component>
      <object_component id="oc-165">
         <name>.text:abort:abort</name>
         <load_address>0x200082ea</load_address>
         <run_address>0x200082ea</run_address>
         <size>0x4</size>
         <input_file_ref idref="fl-dc"/>
      </object_component>
      <object_component id="oc-3bb">
         <name>.const:.string:_ctypes_</name>
         <load_address>0x200082f0</load_address>
         <run_address>0x200082f0</run_address>
         <size>0x101</size>
         <input_file_ref idref="fl-e0"/>
      </object_component>
      <object_component id="oc-379">
         <name>.const:g_ulPinToPadMap</name>
         <load_address>0x200083f4</load_address>
         <run_address>0x200083f4</run_address>
         <size>0x100</size>
         <input_file_ref idref="fl-d"/>
      </object_component>
      <object_component id="oc-27a">
         <name>.const:PRCM_PeriphRegsList</name>
         <load_address>0x200084f4</load_address>
         <run_address>0x200084f4</run_address>
         <size>0xa8</size>
         <input_file_ref idref="fl-e"/>
      </object_component>
      <object_component id="oc-36b">
         <name>.const:g_ppulSPIIntMap</name>
         <load_address>0x2000859c</load_address>
         <run_address>0x2000859c</run_address>
         <size>0x24</size>
         <input_file_ref idref="fl-f"/>
      </object_component>
      <object_component id="oc-244">
         <name>.const:g_pulEnRegs</name>
         <load_address>0x200085c0</load_address>
         <run_address>0x200085c0</run_address>
         <size>0x18</size>
         <input_file_ref idref="fl-c"/>
      </object_component>
      <object_component id="oc-2a4">
         <name>.const:g_ulSPIDmaMaskMap</name>
         <load_address>0x200085d8</load_address>
         <run_address>0x200085d8</run_address>
         <size>0x18</size>
         <input_file_ref idref="fl-f"/>
      </object_component>
      <object_component id="oc-5ed">
         <name>.cinit..data.load</name>
         <load_address>0x200085f0</load_address>
         <run_address>0x200085f0</run_address>
         <size>0x6f</size>
      </object_component>
      <object_component id="oc-5eb">
         <name>__TI_handler_table</name>
         <load_address>0x20008660</load_address>
         <run_address>0x20008660</run_address>
         <size>0xc</size>
      </object_component>
      <object_component id="oc-5ee">
         <name>.cinit..bss.load</name>
         <load_address>0x20008670</load_address>
         <run_address>0x20008670</run_address>
         <size>0x8</size>
      </object_component>
      <object_component id="oc-5ec">
         <name>__TI_cinit_table</name>
         <load_address>0x20008678</load_address>
         <run_address>0x20008678</run_address>
         <size>0x10</size>
      </object_component>
      <object_component id="oc-288">
         <name>.data:$O1$$</name>
         <load_address>0x20017c60</load_address>
         <run_address>0x20017c60</run_address>
         <size>0xc</size>
         <input_file_ref idref="fl-dc"/>
      </object_component>
      <object_component id="oc-218">
         <name>.data:$O1$$</name>
         <load_address>0x20017c6c</load_address>
         <run_address>0x20017c6c</run_address>
         <size>0x8</size>
         <input_file_ref idref="fl-dd"/>
      </object_component>
      <object_component id="oc-21b">
         <name>.data:_ftable</name>
         <load_address>0x20017a98</load_address>
         <run_address>0x20017a98</run_address>
         <size>0xf0</size>
         <input_file_ref idref="fl-e1"/>
      </object_component>
      <object_component id="oc-509">
         <name>.data</name>
         <load_address>0x20017c50</load_address>
         <run_address>0x20017c50</run_address>
         <size>0x10</size>
         <input_file_ref idref="fl-e1"/>
      </object_component>
      <object_component id="oc-3b4">
         <name>.data:$O1$$</name>
         <load_address>0x20017c74</load_address>
         <run_address>0x20017c74</run_address>
         <size>0x8</size>
         <input_file_ref idref="fl-e5"/>
      </object_component>
      <object_component id="oc-4ed">
         <name>.data:_device</name>
         <load_address>0x20017b88</load_address>
         <run_address>0x20017b88</run_address>
         <size>0x78</size>
         <input_file_ref idref="fl-e9"/>
      </object_component>
      <object_component id="oc-4b6">
         <name>.data:_stream</name>
         <load_address>0x20017c00</load_address>
         <run_address>0x20017c00</run_address>
         <size>0x50</size>
         <input_file_ref idref="fl-e9"/>
      </object_component>
      <object_component id="oc-422">
         <name>.data</name>
         <load_address>0x20017c7c</load_address>
         <run_address>0x20017c7c</run_address>
         <size>0x4</size>
         <input_file_ref idref="fl-ea"/>
      </object_component>
      <object_component id="oc-15b">
         <name>.bss:g_ucTxBuff</name>
         <uninitialized>true</uninitialized>
         <run_address>0x20017a24</run_address>
         <size>0x64</size>
         <input_file_ref idref="fl-2"/>
      </object_component>
      <object_component id="oc-161">
         <name>.bss:g_ucRxBuff</name>
         <uninitialized>true</uninitialized>
         <run_address>0x200179c0</run_address>
         <size>0x64</size>
         <input_file_ref idref="fl-2"/>
      </object_component>
      <object_component id="oc-15e">
         <name>.bss</name>
         <uninitialized>true</uninitialized>
         <run_address>0x20017a94</run_address>
         <size>0x2</size>
         <input_file_ref idref="fl-2"/>
      </object_component>
      <object_component id="oc-1e9">
         <name>.bss</name>
         <uninitialized>true</uninitialized>
         <run_address>0x20017a90</run_address>
         <size>0x4</size>
         <input_file_ref idref="fl-5"/>
      </object_component>
      <object_component id="oc-57e">
         <name>.bss:_CIOBUF_</name>
         <uninitialized>true</uninitialized>
         <run_address>0x20017800</run_address>
         <size>0x120</size>
         <input_file_ref idref="fl-ff"/>
      </object_component>
      <object_component id="oc-54b">
         <name>.common:__TI_tmpnams</name>
         <uninitialized>true</uninitialized>
         <run_address>0x20017920</run_address>
         <size>0xa0</size>
      </object_component>
      <object_component id="oc-55c">
         <name>.common:parmbuf</name>
         <uninitialized>true</uninitialized>
         <run_address>0x20017a88</run_address>
         <size>0x8</size>
      </object_component>
      <object_component id="oc-23">
         <name>.sysmem</name>
         <uninitialized>true</uninitialized>
         <run_address>0x20017000</run_address>
         <size>0x10</size>
         <input_file_ref idref="fl-e5"/>
      </object_component>
      <object_component id="oc-5f1">
         <name>.sysmem</name>
         <uninitialized>true</uninitialized>
         <run_address>0x20017000</run_address>
         <size>0x0</size>
      </object_component>
      <object_component id="oc-26">
         <name>.stack</name>
         <uninitialized>true</uninitialized>
         <run_address>0x2002f800</run_address>
         <size>0x4</size>
         <input_file_ref idref="fl-eb"/>
      </object_component>
      <object_component id="oc-5f0">
         <name>.stack</name>
         <uninitialized>true</uninitialized>
         <run_address>0x2002f800</run_address>
         <size>0x0</size>
      </object_component>
      <object_component id="oc-282">
         <name>.debug_info</name>
         <load_address>0x0</load_address>
         <run_address>0x0</run_address>
         <size>0x67b</size>
         <input_file_ref idref="fl-2"/>
      </object_component>
      <object_component id="oc-15c">
         <name>.debug_info</name>
         <load_address>0x67b</load_address>
         <run_address>0x67b</run_address>
         <size>0xdd</size>
         <input_file_ref idref="fl-2"/>
      </object_component>
      <object_component id="oc-162">
         <name>.debug_info</name>
         <load_address>0x758</load_address>
         <run_address>0x758</run_address>
         <size>0xdd</size>
         <input_file_ref idref="fl-2"/>
      </object_component>
      <object_component id="oc-15f">
         <name>.debug_info</name>
         <load_address>0x835</load_address>
         <run_address>0x835</run_address>
         <size>0x105</size>
         <input_file_ref idref="fl-2"/>
      </object_component>
      <object_component id="oc-98">
         <name>.debug_info</name>
         <load_address>0x93a</load_address>
         <run_address>0x93a</run_address>
         <size>0x5de</size>
         <input_file_ref idref="fl-2"/>
      </object_component>
      <object_component id="oc-38a">
         <name>.debug_info</name>
         <load_address>0xf18</load_address>
         <run_address>0xf18</run_address>
         <size>0x62</size>
         <input_file_ref idref="fl-2"/>
      </object_component>
      <object_component id="oc-38">
         <name>.debug_info</name>
         <load_address>0xf7a</load_address>
         <run_address>0xf7a</run_address>
         <size>0x84</size>
         <input_file_ref idref="fl-2"/>
      </object_component>
      <object_component id="oc-1aa">
         <name>.debug_info</name>
         <load_address>0xffe</load_address>
         <run_address>0xffe</run_address>
         <size>0x2c</size>
         <input_file_ref idref="fl-2"/>
      </object_component>
      <object_component id="oc-bc">
         <name>.debug_info</name>
         <load_address>0x102a</load_address>
         <run_address>0x102a</run_address>
         <size>0x2c</size>
         <input_file_ref idref="fl-2"/>
      </object_component>
      <object_component id="oc-14c">
         <name>.debug_info</name>
         <load_address>0x1056</load_address>
         <run_address>0x1056</run_address>
         <size>0x35a</size>
         <input_file_ref idref="fl-3"/>
      </object_component>
      <object_component id="oc-31">
         <name>.debug_info</name>
         <load_address>0x13b0</load_address>
         <run_address>0x13b0</run_address>
         <size>0x197</size>
         <input_file_ref idref="fl-4"/>
      </object_component>
      <object_component id="oc-13">
         <name>.debug_info</name>
         <load_address>0x1547</load_address>
         <run_address>0x1547</run_address>
         <size>0x116</size>
         <input_file_ref idref="fl-4"/>
      </object_component>
      <object_component id="oc-2a">
         <name>.debug_info</name>
         <load_address>0x165d</load_address>
         <run_address>0x165d</run_address>
         <size>0x437</size>
         <input_file_ref idref="fl-4"/>
      </object_component>
      <object_component id="oc-1ed">
         <name>.debug_info</name>
         <load_address>0x1a94</load_address>
         <run_address>0x1a94</run_address>
         <size>0x3af</size>
         <input_file_ref idref="fl-5"/>
      </object_component>
      <object_component id="oc-1ea">
         <name>.debug_info</name>
         <load_address>0x1e43</load_address>
         <run_address>0x1e43</run_address>
         <size>0xe0</size>
         <input_file_ref idref="fl-5"/>
      </object_component>
      <object_component id="oc-df">
         <name>.debug_info</name>
         <load_address>0x1f23</load_address>
         <run_address>0x1f23</run_address>
         <size>0x646</size>
         <input_file_ref idref="fl-5"/>
      </object_component>
      <object_component id="oc-2f4">
         <name>.debug_info</name>
         <load_address>0x2569</load_address>
         <run_address>0x2569</run_address>
         <size>0x26b</size>
         <input_file_ref idref="fl-5"/>
      </object_component>
      <object_component id="oc-1f3">
         <name>.debug_info</name>
         <load_address>0x27d4</load_address>
         <run_address>0x27d4</run_address>
         <size>0x110</size>
         <input_file_ref idref="fl-5"/>
      </object_component>
      <object_component id="oc-2f9">
         <name>.debug_info</name>
         <load_address>0x28e4</load_address>
         <run_address>0x28e4</run_address>
         <size>0x2a4</size>
         <input_file_ref idref="fl-5"/>
      </object_component>
      <object_component id="oc-1ee">
         <name>.debug_info</name>
         <load_address>0x2b88</load_address>
         <run_address>0x2b88</run_address>
         <size>0x2c</size>
         <input_file_ref idref="fl-5"/>
      </object_component>
      <object_component id="oc-270">
         <name>.debug_info</name>
         <load_address>0x2bb4</load_address>
         <run_address>0x2bb4</run_address>
         <size>0x1dd</size>
         <input_file_ref idref="fl-b"/>
      </object_component>
      <object_component id="oc-370">
         <name>.debug_info</name>
         <load_address>0x2d91</load_address>
         <run_address>0x2d91</run_address>
         <size>0x201</size>
         <input_file_ref idref="fl-c"/>
      </object_component>
      <object_component id="oc-245">
         <name>.debug_info</name>
         <load_address>0x2f92</load_address>
         <run_address>0x2f92</run_address>
         <size>0xf4</size>
         <input_file_ref idref="fl-c"/>
      </object_component>
      <object_component id="oc-13a">
         <name>.debug_info</name>
         <load_address>0x3086</load_address>
         <run_address>0x3086</run_address>
         <size>0x17c</size>
         <input_file_ref idref="fl-c"/>
      </object_component>
      <object_component id="oc-133">
         <name>.debug_info</name>
         <load_address>0x3202</load_address>
         <run_address>0x3202</run_address>
         <size>0x1ae</size>
         <input_file_ref idref="fl-c"/>
      </object_component>
      <object_component id="oc-235">
         <name>.debug_info</name>
         <load_address>0x33b0</load_address>
         <run_address>0x33b0</run_address>
         <size>0x1f8</size>
         <input_file_ref idref="fl-c"/>
      </object_component>
      <object_component id="oc-13e">
         <name>.debug_info</name>
         <load_address>0x35a8</load_address>
         <run_address>0x35a8</run_address>
         <size>0x19f</size>
         <input_file_ref idref="fl-c"/>
      </object_component>
      <object_component id="oc-45a">
         <name>.debug_info</name>
         <load_address>0x3747</load_address>
         <run_address>0x3747</run_address>
         <size>0x14e</size>
         <input_file_ref idref="fl-d"/>
      </object_component>
      <object_component id="oc-37a">
         <name>.debug_info</name>
         <load_address>0x3895</load_address>
         <run_address>0x3895</run_address>
         <size>0xf6</size>
         <input_file_ref idref="fl-d"/>
      </object_component>
      <object_component id="oc-262">
         <name>.debug_info</name>
         <load_address>0x398b</load_address>
         <run_address>0x398b</run_address>
         <size>0x1bf</size>
         <input_file_ref idref="fl-d"/>
      </object_component>
      <object_component id="oc-37f">
         <name>.debug_info</name>
         <load_address>0x3b4a</load_address>
         <run_address>0x3b4a</run_address>
         <size>0x20d</size>
         <input_file_ref idref="fl-d"/>
      </object_component>
      <object_component id="oc-275">
         <name>.debug_info</name>
         <load_address>0x3d57</load_address>
         <run_address>0x3d57</run_address>
         <size>0x1d2</size>
         <input_file_ref idref="fl-d"/>
      </object_component>
      <object_component id="oc-269">
         <name>.debug_info</name>
         <load_address>0x3f29</load_address>
         <run_address>0x3f29</run_address>
         <size>0x222</size>
         <input_file_ref idref="fl-d"/>
      </object_component>
      <object_component id="oc-27f">
         <name>.debug_info</name>
         <load_address>0x414b</load_address>
         <run_address>0x414b</run_address>
         <size>0x25e</size>
         <input_file_ref idref="fl-e"/>
      </object_component>
      <object_component id="oc-27b">
         <name>.debug_info</name>
         <load_address>0x43a9</load_address>
         <run_address>0x43a9</run_address>
         <size>0xff</size>
         <input_file_ref idref="fl-e"/>
      </object_component>
      <object_component id="oc-249">
         <name>.debug_info</name>
         <load_address>0x44a8</load_address>
         <run_address>0x44a8</run_address>
         <size>0x1a6</size>
         <input_file_ref idref="fl-e"/>
      </object_component>
      <object_component id="oc-150">
         <name>.debug_info</name>
         <load_address>0x464e</load_address>
         <run_address>0x464e</run_address>
         <size>0x1eb</size>
         <input_file_ref idref="fl-e"/>
      </object_component>
      <object_component id="oc-25b">
         <name>.debug_info</name>
         <load_address>0x4839</load_address>
         <run_address>0x4839</run_address>
         <size>0x1ed</size>
         <input_file_ref idref="fl-e"/>
      </object_component>
      <object_component id="oc-ea">
         <name>.debug_info</name>
         <load_address>0x4a26</load_address>
         <run_address>0x4a26</run_address>
         <size>0x216</size>
         <input_file_ref idref="fl-e"/>
      </object_component>
      <object_component id="oc-156">
         <name>.debug_info</name>
         <load_address>0x4c3c</load_address>
         <run_address>0x4c3c</run_address>
         <size>0x1c0</size>
         <input_file_ref idref="fl-e"/>
      </object_component>
      <object_component id="oc-144">
         <name>.debug_info</name>
         <load_address>0x4dfc</load_address>
         <run_address>0x4dfc</run_address>
         <size>0x283</size>
         <input_file_ref idref="fl-e"/>
      </object_component>
      <object_component id="oc-24f">
         <name>.debug_info</name>
         <load_address>0x507f</load_address>
         <run_address>0x507f</run_address>
         <size>0x1bf</size>
         <input_file_ref idref="fl-e"/>
      </object_component>
      <object_component id="oc-255">
         <name>.debug_info</name>
         <load_address>0x523e</load_address>
         <run_address>0x523e</run_address>
         <size>0x1d4</size>
         <input_file_ref idref="fl-e"/>
      </object_component>
      <object_component id="oc-1b2">
         <name>.debug_info</name>
         <load_address>0x5412</load_address>
         <run_address>0x5412</run_address>
         <size>0x232</size>
         <input_file_ref idref="fl-f"/>
      </object_component>
      <object_component id="oc-36c">
         <name>.debug_info</name>
         <load_address>0x5644</load_address>
         <run_address>0x5644</run_address>
         <size>0xf6</size>
         <input_file_ref idref="fl-f"/>
      </object_component>
      <object_component id="oc-2a5">
         <name>.debug_info</name>
         <load_address>0x573a</load_address>
         <run_address>0x573a</run_address>
         <size>0xfa</size>
         <input_file_ref idref="fl-f"/>
      </object_component>
      <object_component id="oc-1ff">
         <name>.debug_info</name>
         <load_address>0x5834</load_address>
         <run_address>0x5834</run_address>
         <size>0x2dc</size>
         <input_file_ref idref="fl-f"/>
      </object_component>
      <object_component id="oc-205">
         <name>.debug_info</name>
         <load_address>0x5b10</load_address>
         <run_address>0x5b10</run_address>
         <size>0x2df</size>
         <input_file_ref idref="fl-f"/>
      </object_component>
      <object_component id="oc-20b">
         <name>.debug_info</name>
         <load_address>0x5def</load_address>
         <run_address>0x5def</run_address>
         <size>0x2e1</size>
         <input_file_ref idref="fl-f"/>
      </object_component>
      <object_component id="oc-230">
         <name>.debug_info</name>
         <load_address>0x60d0</load_address>
         <run_address>0x60d0</run_address>
         <size>0x19c</size>
         <input_file_ref idref="fl-f"/>
      </object_component>
      <object_component id="oc-1a5">
         <name>.debug_info</name>
         <load_address>0x626c</load_address>
         <run_address>0x626c</run_address>
         <size>0x198</size>
         <input_file_ref idref="fl-f"/>
      </object_component>
      <object_component id="oc-f7">
         <name>.debug_info</name>
         <load_address>0x6404</load_address>
         <run_address>0x6404</run_address>
         <size>0x179</size>
         <input_file_ref idref="fl-f"/>
      </object_component>
      <object_component id="oc-e5">
         <name>.debug_info</name>
         <load_address>0x657d</load_address>
         <run_address>0x657d</run_address>
         <size>0x177</size>
         <input_file_ref idref="fl-f"/>
      </object_component>
      <object_component id="oc-f2">
         <name>.debug_info</name>
         <load_address>0x66f4</load_address>
         <run_address>0x66f4</run_address>
         <size>0x28e</size>
         <input_file_ref idref="fl-f"/>
      </object_component>
      <object_component id="oc-d9">
         <name>.debug_info</name>
         <load_address>0x6982</load_address>
         <run_address>0x6982</run_address>
         <size>0x1de</size>
         <input_file_ref idref="fl-f"/>
      </object_component>
      <object_component id="oc-11b">
         <name>.debug_info</name>
         <load_address>0x6b60</load_address>
         <run_address>0x6b60</run_address>
         <size>0x1aa</size>
         <input_file_ref idref="fl-f"/>
      </object_component>
      <object_component id="oc-d4">
         <name>.debug_info</name>
         <load_address>0x6d0a</load_address>
         <run_address>0x6d0a</run_address>
         <size>0x1a6</size>
         <input_file_ref idref="fl-f"/>
      </object_component>
      <object_component id="oc-127">
         <name>.debug_info</name>
         <load_address>0x6eb0</load_address>
         <run_address>0x6eb0</run_address>
         <size>0x20a</size>
         <input_file_ref idref="fl-f"/>
      </object_component>
      <object_component id="oc-12e">
         <name>.debug_info</name>
         <load_address>0x70ba</load_address>
         <run_address>0x70ba</run_address>
         <size>0x1fc</size>
         <input_file_ref idref="fl-f"/>
      </object_component>
      <object_component id="oc-c8">
         <name>.debug_info</name>
         <load_address>0x72b6</load_address>
         <run_address>0x72b6</run_address>
         <size>0x218</size>
         <input_file_ref idref="fl-f"/>
      </object_component>
      <object_component id="oc-ce">
         <name>.debug_info</name>
         <load_address>0x74ce</load_address>
         <run_address>0x74ce</run_address>
         <size>0x1fa</size>
         <input_file_ref idref="fl-f"/>
      </object_component>
      <object_component id="oc-109">
         <name>.debug_info</name>
         <load_address>0x76c8</load_address>
         <run_address>0x76c8</run_address>
         <size>0x17d</size>
         <input_file_ref idref="fl-f"/>
      </object_component>
      <object_component id="oc-122">
         <name>.debug_info</name>
         <load_address>0x7845</load_address>
         <run_address>0x7845</run_address>
         <size>0x17f</size>
         <input_file_ref idref="fl-f"/>
      </object_component>
      <object_component id="oc-104">
         <name>.debug_info</name>
         <load_address>0x79c4</load_address>
         <run_address>0x79c4</run_address>
         <size>0x289</size>
         <input_file_ref idref="fl-f"/>
      </object_component>
      <object_component id="oc-1b5">
         <name>.debug_info</name>
         <load_address>0x7c4d</load_address>
         <run_address>0x7c4d</run_address>
         <size>0x25c</size>
         <input_file_ref idref="fl-10"/>
      </object_component>
      <object_component id="oc-2b2">
         <name>.debug_info</name>
         <load_address>0x7ea9</load_address>
         <run_address>0x7ea9</run_address>
         <size>0x17e</size>
         <input_file_ref idref="fl-10"/>
      </object_component>
      <object_component id="oc-2ac">
         <name>.debug_info</name>
         <load_address>0x8027</load_address>
         <run_address>0x8027</run_address>
         <size>0x180</size>
         <input_file_ref idref="fl-10"/>
      </object_component>
      <object_component id="oc-1c0">
[...]
      </symbol>
      <symbol id="sm-30a">
         <name>SPIReset</name>
         <value>0x20007fe1</value>
         <object_component_ref idref="oc-e3"/>
      </symbol>
      <symbol id="sm-30b">
         <name>SPIIntStatus</name>
         <value>0x20006fb1</value>
         <object_component_ref idref="oc-c5"/>
      </symbol>
      <symbol id="sm-30c">
         <name>SPIIntEnable</name>
         <value>0x200077f9</value>
         <object_component_ref idref="oc-12b"/>
      </symbol>
      <symbol id="sm-30d">
         <name>SPIIntClear</name>
         <value>0x20007929</value>
         <object_component_ref idref="oc-cb"/>
      </symbol>
      <symbol id="sm-30e">
         <name>SPICSDisable</name>
         <value>0x2000814b</value>
         <object_component_ref idref="oc-11f"/>
      </symbol>
      <symbol id="sm-353">
         <name>UARTConfigSetExpClk</name>
         <value>0x200070a7</value>
         <object_component_ref idref="oc-1b3"/>
      </symbol>
      <symbol id="sm-354">
         <name>UARTDisable</name>
         <value>0x20007d8d</value>
         <object_component_ref idref="oc-2aa"/>
      </symbol>
      <symbol id="sm-355">
         <name>UARTCharsAvail</name>
         <value>0x20008193</value>
         <object_component_ref idref="oc-1bf"/>
      </symbol>
      <symbol id="sm-356">
         <name>UARTCharGetNonBlocking</name>
         <value>0x200080bf</value>
         <object_component_ref idref="oc-1c5"/>
      </symbol>
      <symbol id="sm-357">
         <name>UARTCharPut</name>
         <value>0x200080a1</value>
         <object_component_ref idref="oc-10d"/>
      </symbol>
      <symbol id="sm-358">
         <name>UARTEnable</name>
         <value>0x20007f99</value>
         <object_component_ref idref="oc-2b0"/>
      </symbol>
      <symbol id="sm-359">
         <name>UARTCharGet</name>
         <value>0x20008207</value>
         <object_component_ref idref="oc-fb"/>
      </symbol>
      <symbol id="sm-35d">
         <name>UtilsDelay</name>
         <value>0x200082d9</value>
         <object_component_ref idref="oc-375"/>
      </symbol>
      <symbol id="sm-367">
         <name>CPUcpsie</name>
         <value>0x20008233</value>
         <object_component_ref idref="oc-23d"/>
      </symbol>
      <symbol id="sm-394">
         <name>printf</name>
         <value>0x200073ad</value>
         <object_component_ref idref="oc-113"/>
      </symbol>
      <symbol id="sm-4fe">
         <name>__TI_printfi</name>
         <value>0x20004401</value>
         <object_component_ref idref="oc-212"/>
      </symbol>
      <symbol id="sm-528">
         <name>vsnprintf</name>
         <value>0x20007b95</value>
         <object_component_ref idref="oc-1b9"/>
      </symbol>
      <symbol id="sm-53d">
         <name>putc</name>
         <value>0x20006d09</value>
         <object_component_ref idref="oc-35d"/>
      </symbol>
      <symbol id="sm-53e">
         <name>fputc</name>
         <value>0x20006d09</value>
         <object_component_ref idref="oc-35d"/>
      </symbol>
      <symbol id="sm-55c">
         <name>fputs</name>
         <value>0x20005f61</value>
         <object_component_ref idref="oc-356"/>
      </symbol>
      <symbol id="sm-574">
         <name>__TI_wrt_ok</name>
         <value>0x20007479</value>
         <object_component_ref idref="oc-438"/>
      </symbol>
      <symbol id="sm-590">
         <name>setvbuf</name>
         <value>0x20006541</value>
         <object_component_ref idref="oc-4aa"/>
      </symbol>
      <symbol id="sm-5a7">
         <name>__aeabi_dsub</name>
         <value>0x2000589d</value>
         <object_component_ref idref="oc-3e6"/>
      </symbol>
      <symbol id="sm-5a8">
         <name>__aeabi_dadd</name>
         <value>0x200058a7</value>
         <object_component_ref idref="oc-3e6"/>
      </symbol>
      <symbol id="sm-5ca">
         <name>__aeabi_cdcmpeq</name>
         <value>0x20006ea5</value>
         <object_component_ref idref="oc-30d"/>
      </symbol>
      <symbol id="sm-5cb">
         <name>__aeabi_cdcmple</name>
         <value>0x20006ea5</value>
         <object_component_ref idref="oc-30d"/>
      </symbol>
      <symbol id="sm-5cc">
         <name>__aeabi_cdrcmple</name>
         <value>0x20006f2b</value>
         <object_component_ref idref="oc-3d1"/>
      </symbol>
      <symbol id="sm-5e0">
         <name>__aeabi_ddiv</name>
         <value>0x20005d09</value>
         <object_component_ref idref="oc-3cc"/>
      </symbol>
      <symbol id="sm-5eb">
         <name>__aeabi_dmul</name>
         <value>0x2000627d</value>
         <object_component_ref idref="oc-3c7"/>
      </symbol>
      <symbol id="sm-5f5">
         <name>__aeabi_d2iz</name>
         <value>0x200079b9</value>
         <object_component_ref idref="oc-3d6"/>
      </symbol>
      <symbol id="sm-5ff">
         <name>__aeabi_i2d</name>
         <value>0x20007e1d</value>
         <object_component_ref idref="oc-3e1"/>
      </symbol>
      <symbol id="sm-61a">
         <name>memcpy</name>
         <value>0x20006b41</value>
         <object_component_ref idref="oc-3d"/>
      </symbol>
      <symbol id="sm-61b">
         <name>__aeabi_memcpy</name>
         <value>0x20006b41</value>
         <object_component_ref idref="oc-3d"/>
      </symbol>
      <symbol id="sm-61c">
         <name>__aeabi_memcpy8</name>
         <value>0x20006b41</value>
         <object_component_ref idref="oc-3d"/>
      </symbol>
      <symbol id="sm-61d">
         <name>__aeabi_memcpy4</name>
         <value>0x20006b41</value>
         <object_component_ref idref="oc-3d"/>
      </symbol>
      <symbol id="sm-62c">
         <name>__aeabi_memset</name>
         <value>0x2000702f</value>
         <object_component_ref idref="oc-8b"/>
      </symbol>
      <symbol id="sm-62d">
         <name>memset</name>
         <value>0x20007035</value>
         <object_component_ref idref="oc-8b"/>
      </symbol>
      <symbol id="sm-62e">
         <name>__aeabi_memset8</name>
         <value>0x2000702f</value>
         <object_component_ref idref="oc-8b"/>
      </symbol>
      <symbol id="sm-62f">
         <name>__aeabi_memset4</name>
         <value>0x2000702f</value>
         <object_component_ref idref="oc-8b"/>
      </symbol>
      <symbol id="sm-630">
         <name>__aeabi_memclr8</name>
         <value>0x2000702d</value>
         <object_component_ref idref="oc-8b"/>
      </symbol>
      <symbol id="sm-631">
         <name>__aeabi_memclr4</name>
         <value>0x2000702d</value>
         <object_component_ref idref="oc-8b"/>
      </symbol>
      <symbol id="sm-632">
         <name>__aeabi_memclr</name>
         <value>0x2000702d</value>
         <object_component_ref idref="oc-8b"/>
      </symbol>
      <symbol id="sm-63f">
         <name>__aeabi_uldivmod</name>
         <value>0x20006bdd</value>
         <object_component_ref idref="oc-3c0"/>
      </symbol>
      <symbol id="sm-653">
         <name>__TI_zero_init_nomemset</name>
         <value>0x200080db</value>
         <object_component_ref idref="oc-49"/>
      </symbol>
      <symbol id="sm-66a">
         <name>__TI_decompress_none</name>
         <value>0x20008297</value>
         <object_component_ref idref="oc-1b"/>
      </symbol>
      <symbol id="sm-68d">
         <name>__TI_decompress_lzss</name>
         <value>0x20007345</value>
         <object_component_ref idref="oc-15"/>
      </symbol>
      <symbol id="sm-6b3">
         <name>C$$EXIT</name>
         <value>0x200082eb</value>
         <object_component_ref idref="oc-165"/>
      </symbol>
      <symbol id="sm-6b4">
         <name>abort</name>
         <value>0x200082eb</value>
         <object_component_ref idref="oc-165"/>
      </symbol>
      <symbol id="sm-6b5">
         <name>__TI_dtors_ptr</name>
         <value>0x20017c64</value>
         <object_component_ref idref="oc-288"/>
      </symbol>
      <symbol id="sm-6b6">
         <name>__TI_cleanup_ptr</name>
         <value>0x20017c60</value>
         <object_component_ref idref="oc-288"/>
      </symbol>
      <symbol id="sm-6b7">
         <name>__TI_enable_exit_profile_output</name>
         <value>0x20017c68</value>
         <object_component_ref idref="oc-288"/>
      </symbol>
      <symbol id="sm-6b8">
         <name>exit</name>
         <value>0x20007971</value>
         <object_component_ref idref="oc-16b"/>
      </symbol>
      <symbol id="sm-6cd">
         <name>_nop</name>
         <value>0x20004e4f</value>
         <object_component_ref idref="oc-348"/>
      </symbol>
      <symbol id="sm-6ce">
         <name>_lock</name>
         <value>0x20017c6c</value>
         <object_component_ref idref="oc-218"/>
      </symbol>
      <symbol id="sm-6cf">
         <name>_unlock</name>
         <value>0x20017c70</value>
         <object_component_ref idref="oc-218"/>
      </symbol>
      <symbol id="sm-6de">
         <name>__TI_ltoa</name>
         <value>0x20007753</value>
         <object_component_ref idref="oc-3db"/>
      </symbol>
      <symbol id="sm-6f4">
         <name>atoi</name>
         <value>0x200078dd</value>
         <object_component_ref idref="oc-301"/>
      </symbol>
      <symbol id="sm-6ff">
         <name>_ctypes_</name>
         <value>0x200082f0</value>
         <object_component_ref idref="oc-3bb"/>
      </symbol>
      <symbol id="sm-714">
         <name>__TI_tmpnams</name>
         <value>0x20017920</value>
      </symbol>
      <symbol id="sm-715">
         <name>__aeabi_stdout</name>
         <value>0x20017c58</value>
         <object_component_ref idref="oc-509"/>
      </symbol>
      <symbol id="sm-716">
         <name>__aeabi_stderr</name>
         <value>0x20017c5c</value>
         <object_component_ref idref="oc-509"/>
      </symbol>
      <symbol id="sm-717">
         <name>__aeabi_stdin</name>
         <value>0x20017c54</value>
         <object_component_ref idref="oc-509"/>
      </symbol>
      <symbol id="sm-718">
         <name>_ftable</name>
         <value>0x20017a98</value>
         <object_component_ref idref="oc-21b"/>
      </symbol>
      <symbol id="sm-719">
         <name>__TI_ft_end</name>
         <value>0x20017c50</value>
         <object_component_ref idref="oc-509"/>
      </symbol>
      <symbol id="sm-729">
         <name>memccpy</name>
         <value>0x20008115</value>
         <object_component_ref idref="oc-32a"/>
      </symbol>
      <symbol id="sm-739">
         <name>memchr</name>
         <value>0x20008045</value>
         <object_component_ref idref="oc-43e"/>
      </symbol>
      <symbol id="sm-74a">
         <name>memmove</name>
         <value>0x20007f49</value>
         <object_component_ref idref="oc-1d1"/>
      </symbol>
      <symbol id="sm-7e8">
         <name>_sys_memory</name>
         <value>0x20017000</value>
         <object_component_ref idref="oc-23"/>
      </symbol>
      <symbol id="sm-7e9">
         <name>free</name>
         <value>0x20006379</value>
         <object_component_ref idref="oc-1e3"/>
      </symbol>
      <symbol id="sm-7ea">
         <name>realloc</name>
         <value>0x2000645d</value>
         <object_component_ref idref="oc-1dd"/>
      </symbol>
      <symbol id="sm-7eb">
         <name>memalign</name>
         <value>0x20006075</value>
         <object_component_ref idref="oc-2d5"/>
      </symbol>
      <symbol id="sm-7ec">
         <name>malloc</name>
         <value>0x200082d1</value>
         <object_component_ref idref="oc-1d7"/>
      </symbol>
      <symbol id="sm-7ed">
         <name>aligned_alloc</name>
         <value>0x20006075</value>
         <object_component_ref idref="oc-2d5"/>
      </symbol>
      <symbol id="sm-7fd">
         <name>strchr</name>
         <value>0x2000821d</value>
         <object_component_ref idref="oc-412"/>
      </symbol>
      <symbol id="sm-80b">
         <name>strlen</name>
         <value>0x20008271</value>
         <object_component_ref idref="oc-1cb"/>
      </symbol>
      <symbol id="sm-825">
         <name>write</name>
         <value>0x20007f71</value>
         <object_component_ref idref="oc-44a"/>
      </symbol>
      <symbol id="sm-836">
         <name>_stream</name>
         <value>0x20017c00</value>
         <object_component_ref idref="oc-4b6"/>
      </symbol>
      <symbol id="sm-837">
         <name>_device</name>
         <value>0x20017b88</value>
         <object_component_ref idref="oc-4ed"/>
      </symbol>
      <symbol id="sm-84d">
         <name>__aeabi_errno_addr</name>
         <value>0x200082c9</value>
         <object_component_ref idref="oc-336"/>
      </symbol>
      <symbol id="sm-84e">
         <name>errno</name>
         <value>0x20017c7c</value>
         <object_component_ref idref="oc-422"/>
      </symbol>
      <symbol id="sm-860">
         <name>__stack</name>
         <value>0x2002f800</value>
         <object_component_ref idref="oc-26"/>
      </symbol>
      <symbol id="sm-861">
         <name>_c_int00_noargs</name>
         <value>0x20007fbd</value>
         <object_component_ref idref="oc-5b"/>
      </symbol>
      <symbol id="sm-881">
         <name>frexpl</name>
         <value>0x20007599</value>
         <object_component_ref idref="oc-406"/>
      </symbol>
      <symbol id="sm-882">
         <name>frexp</name>
         <value>0x20007599</value>
         <object_component_ref idref="oc-406"/>
      </symbol>
      <symbol id="sm-8a0">
         <name>scalbn</name>
         <value>0x200066ed</value>
         <object_component_ref idref="oc-40c"/>
      </symbol>
      <symbol id="sm-8a1">
         <name>scalbnl</name>
         <value>0x200066ed</value>
         <object_component_ref idref="oc-40c"/>
      </symbol>
      <symbol id="sm-8a2">
         <name>ldexpl</name>
         <value>0x200066ed</value>
         <object_component_ref idref="oc-40c"/>
      </symbol>
      <symbol id="sm-8a3">
         <name>ldexp</name>
         <value>0x200066ed</value>
         <object_component_ref idref="oc-40c"/>
      </symbol>
      <symbol id="sm-8ad">
         <name>copysign</name>
         <value>0x200082b3</value>
         <object_component_ref idref="oc-488"/>
      </symbol>
      <symbol id="sm-8ae">
         <name>copysignl</name>
         <value>0x200082b3</value>
         <object_component_ref idref="oc-488"/>
      </symbol>
      <symbol id="sm-8c7">
         <name>wcslen</name>
         <value>0x20008285</value>
         <object_component_ref idref="oc-330"/>
      </symbol>
      <symbol id="sm-8d7">
         <name>__TI_doflush</name>
         <value>0x20007891</value>
         <object_component_ref idref="oc-444"/>
      </symbol>
      <symbol id="sm-8e7">
         <name>__TI_cleanup</name>
         <value>0x20007cf5</value>
         <object_component_ref idref="oc-4da"/>
      </symbol>
      <symbol id="sm-8f9">
         <name>fseek</name>
         <value>0x20007415</value>
         <object_component_ref idref="oc-4a4"/>
      </symbol>
      <symbol id="sm-903">
         <name>__aeabi_idiv0</name>
         <value>0x20005a53</value>
         <object_component_ref idref="oc-46f"/>
      </symbol>
      <symbol id="sm-904">
         <name>__aeabi_ldiv0</name>
         <value>0x20005a53</value>
         <object_component_ref idref="oc-46f"/>
      </symbol>
      <symbol id="sm-92c">
         <name>__TI_auto_init_nobinit_nopinit</name>
         <value>0x20007acd</value>
         <object_component_ref idref="oc-171"/>
      </symbol>
      <symbol id="sm-936">
         <name>_system_pre_init</name>
         <value>0x200082e7</value>
         <object_component_ref idref="oc-91"/>
      </symbol>
      <symbol id="sm-949">
         <name>HOSTclose</name>
         <value>0x20007a01</value>
         <object_component_ref idref="oc-515"/>
      </symbol>
      <symbol id="sm-95a">
         <name>HOSTlseek</name>
         <value>0x200072dd</value>
         <object_component_ref idref="oc-527"/>
      </symbol>
      <symbol id="sm-96c">
         <name>parmbuf</name>
         <value>0x20017a88</value>
      </symbol>
      <symbol id="sm-96d">
         <name>HOSTopen</name>
         <value>0x200074dd</value>
         <object_component_ref idref="oc-50f"/>
      </symbol>
      <symbol id="sm-97e">
         <name>HOSTread</name>
         <value>0x200075f5</value>
         <object_component_ref idref="oc-51b"/>
      </symbol>
      <symbol id="sm-98f">
         <name>HOSTrename</name>
         <value>0x20007271</value>
         <object_component_ref idref="oc-533"/>
      </symbol>
      <symbol id="sm-9a0">
         <name>HOSTunlink</name>
         <value>0x20007a45</value>
         <object_component_ref idref="oc-52d"/>
      </symbol>
      <symbol id="sm-9b1">
         <name>HOSTwrite</name>
         <value>0x2000764d</value>
         <object_component_ref idref="oc-521"/>
      </symbol>
      <symbol id="sm-9d5">
         <name>__TI_readmsg</name>
         <value>0x20007d29</value>
         <object_component_ref idref="oc-556"/>
      </symbol>
      <symbol id="sm-9d6">
         <name>C$$IO$$</name>
         <value>0x20007c7f</value>
         <object_component_ref idref="oc-550"/>
      </symbol>
      <symbol id="sm-9d7">
         <name>__CIOBUF_</name>
         <value>0x20017800</value>
         <object_component_ref idref="oc-57e"/>
      </symbol>
      <symbol id="sm-9d8">
         <name>__TI_writemsg</name>
         <value>0x20007c51</value>
         <object_component_ref idref="oc-550"/>
      </symbol>
      <symbol id="sm-9e9">
         <name>lseek</name>
         <value>0x20007f21</value>
         <object_component_ref idref="oc-4d2"/>
      </symbol>
      <symbol id="sm-9fe">
         <name>__TI_closefile</name>
         <value>0x2000711d</value>
         <object_component_ref idref="oc-503"/>
      </symbol>
      <symbol id="sm-a21">
         <name>finddevice</name>
         <value>0x20007ded</value>
         <object_component_ref idref="oc-59c"/>
      </symbol>
      <symbol id="sm-a22">
         <name>getdevice</name>
         <value>0x20007b11</value>
         <object_component_ref idref="oc-574"/>
      </symbol>
      <symbol id="sm-a31">
         <name>strcmp</name>
         <value>0x200081c3</value>
         <object_component_ref idref="oc-5b3"/>
      </symbol>
      <symbol id="sm-a3f">
         <name>strcpy</name>
         <value>0x2000825d</value>
         <object_component_ref idref="oc-56a"/>
      </symbol>
      <symbol id="sm-a4f">
         <name>strncpy</name>
         <value>0x20007cbf</value>
         <object_component_ref idref="oc-596"/>
      </symbol>
      <symbol id="sm-a64">
         <name>close</name>
         <value>0x2000753d</value>
         <object_component_ref idref="oc-53f"/>
      </symbol>
      <symbol id="sm-a74">
         <name>unlink</name>
         <value>0x20007e79</value>
         <object_component_ref idref="oc-545"/>
      </symbol>
      <symbol id="sm-a75">
         <name>__TI_static_base__</name>
         <value>0x200085f0</value>
      </symbol>
      <symbol id="sm-a78">
         <name>__mpu_init</name>
         <value>0x0</value>
      </symbol>
      <symbol id="sm-a79">
         <name>_system_post_cinit</name>
         <value>0x0</value>
      </symbol>
      <symbol id="sm-a7a">
         <name>remove</name>
         <value>0x20007e79</value>
      </symbol>
   </symbol_table>
   <title>Link successful</title>
</link_info>
