******************************************************************************
                  TI ARM Linker PC v20.2.0                     
******************************************************************************
>> Linked Sun Apr 19 22:01:32 2020

OUTPUT FILE NAME:   <lab2.out>
ENTRY POINT SYMBOL: "_c_int00_noargs"  address: 200090c1


MEMORY CONFIGURATION

         name            origin    length      used     unused   attr    fill
----------------------  --------  ---------  --------  --------  ----  --------
  SRAM_CODE             20004000   00013000  00005c16  0000d3ea  RW X
  SRAM_DATA             20017000   00019000  000010fa  00017f06  RW X


SEGMENT ALLOCATION MAP

run origin  load origin   length   init length attrs members
----------  ----------- ---------- ----------- ----- -------
20004000    20004000    00005c18   00005c18    r-x
  20004000    20004000    00000400   00000400    r-- .intvecs
  20004400    20004400    00004fd6   00004fd6    r-x .text
  200093d8    200093d8    000007f8   000007f8    r-- .const
  20009bd0    20009bd0    00000048   00000048    r-- .cinit
20017000    20017000    000008fc   00000000    rw-
  20017000    20017000    00000800   00000000    rw- .sysmem
  20017800    20017800    000000ce   00000000    rw- .bss
  200178d0    200178d0    0000002c   00000000    rw- .data
2002f800    2002f800    00000800   00000000    rw-
  2002f800    2002f800    00000800   00000000    rw- .stack


SECTION ALLOCATION MAP

 output                                  attributes/
section   page    origin      length       input sections
--------  ----  ----------  ----------   ----------------
.intvecs   0    20004000    00000400     
                  20004000    00000400     startup_ccs.obj (.intvecs)

.init_array 
*          0    20004000    00000000     UNINITIALIZED

.text      0    20004400    00004fd6     
                  20004400    00000a80     Adafruit_GFX.obj (.text)
                  20004e80    00000a4e     rtsv7M4_T_le_eabi.lib : _printfi.c.obj (.text:__TI_printfi)
                  200058ce    00000002                           : _lock.c.obj (.text:_nop)
                  200058d0    000007d0     main.obj (.text)
                  200060a0    00000712     test.obj (.text)
                  200067b2    00000002     rtsv7M4_T_le_eabi.lib : div0.asm.obj (.text)
                  200067b4    00000476     Adafruit_OLED.obj (.text)
                  20006c2a    00000002     --HOLE-- [fill = 0]
                  20006c2c    0000027c     uart_if.obj (.text)
                  20006ea8    00000268     rtsv7M4_T_le_eabi.lib : _printfi.c.obj (.text:_pconv_a)
                  20007110    000001cc                           : _printfi.c.obj (.text:_pconv_g)
                  200072dc    000001b6                           : fd_add_t2.asm.obj (.text)
                  20007492    00000002     --HOLE-- [fill = 0]
                  20007494    00000178     driverlib.a : prcm.obj (.text:PRCMCC3200MCUInit)
                  2000760c    0000013c     rtsv7M4_T_le_eabi.lib : _printfi.c.obj (.text:_pconv_e)
                  20007748    00000136                           : fd_div_t2.asm.obj (.text)
                  2000787e    00000002     --HOLE-- [fill = 0]
                  20007880    00000120                           : _printfi.c.obj (.text:fcvt)
                  200079a0    00000108                           : memory.c.obj (.text:aligned_alloc)
                  20007aa8    00000104     pin_mux_config.obj (.text)
                  20007bac    000000fc     rtsv7M4_T_le_eabi.lib : fd_mul_t2.asm.obj (.text)
                  20007ca8    000000e4                           : memory.c.obj (.text:free)
                  20007d8c    000000e4                           : memory.c.obj (.text:realloc)
                  20007e70    000000d0     driverlib.a : spi.obj (.text:SPITransfer32)
                  20007f40    000000d0     rtsv7M4_T_le_eabi.lib : s_scalbn.c.obj (.text:scalbn)
                  20008010    000000ce     driverlib.a : spi.obj (.text:SPITransfer16)
                  200080de    000000b8                 : spi.obj (.text:SPITransfer8)
                  20008196    00000002     --HOLE-- [fill = 0]
                  20008198    000000b1     rtsv7M4_T_le_eabi.lib : _printfi.c.obj (.text:_ltostr)
                  20008249    00000003     --HOLE-- [fill = 0]
                  2000824c    000000a8     driverlib.a : interrupt.obj (.text:IntEnable)
                  200082f4    000000a0                 : spi.obj (.text:SPIConfigSetExpClk)
                  20008394    0000009c     rtsv7M4_T_le_eabi.lib : memcpy_t2.asm.obj (.text)
                  20008430    00000096                           : ull_div_t2.asm.obj (.text)
                  200084c6    00000002     --HOLE-- [fill = 0]
                  200084c8    00000094     driverlib.a : prcm.obj (.text:PRCMPeripheralClockGet)
                  2000855c    00000088                 : pin.obj (.text:PinConfigSet)
                  200085e4    00000088                 : spi.obj (.text:SPITransfer)
                  2000866c    00000086     rtsv7M4_T_le_eabi.lib : fd_cmp_t2.asm.obj (.text:__aeabi_cdcmple)
                  200086f2    00000086                           : fd_cmp_t2.asm.obj (.text:__aeabi_cdrcmple)
                  20008778    0000007c     driverlib.a : spi.obj (.text:SPIIntStatus)
                  200087f4    0000007a     rtsv7M4_T_le_eabi.lib : memset_t2.asm.obj (.text)
                  2000886e    00000076     driverlib.a : uart.obj (.text:UARTConfigSetExpClk)
                  200088e4    00000070     rtsv7M4_T_le_eabi.lib : memory.c.obj (.text:split)
                  20008954    0000006e                           : _printfi.c.obj (.text:_mcpy)
                  200089c2    00000068                           : copy_decompress_lzss.c.obj (.text:decompress:lzss:__TI_decompress_lzss)
                  20008a2a    00000002     --HOLE-- [fill = 0]
                  20008a2c    0000005c                           : s_frexp.c.obj (.text:frexp)
                  20008a88    00000058     driverlib.a : prcm.obj (.text:PRCMPeripheralReset)
                  20008ae0    00000056     rtsv7M4_T_le_eabi.lib : _printfi.c.obj (.text:_pconv_f)
                  20008b36    00000054                           : _ltoa.c.obj (.text:__TI_ltoa)
                  20008b8a    00000052                           : _printfi.c.obj (.text:_ecpy)
                  20008bdc    0000004c     driverlib.a : spi.obj (.text:SPIIntEnable)
                  20008c28    0000004c                 : spi.obj (.text:SPIIntNumberGet)
                  20008c74    0000004c     rtsv7M4_T_le_eabi.lib : atoi.c.obj (.text:atoi)
                  20008cc0    00000048     driverlib.a : spi.obj (.text:SPIIntClear)
                  20008d08    00000048     rtsv7M4_T_le_eabi.lib : fd_toi_t2.asm.obj (.text)
                  20008d50    00000044     driverlib.a : spi.obj (.text:SPIDmaMaskGet)
                  20008d94    00000044     rtsv7M4_T_le_eabi.lib : autoinit.c.obj (.text:__TI_auto_init_nobinit_nopinit:__TI_auto_init_nobinit_nopinit)
                  20008dd8    00000040     driverlib.a : pin.obj (.text:PinModeSet)
                  20008e18    00000040     rtsv7M4_T_le_eabi.lib : vsnprintf.c.obj (.text:vsnprintf)
                  20008e58    0000003e                           : _printfi.c.obj (.text:_fcpy)
                  20008e96    00000002     --HOLE-- [fill = 0]
                  20008e98    0000003c     driverlib.a : prcm.obj (.text:PRCMPeripheralClkEnable)
                  20008ed4    00000036                 : gpio.obj (.text:GPIODirModeSet)
                  20008f0a    00000030                 : pin.obj (.text:PinTypeGPIO)
                  20008f3a    00000002     --HOLE-- [fill = 0]
                  20008f3c    00000030                 : uart.obj (.text:UARTDisable)
                  20008f6c    00000030     rtsv7M4_T_le_eabi.lib : vsnprintf.c.obj (.text:_outs)
                  20008f9c    0000002e                           : i_tofd_t2.asm.obj (.text)
                  20008fca    00000002     --HOLE-- [fill = 0]
                  20008fcc    0000002c     driverlib.a : prcm.obj (.text:PRCMSysResetCauseGet)
                  20008ff8    0000002a                 : spi.obj (.text:SPIDataGetNonBlocking)
                  20009022    00000002     --HOLE-- [fill = 0]
                  20009024    00000028                 : prcm.obj (.text:PRCMPeripheralClkDisable)
                  2000904c    00000028     rtsv7M4_T_le_eabi.lib : memory.c.obj (.text:free_list_insert)
                  20009074    00000028                           : memmov.c.obj (.text:memmove)
                  2000909c    00000024     driverlib.a : uart.obj (.text:UARTEnable)
                  200090c0    00000024     rtsv7M4_T_le_eabi.lib : boot_cortex_m.c.obj (.text:_c_int00_noargs:_c_int00_noargs)
                  200090e4    00000022     driverlib.a : spi.obj (.text:SPIReset)
                  20009106    00000020                 : gpio.obj (.text:GPIOPinWrite)
                  20009126    00000002     --HOLE-- [fill = 0]
                  20009128    00000020                 : interrupt.obj (.text:IntRegister)
                  20009148    00000020                 : spi.obj (.text:SPIDataGet)
                  20009168    0000001e                 : spi.obj (.text:SPIDataPut)
                  20009186    0000001e                 : spi.obj (.text:SPIIntRegister)
                  200091a4    0000001e                 : uart.obj (.text:UARTCharPut)
                  200091c2    0000001c                 : uart.obj (.text:UARTCharGetNonBlocking)
                  200091de    0000001c     rtsv7M4_T_le_eabi.lib : copy_zero_init.c.obj (.text:decompress:ZI:__TI_zero_init_nomemset:__TI_zero_init_nomemset)
                  200091fa    00000002     --HOLE-- [fill = 0]
                  200091fc    0000001c                           : memory.c.obj (.text:free_list_remove)
                  20009218    0000001c                           : memccpy.c.obj (.text:memccpy)
                  20009234    0000001a     driverlib.a : pin.obj (.text:PinTypeSPI)
                  2000924e    0000001a                 : pin.obj (.text:PinTypeUART)
                  20009268    00000018                 : spi.obj (.text:SPICSDisable)
                  20009280    00000018                 : spi.obj (.text:SPICSEnable)
                  20009298    00000018                 : spi.obj (.text:SPIEnable)
                  200092b0    00000018                 : uart.obj (.text:UARTCharsAvail)
                  200092c8    00000018     rtsv7M4_T_le_eabi.lib : vsnprintf.c.obj (.text:_outc)
                  200092e0    00000016     driverlib.a : prcm.obj (.text:PRCMHIBRegRead)
                  200092f6    00000016                 : prcm.obj (.text:PRCMHIBRegWrite)
                  2000930c    00000016                 : uart.obj (.text:UARTCharGet)
                  20009322    00000016     rtsv7M4_T_le_eabi.lib : strchr.c.obj (.text:strchr)
                  20009338    00000014     driverlib.a : cpu.obj (.text:CPUcpsie)
                  2000934c    00000014                 : interrupt.obj (.text:IntVTableBaseSet)
                  20009360    00000014     rtsv7M4_T_le_eabi.lib : strlen.c.obj (.text:strlen)
                  20009374    00000012                           : wcslen.c.obj (.text:wcslen)
                  20009386    0000000e                           : copy_decompress_none.c.obj (.text:decompress:none:__TI_decompress_none)
                  20009394    0000000e     startup_ccs.obj (.text)
                  200093a2    0000000c     rtsv7M4_T_le_eabi.lib : s_copysign.c.obj (.text:copysign)
                  200093ae    0000000a     driverlib.a : interrupt.obj (.text:IntMasterEnable)
                  200093b8    00000008     rtsv7M4_T_le_eabi.lib : errno.c.obj (.text:__aeabi_errno_addr)
                  200093c0    00000008                           : memory.c.obj (.text:malloc)
                  200093c8    00000006     driverlib.a : utils.obj (.text:UtilsDelay)
                  200093ce    00000004     rtsv7M4_T_le_eabi.lib : pre_init.c.obj (.text:_system_pre_init)
                  200093d2    00000004                           : exit.c.obj (.text:abort:abort)

.const     0    200093d8    000007f8     
                  200093d8    000004fb     Adafruit_GFX.obj (.const:.string:font)
                  200098d3    00000101     rtsv7M4_T_le_eabi.lib : ctype.c.obj (.const:.string:_ctypes_)
                  200099d4    00000100     driverlib.a : pin.obj (.const:g_ulPinToPadMap)
                  20009ad4    000000a8                 : prcm.obj (.const:PRCM_PeriphRegsList)
                  20009b7c    00000024                 : spi.obj (.const:g_ppulSPIIntMap)
                  20009ba0    00000018                 : interrupt.obj (.const:g_pulEnRegs)
                  20009bb8    00000018                 : spi.obj (.const:g_ulSPIDmaMaskMap)

.cinit     0    20009bd0    00000048     
                  20009bd0    00000020     (.cinit..data.load) [load image, compression = lzss]
                  20009bf0    0000000c     (__TI_handler_table)
                  20009bfc    00000004     --HOLE-- [fill = 0]
                  20009c00    00000008     (.cinit..bss.load) [load image, compression = zero_init]
                  20009c08    00000010     (__TI_cinit_table)

.sysmem    0    20017000    00000800     UNINITIALIZED
                  20017000    00000010     rtsv7M4_T_le_eabi.lib : memory.c.obj (.sysmem)
                  20017010    000007f0     --HOLE--

.bss       0    20017800    000000ce     UNINITIALIZED
                  20017800    00000064     main.obj (.bss:g_ucRxBuff)
                  20017864    00000064     main.obj (.bss:g_ucTxBuff)
                  200178c8    00000004     uart_if.obj (.bss)
                  200178cc    00000002     main.obj (.bss)

.data      0    200178d0    0000002c     UNINITIALIZED
                  200178d0    00000015     Adafruit_GFX.obj (.data)
                  200178e5    00000003     --HOLE--
                  200178e8    00000008     rtsv7M4_T_le_eabi.lib : _lock.c.obj (.data:$O1$$)
                  200178f0    00000008                           : memory.c.obj (.data:$O1$$)
                  200178f8    00000004                           : errno.c.obj (.data)

.stack     0    2002f800    00000800     UNINITIALIZED
                  2002f800    00000004     rtsv7M4_T_le_eabi.lib : boot_cortex_m.c.obj (.stack)
                  2002f804    000007fc     --HOLE--

__llvm_prf_cnts 
*          0    20017000    00000000     UNINITIALIZED

MODULE SUMMARY

       Module                       code    ro data   rw data
       ------                       ----    -------   -------
    .\
       Adafruit_GFX.obj             2688    1275      21     
       main.obj                     2000    0         202    
       test.obj                     1810    0         0      
       Adafruit_OLED.obj            1142    0         0      
       startup_ccs.obj              14      1024      0      
       uart_if.obj                  636     0         4      
       pin_mux_config.obj           260     0         0      
    +--+----------------------------+-------+---------+---------+
       Total:                       8550    2299      227    
                                                             
    C:/TI/CC3200SDK_1.5.0/cc3200-sdk/driverlib/ccs/Release/driverlib.a
       spi.obj                      1550    60        0      
       prcm.obj                     800     168       0      
       pin.obj                      300     256       0      
       uart.obj                     306     0         0      
       interrupt.obj                230     24        0      
       gpio.obj                     86      0         0      
       cpu.obj                      20      0         0      
       utils.obj                    6       0         0      
    +--+----------------------------+-------+---------+---------+
       Total:                       3298    508       0      
                                                             
    C:\TI\ccs1000\ccs\tools\compiler\ti-cgt-arm_20.2.0.LTS\lib\rtsv7M4_T_le_eabi.lib
       _printfi.c.obj               4835    0         0      
       memory.c.obj                 908     0         8      
       fd_add_t2.asm.obj            438     0         0      
       fd_div_t2.asm.obj            310     0         0      
       fd_cmp_t2.asm.obj            268     0         0      
       ctype.c.obj                  0       257       0      
       fd_mul_t2.asm.obj            252     0         0      
       s_scalbn.c.obj               208     0         0      
       memcpy_t2.asm.obj            156     0         0      
       ull_div_t2.asm.obj           150     0         0      
       vsnprintf.c.obj              136     0         0      
       memset_t2.asm.obj            122     0         0      
       copy_decompress_lzss.c.obj   104     0         0      
       s_frexp.c.obj                92      0         0      
       _ltoa.c.obj                  84      0         0      
       atoi.c.obj                   76      0         0      
       fd_toi_t2.asm.obj            72      0         0      
       autoinit.c.obj               68      0         0      
       i_tofd_t2.asm.obj            46      0         0      
       memmov.c.obj                 40      0         0      
       boot_cortex_m.c.obj          36      0         0      
       copy_zero_init.c.obj         28      0         0      
       memccpy.c.obj                28      0         0      
       strchr.c.obj                 22      0         0      
       strlen.c.obj                 20      0         0      
       wcslen.c.obj                 18      0         0      
       copy_decompress_none.c.obj   14      0         0      
       errno.c.obj                  8       0         4      
       s_copysign.c.obj             12      0         0      
       _lock.c.obj                  2       0         8      
       exit.c.obj                   4       0         0      
       pre_init.c.obj               4       0         0      
       div0.asm.obj                 2       0         0      
    +--+----------------------------+-------+---------+---------+
       Total:                       8563    257       20     
                                                             
       Heap:                        0       0         2048   
       Stack:                       0       0         2048   
       Linker Generated:            0       68        0      
    +--+----------------------------+-------+---------+---------+
       Grand Total:                 20411   3132      4343   


LINKER GENERATED COPY TABLES

__TI_cinit_table @ 20009c08 records: 2, size/record: 8, table size: 16
	.data: load addr=20009bd0, load size=00000020 bytes, run addr=200178d0, run size=0000002c bytes, compression=lzss
	.bss: load addr=20009c00, load size=00000008 bytes, run addr=20017800, run size=000000ce bytes, compression=zero_init


LINKER GENERATED HANDLER TABLE

__TI_handler_table @ 20009bf0 records: 3, size/record: 4, table size: 12
	index: 0, handler: __TI_decompress_lzss
	index: 1, handler: __TI_decompress_none
	index: 2, handler: __TI_zero_init


GLOBAL SYMBOLS: SORTED ALPHABETICALLY BY Name 

address   name                          
-------   ----                          
20006815  Adafruit_Init                 
200093d3  C$$EXIT                       
20009339  CPUcpsie                      
20006c6d  ClearTerm                     
2000698b  Color565                      
20006c77  Error                         
20008ed5  GPIODirModeSet                
20009107  GPIOPinWrite                  
20006caf  GetCmd                        
20006c2d  InitTerm                      
2000824d  IntEnable                     
200093af  IntMasterEnable               
20009129  IntRegister                   
2000934d  IntVTableBaseSet              
20005941  MasterMain                    
20006c4b  Message                       
20004dab  Outstr                        
20007495  PRCMCC3200MCUInit             
200092e1  PRCMHIBRegRead                
200092f7  PRCMHIBRegWrite               
20009025  PRCMPeripheralClkDisable      
20008e99  PRCMPeripheralClkEnable       
200084c9  PRCMPeripheralClockGet        
20008a89  PRCMPeripheralReset           
20008fcd  PRCMSysResetCauseGet          
2000855d  PinConfigSet                  
20008dd9  PinModeSet                    
20007aa9  PinMuxConfig                  
20008f0b  PinTypeGPIO                   
20009235  PinTypeSPI                    
2000924f  PinTypeUART                   
20006ded  Report                        
20009395  ResetISR                      
20009269  SPICSDisable                  
20009281  SPICSEnable                   
200082f5  SPIConfigSetExpClk            
20009149  SPIDataGet                    
20008ff9  SPIDataGetNonBlocking         
20009169  SPIDataPut                    
20009299  SPIEnable                     
20008cc1  SPIIntClear                   
20008bdd  SPIIntEnable                  
20009187  SPIIntRegister                
20008779  SPIIntStatus                  
200090e5  SPIReset                      
200085e5  SPITransfer                   
200059f7  SlaveMain                     
20006d55  TrimSpace                     
2000930d  UARTCharGet                   
200091c3  UARTCharGetNonBlocking        
200091a5  UARTCharPut                   
200092b1  UARTCharsAvail                
2000886f  UARTConfigSetExpClk           
20008f3d  UARTDisable                   
2000909d  UARTEnable                    
200093c9  UtilsDelay                    
20030000  __STACK_END                   
00000800  __STACK_SIZE                  
00000800  __SYSMEM_SIZE                 
20009c08  __TI_CINIT_Base               
20009c18  __TI_CINIT_Limit              
20009bf0  __TI_Handler_Table_Base       
20009bfc  __TI_Handler_Table_Limit      
20008d95  __TI_auto_init_nobinit_nopinit
200089c3  __TI_decompress_lzss          
20009387  __TI_decompress_none          
20008b37  __TI_ltoa                     
ffffffff  __TI_pprof_out_hndl           
20004e81  __TI_printfi                  
ffffffff  __TI_prof_data_size           
ffffffff  __TI_prof_data_start          
20009bd0  __TI_static_base__            
200091df  __TI_zero_init_nomemset       
2000866d  __aeabi_cdcmpeq               
2000866d  __aeabi_cdcmple               
200086f3  __aeabi_cdrcmple              
20008d09  __aeabi_d2iz                  
200072e7  __aeabi_dadd                  
20007749  __aeabi_ddiv                  
20007bad  __aeabi_dmul                  
200072dd  __aeabi_dsub                  
200093b9  __aeabi_errno_addr            
20008f9d  __aeabi_i2d                   
200067b3  __aeabi_idiv0                 
200067b3  __aeabi_ldiv0                 
200087f5  __aeabi_memclr                
200087f5  __aeabi_memclr4               
200087f5  __aeabi_memclr8               
20008395  __aeabi_memcpy                
20008395  __aeabi_memcpy4               
20008395  __aeabi_memcpy8               
200087f7  __aeabi_memset                
200087f7  __aeabi_memset4               
200087f7  __aeabi_memset8               
20008431  __aeabi_uldivmod              
ffffffff  __binit__                     
ffffffff  __c_args__                    
UNDEFED   __mpu_init                    
2002f800  __stack                       
20017000  __start___llvm_prf_cnts       
20017000  __stop___llvm_prf_cnts        
200090c1  _c_int00_noargs               
200098d3  _ctypes_                      
200178e8  _lock                         
200058cf  _nop                          
20017000  _sys_memory                   
UNDEFED   _system_post_cinit            
200093cf  _system_pre_init              
200178ec  _unlock                       
200093d3  abort                         
200079a1  aligned_alloc                 
20008c75  atoi                          
ffffffff  binit                         
200093a3  copysign                      
200093a3  copysignl                     
200178d0  cursor_x                      
200178d4  cursor_y                      
200060a1  delay                         
20004c5f  drawChar                      
20004401  drawCircle                    
20004535  drawCircleHelper              
20006b35  drawFastHLine                 
20006a99  drawFastVLine                 
2000477b  drawLine                      
20006bd1  drawPixel                     
20004867  drawRect                      
200048b5  drawRoundRect                 
20004a1d  drawTriangle                  
200178f8  errno                         
20004653  fillCircle                    
2000468d  fillCircleHelper              
200069e3  fillRect                      
200049a3  fillRoundRect                 
200069cd  fillScreen                    
20004a5f  fillTriangle                  
20007ca9  free                          
20008a2d  frexp                         
20008a2d  frexpl                        
20004000  g_pfnVectors                  
20006947  goTo                          
20004e5f  height                        
20006c0f  invert                        
20006613  lcdTestPattern                
200066e3  lcdTestPattern2               
20007f41  ldexp                         
20007f41  ldexpl                        
20005b8d  main                          
200093c1  malloc                        
200079a1  memalign                      
20009219  memccpy                       
20008395  memcpy                        
20009075  memmove                       
200087fd  memset                        
20007d8d  realloc                       
20007f41  scalbn                        
20007f41  scalbnl                       
20004df7  setCursor                     
20004e2f  setTextColor                  
20004e0f  setTextSize                   
20004e47  setTextWrap                   
20009323  strchr                        
20009361  strlen                        
200062d7  testdrawcircles               
20006147  testdrawrects                 
200060d5  testfastlines                 
20006265  testfillcircles               
200061a7  testfillrects                 
20006445  testlines                     
200063d3  testroundrects                
20006351  testtriangles                 
200178e0  textbgcolor                   
200178dc  textcolor                     
200178d8  textsize                      
20008e19  vsnprintf                     
20009375  wcslen                        
20004e5b  width                         
200178e4  wrap                          
200067b5  writeCommand                  
200067e5  writeData                     


GLOBAL SYMBOLS: SORTED BY Symbol Address 

address   name                          
-------   ----                          
00000800  __STACK_SIZE                  
00000800  __SYSMEM_SIZE                 
20004000  g_pfnVectors                  
20004401  drawCircle                    
20004535  drawCircleHelper              
20004653  fillCircle                    
2000468d  fillCircleHelper              
2000477b  drawLine                      
20004867  drawRect                      
200048b5  drawRoundRect                 
200049a3  fillRoundRect                 
20004a1d  drawTriangle                  
20004a5f  fillTriangle                  
20004c5f  drawChar                      
20004dab  Outstr                        
20004df7  setCursor                     
20004e0f  setTextSize                   
20004e2f  setTextColor                  
20004e47  setTextWrap                   
20004e5b  width                         
20004e5f  height                        
20004e81  __TI_printfi                  
200058cf  _nop                          
20005941  MasterMain                    
200059f7  SlaveMain                     
20005b8d  main                          
200060a1  delay                         
200060d5  testfastlines                 
20006147  testdrawrects                 
200061a7  testfillrects                 
20006265  testfillcircles               
200062d7  testdrawcircles               
20006351  testtriangles                 
200063d3  testroundrects                
20006445  testlines                     
20006613  lcdTestPattern                
200066e3  lcdTestPattern2               
200067b3  __aeabi_idiv0                 
200067b3  __aeabi_ldiv0                 
200067b5  writeCommand                  
200067e5  writeData                     
20006815  Adafruit_Init                 
20006947  goTo                          
2000698b  Color565                      
200069cd  fillScreen                    
200069e3  fillRect                      
20006a99  drawFastVLine                 
20006b35  drawFastHLine                 
20006bd1  drawPixel                     
20006c0f  invert                        
20006c2d  InitTerm                      
20006c4b  Message                       
20006c6d  ClearTerm                     
20006c77  Error                         
20006caf  GetCmd                        
20006d55  TrimSpace                     
20006ded  Report                        
200072dd  __aeabi_dsub                  
200072e7  __aeabi_dadd                  
20007495  PRCMCC3200MCUInit             
20007749  __aeabi_ddiv                  
200079a1  aligned_alloc                 
200079a1  memalign                      
20007aa9  PinMuxConfig                  
20007bad  __aeabi_dmul                  
20007ca9  free                          
20007d8d  realloc                       
20007f41  ldexp                         
20007f41  ldexpl                        
20007f41  scalbn                        
20007f41  scalbnl                       
2000824d  IntEnable                     
200082f5  SPIConfigSetExpClk            
20008395  __aeabi_memcpy                
20008395  __aeabi_memcpy4               
20008395  __aeabi_memcpy8               
20008395  memcpy                        
20008431  __aeabi_uldivmod              
200084c9  PRCMPeripheralClockGet        
2000855d  PinConfigSet                  
200085e5  SPITransfer                   
2000866d  __aeabi_cdcmpeq               
2000866d  __aeabi_cdcmple               
200086f3  __aeabi_cdrcmple              
20008779  SPIIntStatus                  
200087f5  __aeabi_memclr                
200087f5  __aeabi_memclr4               
200087f5  __aeabi_memclr8               
200087f7  __aeabi_memset                
200087f7  __aeabi_memset4               
200087f7  __aeabi_memset8               
200087fd  memset                        
2000886f  UARTConfigSetExpClk           
200089c3  __TI_decompress_lzss          
20008a2d  frexp                         
20008a2d  frexpl                        
20008a89  PRCMPeripheralReset           
20008b37  __TI_ltoa                     
20008bdd  SPIIntEnable                  
20008c75  atoi                          
20008cc1  SPIIntClear                   
20008d09  __aeabi_d2iz                  
20008d95  __TI_auto_init_nobinit_nopinit
20008dd9  PinModeSet                    
20008e19  vsnprintf                     
20008e99  PRCMPeripheralClkEnable       
20008ed5  GPIODirModeSet                
20008f0b  PinTypeGPIO                   
20008f3d  UARTDisable                   
20008f9d  __aeabi_i2d                   
20008fcd  PRCMSysResetCauseGet          
20008ff9  SPIDataGetNonBlocking         
20009025  PRCMPeripheralClkDisable      
20009075  memmove                       
2000909d  UARTEnable                    
200090c1  _c_int00_noargs               
200090e5  SPIReset                      
20009107  GPIOPinWrite                  
20009129  IntRegister                   
20009149  SPIDataGet                    
20009169  SPIDataPut                    
20009187  SPIIntRegister                
200091a5  UARTCharPut                   
200091c3  UARTCharGetNonBlocking        
200091df  __TI_zero_init_nomemset       
20009219  memccpy                       
20009235  PinTypeSPI                    
2000924f  PinTypeUART                   
20009269  SPICSDisable                  
20009281  SPICSEnable                   
20009299  SPIEnable                     
200092b1  UARTCharsAvail                
200092e1  PRCMHIBRegRead                
200092f7  PRCMHIBRegWrite               
2000930d  UARTCharGet                   
20009323  strchr                        
20009339  CPUcpsie                      
2000934d  IntVTableBaseSet              
20009361  strlen                        
20009375  wcslen                        
20009387  __TI_decompress_none          
20009395  ResetISR                      
200093a3  copysign                      
200093a3  copysignl                     
200093af  IntMasterEnable               
200093b9  __aeabi_errno_addr            
200093c1  malloc                        
200093c9  UtilsDelay                    
200093cf  _system_pre_init              
200093d3  C$$EXIT                       
200093d3  abort                         
200098d3  _ctypes_                      
20009bd0  __TI_static_base__            
20009bf0  __TI_Handler_Table_Base       
20009bfc  __TI_Handler_Table_Limit      
20009c08  __TI_CINIT_Base               
20009c18  __TI_CINIT_Limit              
20017000  __start___llvm_prf_cnts       
20017000  __stop___llvm_prf_cnts        
20017000  _sys_memory                   
200178d0  cursor_x                      
200178d4  cursor_y                      
200178d8  textsize                      
200178dc  textcolor                     
200178e0  textbgcolor                   
200178e4  wrap                          
200178e8  _lock                         
200178ec  _unlock                       
200178f8  errno                         
2002f800  __stack                       
20030000  __STACK_END                   
ffffffff  __TI_pprof_out_hndl           
ffffffff  __TI_prof_data_size           
ffffffff  __TI_prof_data_start          
ffffffff  __binit__                     
ffffffff  __c_args__                    
ffffffff  binit                         
UNDEFED   __mpu_init                    
UNDEFED   _system_post_cinit            

[179 symbols]
