******************************************************************************
                  TI ARM Linker PC v20.2.0                     
******************************************************************************
>> Linked Thu Apr  9 22:58:41 2020

OUTPUT FILE NAME:   <blinky.out>
ENTRY POINT SYMBOL: "_c_int00_noargs"  address: 20005001


MEMORY CONFIGURATION

         name            origin    length      used     unused   attr    fill
----------------------  --------  ---------  --------  --------  ----  --------
  SRAM_CODE             20004000   00019000  0000145c  00017ba4  RW X
  SRAM_DATA             2001d000   00023000  00000823  000227dd  RW X


SEGMENT ALLOCATION MAP

run origin  load origin   length   init length attrs members
----------  ----------- ---------- ----------- ----- -------
20004000    20004000    00001460   00001460    r-x
  20004000    20004000    00000400   00000400    r-- .intvecs
  20004400    20004400    00000d88   00000d88    r-x .text
  20005188    20005188    00000294   00000294    r-- .const
  20005420    20005420    00000040   00000040    r-- .cinit
2001d000    2001d000    00000023   00000000    rw-
  2001d000    2001d000    00000020   00000000    rw- .data
  2001d020    2001d020    00000003   00000000    rw- .bss
2003f800    2003f800    00000800   00000000    rw-
  2003f800    2003f800    00000800   00000000    rw- .stack


SECTION ALLOCATION MAP

 output                                  attributes/
section   page    origin      length       input sections
--------  ----  ----------  ----------   ----------------
.intvecs   0    20004000    00000400     
                  20004000    00000400     startup_ccs.obj (.intvecs)

.init_array 
*          0    20004000    00000000     UNINITIALIZED

.text      0    20004400    00000d88     
                  20004400    00000398     gpio_if.obj (.text)
                  20004798    00000178     driverlib.a : prcm.obj (.text:PRCMCC3200MCUInit)
                  20004910    00000138     pin_mux_config.obj (.text)
                  20004a48    000000a8     driverlib.a : interrupt.obj (.text:IntEnable)
                  20004af0    0000009c     rtsv7M4_T_le_eabi.lib : memcpy_t2.asm.obj (.text)
                  20004b8c    00000090     main.obj (.text)
                  20004c1c    00000088     driverlib.a : pin.obj (.text:PinConfigSet)
                  20004ca4    00000082                 : gpio.obj (.text:GPIOIntTypeSet)
                  20004d26    00000068     rtsv7M4_T_le_eabi.lib : copy_decompress_lzss.c.obj (.text:decompress:lzss:__TI_decompress_lzss)
                  20004d8e    00000002     --HOLE-- [fill = 0]
                  20004d90    00000058     driverlib.a : prcm.obj (.text:PRCMPeripheralReset)
                  20004de8    00000054                 : interrupt.obj (.text:IntPrioritySet)
                  20004e3c    00000048                 : gpio.obj (.text:GPIOGetIntNumber)
                  20004e84    00000044     rtsv7M4_T_le_eabi.lib : autoinit.c.obj (.text:__TI_auto_init_nobinit_nopinit:__TI_auto_init_nobinit_nopinit)
                  20004ec8    00000040     driverlib.a : pin.obj (.text:PinModeSet)
                  20004f08    0000003c                 : prcm.obj (.text:PRCMPeripheralClkEnable)
                  20004f44    00000036                 : gpio.obj (.text:GPIODirModeSet)
                  20004f7a    00000030                 : pin.obj (.text:PinTypeGPIO)
                  20004faa    00000002     --HOLE-- [fill = 0]
                  20004fac    0000002c                 : prcm.obj (.text:PRCMSysResetCauseGet)
                  20004fd8    00000028                 : prcm.obj (.text:PRCMPeripheralClkDisable)
                  20005000    00000024     rtsv7M4_T_le_eabi.lib : boot_cortex_m.c.obj (.text:_c_int00_noargs:_c_int00_noargs)
                  20005024    00000020     driverlib.a : gpio.obj (.text:GPIOPinWrite)
                  20005044    00000020                 : interrupt.obj (.text:IntRegister)
                  20005064    0000001e                 : gpio.obj (.text:GPIOIntRegister)
                  20005082    0000001c     rtsv7M4_T_le_eabi.lib : copy_zero_init.c.obj (.text:decompress:ZI:__TI_zero_init_nomemset:__TI_zero_init_nomemset)
                  2000509e    0000001a     driverlib.a : gpio.obj (.text:GPIOIntEnable)
                  200050b8    0000001a                 : pin.obj (.text:PinTypeUART)
                  200050d2    00000018                 : gpio.obj (.text:GPIOPinRead)
                  200050ea    00000016                 : prcm.obj (.text:PRCMHIBRegRead)
                  20005100    00000016                 : prcm.obj (.text:PRCMHIBRegWrite)
                  20005116    00000014                 : cpu.obj (.text:CPUcpsie)
                  2000512a    00000014                 : gpio.obj (.text:GPIOIntClear)
                  2000513e    00000002     --HOLE-- [fill = 0]
                  20005140    00000014                 : interrupt.obj (.text:IntVTableBaseSet)
                  20005154    0000000e     rtsv7M4_T_le_eabi.lib : copy_decompress_none.c.obj (.text:decompress:none:__TI_decompress_none)
                  20005162    0000000e     startup_ccs.obj (.text)
                  20005170    0000000a     driverlib.a : interrupt.obj (.text:IntMasterEnable)
                  2000517a    00000006                 : utils.obj (.text:UtilsDelay)
                  20005180    00000004     rtsv7M4_T_le_eabi.lib : pre_init.c.obj (.text:_system_pre_init)
                  20005184    00000004                           : exit.c.obj (.text:abort:abort)

.const     0    20005188    00000294     
                  20005188    00000100     driverlib.a : pin.obj (.const:g_ulPinToPadMap)
                  20005288    000000d4                 : interrupt.obj (.const:g_pulRegs)
                  2000535c    000000a8                 : prcm.obj (.const:PRCM_PeriphRegsList)
                  20005404    00000018                 : interrupt.obj (.const:g_pulEnRegs)

.cinit     0    20005420    00000040     
                  20005420    00000017     (.cinit..data.load) [load image, compression = lzss]
                  20005437    00000001     --HOLE-- [fill = 0]
                  20005438    0000000c     (__TI_handler_table)
                  20005444    00000004     --HOLE-- [fill = 0]
                  20005448    00000008     (.cinit..bss.load) [load image, compression = zero_init]
                  20005450    00000010     (__TI_cinit_table)

.data      0    2001d000    00000020     UNINITIALIZED
                  2001d000    00000014     gpio_if.obj (.data:ulReg)
                  2001d014    0000000c     gpio_if.obj (.data)

.bss       0    2001d020    00000003     UNINITIALIZED
                  2001d020    00000001     (.common:g_ucLED1Pin)
                  2001d021    00000001     (.common:g_ucLED2Pin)
                  2001d022    00000001     (.common:g_ucLED3Pin)

.stack     0    2003f800    00000800     UNINITIALIZED
                  2003f800    00000004     rtsv7M4_T_le_eabi.lib : boot_cortex_m.c.obj (.stack)
                  2003f804    000007fc     --HOLE--

__llvm_prf_cnts 
*          0    2001d000    00000000     UNINITIALIZED

MODULE SUMMARY

       Module                       code   ro data   rw data
       ------                       ----   -------   -------
    .\
       startup_ccs.obj              14     1024      0      
       gpio_if.obj                  920    0         35     
       pin_mux_config.obj           312    0         0      
       main.obj                     144    0         0      
    +--+----------------------------+------+---------+---------+
       Total:                       1390   1024      35     
                                                            
    C:/TI/CC3200SDK_1.5.0/cc3200-sdk/driverlib/ccs/Release/driverlib.a
       prcm.obj                     652    168       0      
       interrupt.obj                314    236       0      
       pin.obj                      274    256       0      
       gpio.obj                     388    0         0      
       cpu.obj                      20     0         0      
       utils.obj                    6      0         0      
    +--+----------------------------+------+---------+---------+
       Total:                       1654   660       0      
                                                            
    C:\TI\ccs1000\ccs\tools\compiler\ti-cgt-arm_20.2.0.LTS\lib\rtsv7M4_T_le_eabi.lib
       memcpy_t2.asm.obj            156    0         0      
       copy_decompress_lzss.c.obj   104    0         0      
       autoinit.c.obj               68     0         0      
       boot_cortex_m.c.obj          36     0         0      
       copy_zero_init.c.obj         28     0         0      
       copy_decompress_none.c.obj   14     0         0      
       exit.c.obj                   4      0         0      
       pre_init.c.obj               4      0         0      
    +--+----------------------------+------+---------+---------+
       Total:                       414    0         0      
                                                            
       Stack:                       0      0         2048   
       Linker Generated:            0      59        0      
    +--+----------------------------+------+---------+---------+
       Grand Total:                 3458   1743      2083   


LINKER GENERATED COPY TABLES

__TI_cinit_table @ 20005450 records: 2, size/record: 8, table size: 16
	.data: load addr=20005420, load size=00000017 bytes, run addr=2001d000, run size=00000020 bytes, compression=lzss
	.bss: load addr=20005448, load size=00000008 bytes, run addr=2001d020, run size=00000003 bytes, compression=zero_init


LINKER GENERATED HANDLER TABLE

__TI_handler_table @ 20005438 records: 3, size/record: 4, table size: 12
	index: 0, handler: __TI_decompress_lzss
	index: 1, handler: __TI_decompress_none
	index: 2, handler: __TI_zero_init


GLOBAL SYMBOLS: SORTED ALPHABETICALLY BY Name 

address   name                          
-------   ----                          
20005185  C$$EXIT                       
20005117  CPUcpsie                      
20004f45  GPIODirModeSet                
2000512b  GPIOIntClear                  
2000509f  GPIOIntEnable                 
20005065  GPIOIntRegister               
20004ca5  GPIOIntTypeSet                
200050d3  GPIOPinRead                   
20005025  GPIOPinWrite                  
200046c1  GPIO_IF_ConfigureNIntEnable   
2000474d  GPIO_IF_Get                   
2000467b  GPIO_IF_GetPortNPin           
2000443d  GPIO_IF_LedConfigure          
2000452f  GPIO_IF_LedOff                
2000447b  GPIO_IF_LedOn                 
200045e3  GPIO_IF_LedStatus             
2000464d  GPIO_IF_LedToggle             
20004709  GPIO_IF_Set                   
20004a49  IntEnable                     
20005171  IntMasterEnable               
20004de9  IntPrioritySet                
20005045  IntRegister                   
20005141  IntVTableBaseSet              
20004b8d  LEDBlinkyRoutine              
20004799  PRCMCC3200MCUInit             
200050eb  PRCMHIBRegRead                
20005101  PRCMHIBRegWrite               
20004fd9  PRCMPeripheralClkDisable      
20004f09  PRCMPeripheralClkEnable       
20004d91  PRCMPeripheralReset           
20004fad  PRCMSysResetCauseGet          
20004c1d  PinConfigSet                  
20004ec9  PinModeSet                    
20004911  PinMuxConfig                  
20004f7b  PinTypeGPIO                   
200050b9  PinTypeUART                   
20005163  ResetISR                      
2000517b  UtilsDelay                    
20040000  __STACK_END                   
00000800  __STACK_SIZE                  
20005450  __TI_CINIT_Base               
20005460  __TI_CINIT_Limit              
20005438  __TI_Handler_Table_Base       
20005444  __TI_Handler_Table_Limit      
20004e85  __TI_auto_init_nobinit_nopinit
20004d27  __TI_decompress_lzss          
20005155  __TI_decompress_none          
ffffffff  __TI_pprof_out_hndl           
ffffffff  __TI_prof_data_size           
ffffffff  __TI_prof_data_start          
20005420  __TI_static_base__            
20005083  __TI_zero_init_nomemset       
20004af1  __aeabi_memcpy                
20004af1  __aeabi_memcpy4               
20004af1  __aeabi_memcpy8               
ffffffff  __binit__                     
ffffffff  __c_args__                    
UNDEFED   __mpu_init                    
2003f800  __stack                       
2001d000  __start___llvm_prf_cnts       
2001d000  __stop___llvm_prf_cnts        
20005001  _c_int00_noargs               
UNDEFED   _system_post_cinit            
20005181  _system_pre_init              
20005185  abort                         
ffffffff  binit                         
20004000  g_pfnVectors                  
2001d020  g_ucLED1Pin                   
2001d021  g_ucLED2Pin                   
2001d022  g_ucLED3Pin                   
2001d014  g_uiLED1Port                  
2001d018  g_uiLED2Port                  
2001d01c  g_uiLED3Port                  
20004bf7  main                          
20004af1  memcpy                        


GLOBAL SYMBOLS: SORTED BY Symbol Address 

address   name                          
-------   ----                          
00000800  __STACK_SIZE                  
20004000  g_pfnVectors                  
2000443d  GPIO_IF_LedConfigure          
2000447b  GPIO_IF_LedOn                 
2000452f  GPIO_IF_LedOff                
200045e3  GPIO_IF_LedStatus             
2000464d  GPIO_IF_LedToggle             
2000467b  GPIO_IF_GetPortNPin           
200046c1  GPIO_IF_ConfigureNIntEnable   
20004709  GPIO_IF_Set                   
2000474d  GPIO_IF_Get                   
20004799  PRCMCC3200MCUInit             
20004911  PinMuxConfig                  
20004a49  IntEnable                     
20004af1  __aeabi_memcpy                
20004af1  __aeabi_memcpy4               
20004af1  __aeabi_memcpy8               
20004af1  memcpy                        
20004b8d  LEDBlinkyRoutine              
20004bf7  main                          
20004c1d  PinConfigSet                  
20004ca5  GPIOIntTypeSet                
20004d27  __TI_decompress_lzss          
20004d91  PRCMPeripheralReset           
20004de9  IntPrioritySet                
20004e85  __TI_auto_init_nobinit_nopinit
20004ec9  PinModeSet                    
20004f09  PRCMPeripheralClkEnable       
20004f45  GPIODirModeSet                
20004f7b  PinTypeGPIO                   
20004fad  PRCMSysResetCauseGet          
20004fd9  PRCMPeripheralClkDisable      
20005001  _c_int00_noargs               
20005025  GPIOPinWrite                  
20005045  IntRegister                   
20005065  GPIOIntRegister               
20005083  __TI_zero_init_nomemset       
2000509f  GPIOIntEnable                 
200050b9  PinTypeUART                   
200050d3  GPIOPinRead                   
200050eb  PRCMHIBRegRead                
20005101  PRCMHIBRegWrite               
20005117  CPUcpsie                      
2000512b  GPIOIntClear                  
20005141  IntVTableBaseSet              
20005155  __TI_decompress_none          
20005163  ResetISR                      
20005171  IntMasterEnable               
2000517b  UtilsDelay                    
20005181  _system_pre_init              
20005185  C$$EXIT                       
20005185  abort                         
20005420  __TI_static_base__            
20005438  __TI_Handler_Table_Base       
20005444  __TI_Handler_Table_Limit      
20005450  __TI_CINIT_Base               
20005460  __TI_CINIT_Limit              
2001d000  __start___llvm_prf_cnts       
2001d000  __stop___llvm_prf_cnts        
2001d014  g_uiLED1Port                  
2001d018  g_uiLED2Port                  
2001d01c  g_uiLED3Port                  
2001d020  g_ucLED1Pin                   
2001d021  g_ucLED2Pin                   
2001d022  g_ucLED3Pin                   
2003f800  __stack                       
20040000  __STACK_END                   
ffffffff  __TI_pprof_out_hndl           
ffffffff  __TI_prof_data_size           
ffffffff  __TI_prof_data_start          
ffffffff  __binit__                     
ffffffff  __c_args__                    
ffffffff  binit                         
UNDEFED   __mpu_init                    
UNDEFED   _system_post_cinit            

[75 symbols]
