******************************************************************************
                  TI ARM Linker PC v20.2.0                     
******************************************************************************
>> Linked Sat Apr 11 01:02:34 2020

OUTPUT FILE NAME:   <lab1.out>
ENTRY POINT SYMBOL: "_c_int00_noargs"  address: 200077d1


MEMORY CONFIGURATION

         name            origin    length      used     unused   attr    fill
----------------------  --------  ---------  --------  --------  ----  --------
  SRAM_CODE             20004000   00019000  00003e32  000151ce  RW X
  SRAM_DATA             2001d000   00023000  0000103c  00021fc4  RW X


SEGMENT ALLOCATION MAP

run origin  load origin   length   init length attrs members
----------  ----------- ---------- ----------- ----- -------
20004000    20004000    00003e38   00003e38    r-x
  20004000    20004000    00000400   00000400    r-- .intvecs
  20004400    20004400    00003652   00003652    r-x .text
  20007a54    20007a54    00000398   00000398    r-- .const
  20007df0    20007df0    00000048   00000048    r-- .cinit
2001d000    2001d000    0000083f   00000000    rw-
  2001d000    2001d000    00000800   00000000    rw- .sysmem
  2001d800    2001d800    00000035   00000000    rw- .data
  2001d838    2001d838    00000007   00000000    rw- .bss
2003f800    2003f800    00000800   00000000    rw-
  2003f800    2003f800    00000800   00000000    rw- .stack


SECTION ALLOCATION MAP

 output                                  attributes/
section   page    origin      length       input sections
--------  ----  ----------  ----------   ----------------
.intvecs   0    20004000    00000400     
                  20004000    00000400     startup_ccs.obj (.intvecs)

.init_array 
*          0    20004000    00000000     UNINITIALIZED

.text      0    20004400    00003652     
                  20004400    00000a4e     rtsv7M4_T_le_eabi.lib : _printfi.c.obj (.text:__TI_printfi)
                  20004e4e    00000002                           : _lock.c.obj (.text:_nop)
                  20004e50    00000548     main.obj (.text)
                  20005398    00000398     gpio_if.obj (.text)
                  20005730    0000027c     uart_if.obj (.text)
                  200059ac    00000268     rtsv7M4_T_le_eabi.lib : _printfi.c.obj (.text:_pconv_a)
                  20005c14    000001cc                           : _printfi.c.obj (.text:_pconv_g)
                  20005de0    000001b6                           : fd_add_t2.asm.obj (.text)
                  20005f96    00000002                           : div0.asm.obj (.text)
                  20005f98    00000178     driverlib.a : prcm.obj (.text:PRCMCC3200MCUInit)
                  20006110    0000013c     rtsv7M4_T_le_eabi.lib : _printfi.c.obj (.text:_pconv_e)
                  2000624c    00000138     pin_mux_config.obj (.text)
                  20006384    00000136     rtsv7M4_T_le_eabi.lib : fd_div_t2.asm.obj (.text)
                  200064ba    00000002     --HOLE-- [fill = 0]
                  200064bc    00000120                           : _printfi.c.obj (.text:fcvt)
                  200065dc    00000108                           : memory.c.obj (.text:aligned_alloc)
                  200066e4    000000fc                           : fd_mul_t2.asm.obj (.text)
                  200067e0    000000e4                           : memory.c.obj (.text:free)
                  200068c4    000000e4                           : memory.c.obj (.text:realloc)
                  200069a8    000000d0                           : s_scalbn.c.obj (.text:scalbn)
                  20006a78    000000b1                           : _printfi.c.obj (.text:_ltostr)
                  20006b29    00000003     --HOLE-- [fill = 0]
                  20006b2c    000000a8     driverlib.a : interrupt.obj (.text:IntEnable)
                  20006bd4    0000009c     rtsv7M4_T_le_eabi.lib : memcpy_t2.asm.obj (.text)
                  20006c70    00000096                           : ull_div_t2.asm.obj (.text)
                  20006d06    00000002     --HOLE-- [fill = 0]
                  20006d08    00000094     driverlib.a : prcm.obj (.text:PRCMPeripheralClockGet)
                  20006d9c    00000088                 : pin.obj (.text:PinConfigSet)
                  20006e24    00000086     rtsv7M4_T_le_eabi.lib : fd_cmp_t2.asm.obj (.text:__aeabi_cdcmple)
                  20006eaa    00000086                           : fd_cmp_t2.asm.obj (.text:__aeabi_cdrcmple)
                  20006f30    00000082     driverlib.a : gpio.obj (.text:GPIOIntTypeSet)
                  20006fb2    0000007a     rtsv7M4_T_le_eabi.lib : memset_t2.asm.obj (.text)
                  2000702c    00000076     driverlib.a : uart.obj (.text:UARTConfigSetExpClk)
                  200070a2    00000002     --HOLE-- [fill = 0]
                  200070a4    00000070     rtsv7M4_T_le_eabi.lib : memory.c.obj (.text:split)
                  20007114    0000006e                           : _printfi.c.obj (.text:_mcpy)
                  20007182    00000068                           : copy_decompress_lzss.c.obj (.text:decompress:lzss:__TI_decompress_lzss)
                  200071ea    00000002     --HOLE-- [fill = 0]
                  200071ec    0000005c                           : s_frexp.c.obj (.text:frexp)
                  20007248    00000058     driverlib.a : prcm.obj (.text:PRCMPeripheralReset)
                  200072a0    00000056     rtsv7M4_T_le_eabi.lib : _printfi.c.obj (.text:_pconv_f)
                  200072f6    00000002     --HOLE-- [fill = 0]
                  200072f8    00000054     driverlib.a : interrupt.obj (.text:IntPrioritySet)
                  2000734c    00000054     rtsv7M4_T_le_eabi.lib : _ltoa.c.obj (.text:__TI_ltoa)
                  200073a0    00000052                           : _printfi.c.obj (.text:_ecpy)
                  200073f2    00000002     --HOLE-- [fill = 0]
                  200073f4    0000004c                           : atoi.c.obj (.text:atoi)
                  20007440    00000048     driverlib.a : gpio.obj (.text:GPIOGetIntNumber)
                  20007488    00000048     rtsv7M4_T_le_eabi.lib : fd_toi_t2.asm.obj (.text)
                  200074d0    00000044                           : autoinit.c.obj (.text:__TI_auto_init_nobinit_nopinit:__TI_auto_init_nobinit_nopinit)
                  20007514    00000040     driverlib.a : pin.obj (.text:PinModeSet)
                  20007554    00000040     rtsv7M4_T_le_eabi.lib : vsnprintf.c.obj (.text:vsnprintf)
                  20007594    0000003e                           : _printfi.c.obj (.text:_fcpy)
                  200075d2    00000002     --HOLE-- [fill = 0]
                  200075d4    0000003c     driverlib.a : prcm.obj (.text:PRCMPeripheralClkEnable)
                  20007610    00000036                 : gpio.obj (.text:GPIODirModeSet)
                  20007646    00000030                 : pin.obj (.text:PinTypeGPIO)
                  20007676    00000002     --HOLE-- [fill = 0]
                  20007678    00000030                 : uart.obj (.text:UARTDisable)
                  200076a8    00000030     rtsv7M4_T_le_eabi.lib : vsnprintf.c.obj (.text:_outs)
                  200076d8    0000002e                           : i_tofd_t2.asm.obj (.text)
                  20007706    00000002     --HOLE-- [fill = 0]
                  20007708    0000002c     driverlib.a : prcm.obj (.text:PRCMSysResetCauseGet)
                  20007734    00000028                 : prcm.obj (.text:PRCMPeripheralClkDisable)
                  2000775c    00000028     rtsv7M4_T_le_eabi.lib : memory.c.obj (.text:free_list_insert)
                  20007784    00000028                           : memmov.c.obj (.text:memmove)
                  200077ac    00000024     driverlib.a : uart.obj (.text:UARTEnable)
                  200077d0    00000024     rtsv7M4_T_le_eabi.lib : boot_cortex_m.c.obj (.text:_c_int00_noargs:_c_int00_noargs)
                  200077f4    00000020     driverlib.a : gpio.obj (.text:GPIOPinWrite)
                  20007814    00000020                 : interrupt.obj (.text:IntRegister)
                  20007834    0000001e                 : gpio.obj (.text:GPIOIntRegister)
                  20007852    0000001e                 : uart.obj (.text:UARTCharPut)
                  20007870    0000001c                 : uart.obj (.text:UARTCharGetNonBlocking)
                  2000788c    0000001c     rtsv7M4_T_le_eabi.lib : copy_zero_init.c.obj (.text:decompress:ZI:__TI_zero_init_nomemset:__TI_zero_init_nomemset)
                  200078a8    0000001c                           : memory.c.obj (.text:free_list_remove)
                  200078c4    0000001c                           : memccpy.c.obj (.text:memccpy)
                  200078e0    0000001a     driverlib.a : gpio.obj (.text:GPIOIntEnable)
                  200078fa    0000001a                 : pin.obj (.text:PinTypeUART)
                  20007914    00000018                 : gpio.obj (.text:GPIOPinRead)
                  2000792c    00000018                 : uart.obj (.text:UARTCharsAvail)
                  20007944    00000018     rtsv7M4_T_le_eabi.lib : vsnprintf.c.obj (.text:_outc)
                  2000795c    00000016     driverlib.a : prcm.obj (.text:PRCMHIBRegRead)
                  20007972    00000016                 : prcm.obj (.text:PRCMHIBRegWrite)
                  20007988    00000016     rtsv7M4_T_le_eabi.lib : strchr.c.obj (.text:strchr)
                  2000799e    00000014     driverlib.a : cpu.obj (.text:CPUcpsie)
                  200079b2    00000014                 : gpio.obj (.text:GPIOIntClear)
                  200079c6    00000002     --HOLE-- [fill = 0]
                  200079c8    00000014                 : interrupt.obj (.text:IntVTableBaseSet)
                  200079dc    00000014     rtsv7M4_T_le_eabi.lib : strlen.c.obj (.text:strlen)
                  200079f0    00000012                           : wcslen.c.obj (.text:wcslen)
                  20007a02    0000000e                           : copy_decompress_none.c.obj (.text:decompress:none:__TI_decompress_none)
                  20007a10    0000000e     startup_ccs.obj (.text)
                  20007a1e    0000000c     rtsv7M4_T_le_eabi.lib : s_copysign.c.obj (.text:copysign)
                  20007a2a    0000000a     driverlib.a : interrupt.obj (.text:IntMasterEnable)
                  20007a34    00000008     rtsv7M4_T_le_eabi.lib : errno.c.obj (.text:__aeabi_errno_addr)
                  20007a3c    00000008                           : memory.c.obj (.text:malloc)
                  20007a44    00000006     driverlib.a : utils.obj (.text:UtilsDelay)
                  20007a4a    00000004     rtsv7M4_T_le_eabi.lib : pre_init.c.obj (.text:_system_pre_init)
                  20007a4e    00000004                           : exit.c.obj (.text:abort:abort)

.const     0    20007a54    00000398     
                  20007a54    00000101     rtsv7M4_T_le_eabi.lib : ctype.c.obj (.const:.string:_ctypes_)
                  20007b55    00000003     --HOLE-- [fill = 0]
                  20007b58    00000100     driverlib.a : pin.obj (.const:g_ulPinToPadMap)
                  20007c58    000000d4                 : interrupt.obj (.const:g_pulRegs)
                  20007d2c    000000a8                 : prcm.obj (.const:PRCM_PeriphRegsList)
                  20007dd4    00000018                 : interrupt.obj (.const:g_pulEnRegs)

.cinit     0    20007df0    00000048     
                  20007df0    00000021     (.cinit..data.load) [load image, compression = lzss]
                  20007e11    00000003     --HOLE-- [fill = 0]
                  20007e14    0000000c     (__TI_handler_table)
                  20007e20    00000008     (.cinit..bss.load) [load image, compression = zero_init]
                  20007e28    00000010     (__TI_cinit_table)

.sysmem    0    2001d000    00000800     UNINITIALIZED
                  2001d000    00000010     rtsv7M4_T_le_eabi.lib : memory.c.obj (.sysmem)
                  2001d010    000007f0     --HOLE--

.data      0    2001d800    00000035     UNINITIALIZED
                  2001d800    00000014     gpio_if.obj (.data:ulReg)
                  2001d814    0000000c     gpio_if.obj (.data)
                  2001d820    00000008     rtsv7M4_T_le_eabi.lib : _lock.c.obj (.data:$O1$$)
                  2001d828    00000008                           : memory.c.obj (.data:$O1$$)
                  2001d830    00000004                           : errno.c.obj (.data)
                  2001d834    00000001     main.obj (.data)

.bss       0    2001d838    00000007     UNINITIALIZED
                  2001d838    00000004     uart_if.obj (.bss)
                  2001d83c    00000001     (.common:g_ucLED1Pin)
                  2001d83d    00000001     (.common:g_ucLED2Pin)
                  2001d83e    00000001     (.common:g_ucLED3Pin)

.stack     0    2003f800    00000800     UNINITIALIZED
                  2003f800    00000004     rtsv7M4_T_le_eabi.lib : boot_cortex_m.c.obj (.stack)
                  2003f804    000007fc     --HOLE--

__llvm_prf_cnts 
*          0    2001d000    00000000     UNINITIALIZED

MODULE SUMMARY

       Module                       code    ro data   rw data
       ------                       ----    -------   -------
    .\
       main.obj                     1352    0         1      
       startup_ccs.obj              14      1024      0      
       gpio_if.obj                  920     0         35     
       uart_if.obj                  636     0         4      
       pin_mux_config.obj           312     0         0      
    +--+----------------------------+-------+---------+---------+
       Total:                       3234    1024      40     
                                                             
    C:/TI/CC3200SDK_1.5.0/cc3200-sdk/driverlib/ccs/Release/driverlib.a
       prcm.obj                     800     168       0      
       interrupt.obj                314     236       0      
       pin.obj                      274     256       0      
       gpio.obj                     388     0         0      
       uart.obj                     284     0         0      
       cpu.obj                      20      0         0      
       utils.obj                    6       0         0      
    +--+----------------------------+-------+---------+---------+
       Total:                       2086    660       0      
                                                             
    C:\TI\ccs1000\ccs\tools\compiler\ti-cgt-arm_20.2.0.LTS\lib\rtsv7M4_T_le_eabi.lib
       _printfi.c.obj               4835    0         0      
       memory.c.obj                 908     0         8      
       fd_add_t2.asm.obj            438     0         0      
       fd_div_t2.asm.obj            310     0         0      
       fd_cmp_t2.asm.obj            268     0         0      
       ctype.c.obj                  0       257       0      
       fd_mul_t2.asm.obj            252     0         0      
       s_scalbn.c.obj               208     0         0      
       memcpy_t2.asm.obj            156     0         0      
       ull_div_t2.asm.obj           150     0         0      
       vsnprintf.c.obj              136     0         0      
       memset_t2.asm.obj            122     0         0      
       copy_decompress_lzss.c.obj   104     0         0      
       s_frexp.c.obj                92      0         0      
       _ltoa.c.obj                  84      0         0      
       atoi.c.obj                   76      0         0      
       fd_toi_t2.asm.obj            72      0         0      
       autoinit.c.obj               68      0         0      
       i_tofd_t2.asm.obj            46      0         0      
       memmov.c.obj                 40      0         0      
       boot_cortex_m.c.obj          36      0         0      
       copy_zero_init.c.obj         28      0         0      
       memccpy.c.obj                28      0         0      
       strchr.c.obj                 22      0         0      
       strlen.c.obj                 20      0         0      
       wcslen.c.obj                 18      0         0      
       copy_decompress_none.c.obj   14      0         0      
       errno.c.obj                  8       0         4      
       s_copysign.c.obj             12      0         0      
       _lock.c.obj                  2       0         8      
       exit.c.obj                   4       0         0      
       pre_init.c.obj               4       0         0      
       div0.asm.obj                 2       0         0      
    +--+----------------------------+-------+---------+---------+
       Total:                       8563    257       20     
                                                             
       Heap:                        0       0         2048   
       Stack:                       0       0         2048   
       Linker Generated:            0       69        0      
    +--+----------------------------+-------+---------+---------+
       Grand Total:                 13883   2010      4156   


LINKER GENERATED COPY TABLES

__TI_cinit_table @ 20007e28 records: 2, size/record: 8, table size: 16
	.data: load addr=20007df0, load size=00000021 bytes, run addr=2001d800, run size=00000035 bytes, compression=lzss
	.bss: load addr=20007e20, load size=00000008 bytes, run addr=2001d838, run size=00000007 bytes, compression=zero_init


LINKER GENERATED HANDLER TABLE

__TI_handler_table @ 20007e14 records: 3, size/record: 4, table size: 12
	index: 0, handler: __TI_decompress_lzss
	index: 1, handler: __TI_decompress_none
	index: 2, handler: __TI_zero_init


GLOBAL SYMBOLS: SORTED ALPHABETICALLY BY Name 

address   name                          
-------   ----                          
20007a4f  C$$EXIT                       
2000799f  CPUcpsie                      
20005771  ClearTerm                     
2000577b  Error                         
20007611  GPIODirModeSet                
200079b3  GPIOIntClear                  
200078e1  GPIOIntEnable                 
20007835  GPIOIntRegister               
20006f31  GPIOIntTypeSet                
20007915  GPIOPinRead                   
200077f5  GPIOPinWrite                  
20005659  GPIO_IF_ConfigureNIntEnable   
200056e5  GPIO_IF_Get                   
20005613  GPIO_IF_GetPortNPin           
200053d5  GPIO_IF_LedConfigure          
200054c7  GPIO_IF_LedOff                
20005413  GPIO_IF_LedOn                 
2000557b  GPIO_IF_LedStatus             
200055e5  GPIO_IF_LedToggle             
200056a1  GPIO_IF_Set                   
200057b3  GetCmd                        
20005731  InitTerm                      
20006b2d  IntEnable                     
20007a2b  IntMasterEnable               
200072f9  IntPrioritySet                
20007815  IntRegister                   
200079c9  IntVTableBaseSet              
2000574f  Message                       
20005f99  PRCMCC3200MCUInit             
2000795d  PRCMHIBRegRead                
20007973  PRCMHIBRegWrite               
20007735  PRCMPeripheralClkDisable      
200075d5  PRCMPeripheralClkEnable       
20006d09  PRCMPeripheralClockGet        
20007249  PRCMPeripheralReset           
20007709  PRCMSysResetCauseGet          
20006d9d  PinConfigSet                  
20007515  PinModeSet                    
2000624d  PinMuxConfig                  
20007647  PinTypeGPIO                   
200078fb  PinTypeUART                   
200058f1  Report                        
20007a11  ResetISR                      
20005859  TrimSpace                     
20007871  UARTCharGetNonBlocking        
20007853  UARTCharPut                   
2000792d  UARTCharsAvail                
2000702d  UARTConfigSetExpClk           
20007679  UARTDisable                   
200077ad  UARTEnable                    
20007a45  UtilsDelay                    
20040000  __STACK_END                   
00000800  __STACK_SIZE                  
00000800  __SYSMEM_SIZE                 
20007e28  __TI_CINIT_Base               
20007e38  __TI_CINIT_Limit              
20007e14  __TI_Handler_Table_Base       
20007e20  __TI_Handler_Table_Limit      
200074d1  __TI_auto_init_nobinit_nopinit
20007183  __TI_decompress_lzss          
20007a03  __TI_decompress_none          
2000734d  __TI_ltoa                     
ffffffff  __TI_pprof_out_hndl           
20004401  __TI_printfi                  
ffffffff  __TI_prof_data_size           
ffffffff  __TI_prof_data_start          
20007df0  __TI_static_base__            
2000788d  __TI_zero_init_nomemset       
20006e25  __aeabi_cdcmpeq               
20006e25  __aeabi_cdcmple               
20006eab  __aeabi_cdrcmple              
20007489  __aeabi_d2iz                  
20005deb  __aeabi_dadd                  
20006385  __aeabi_ddiv                  
200066e5  __aeabi_dmul                  
20005de1  __aeabi_dsub                  
20007a35  __aeabi_errno_addr            
200076d9  __aeabi_i2d                   
20005f97  __aeabi_idiv0                 
20005f97  __aeabi_ldiv0                 
20006fb3  __aeabi_memclr                
20006fb3  __aeabi_memclr4               
20006fb3  __aeabi_memclr8               
20006bd5  __aeabi_memcpy                
20006bd5  __aeabi_memcpy4               
20006bd5  __aeabi_memcpy8               
20006fb5  __aeabi_memset                
20006fb5  __aeabi_memset4               
20006fb5  __aeabi_memset8               
20006c71  __aeabi_uldivmod              
ffffffff  __binit__                     
ffffffff  __c_args__                    
UNDEFED   __mpu_init                    
2003f800  __stack                       
2001d000  __start___llvm_prf_cnts       
2001d000  __stop___llvm_prf_cnts        
200077d1  _c_int00_noargs               
20007a54  _ctypes_                      
2001d820  _lock                         
20004e4f  _nop                          
2001d000  _sys_memory                   
UNDEFED   _system_post_cinit            
20007a4b  _system_pre_init              
2001d824  _unlock                       
20007a4f  abort                         
200065dd  aligned_alloc                 
200073f5  atoi                          
ffffffff  binit                         
20007a1f  copysign                      
20007a1f  copysignl                     
2001d830  errno                         
200067e1  free                          
200071ed  frexp                         
200071ed  frexpl                        
20004000  g_pfnVectors                  
2001d83c  g_ucLED1Pin                   
2001d83d  g_ucLED2Pin                   
2001d83e  g_ucLED3Pin                   
2001d814  g_uiLED1Port                  
2001d818  g_uiLED2Port                  
2001d81c  g_uiLED3Port                  
200069a9  ldexp                         
200069a9  ldexpl                        
20005289  main                          
20007a3d  malloc                        
200065dd  memalign                      
200078c5  memccpy                       
20006bd5  memcpy                        
20007785  memmove                       
20006fbb  memset                        
200068c5  realloc                       
200069a9  scalbn                        
200069a9  scalbnl                       
20007989  strchr                        
200079dd  strlen                        
20007555  vsnprintf                     
200079f1  wcslen                        


GLOBAL SYMBOLS: SORTED BY Symbol Address 

address   name                          
-------   ----                          
00000800  __STACK_SIZE                  
00000800  __SYSMEM_SIZE                 
20004000  g_pfnVectors                  
20004401  __TI_printfi                  
20004e4f  _nop                          
20005289  main                          
200053d5  GPIO_IF_LedConfigure          
20005413  GPIO_IF_LedOn                 
200054c7  GPIO_IF_LedOff                
2000557b  GPIO_IF_LedStatus             
200055e5  GPIO_IF_LedToggle             
20005613  GPIO_IF_GetPortNPin           
20005659  GPIO_IF_ConfigureNIntEnable   
200056a1  GPIO_IF_Set                   
200056e5  GPIO_IF_Get                   
20005731  InitTerm                      
2000574f  Message                       
20005771  ClearTerm                     
2000577b  Error                         
200057b3  GetCmd                        
20005859  TrimSpace                     
200058f1  Report                        
20005de1  __aeabi_dsub                  
20005deb  __aeabi_dadd                  
20005f97  __aeabi_idiv0                 
20005f97  __aeabi_ldiv0                 
20005f99  PRCMCC3200MCUInit             
2000624d  PinMuxConfig                  
20006385  __aeabi_ddiv                  
200065dd  aligned_alloc                 
200065dd  memalign                      
200066e5  __aeabi_dmul                  
200067e1  free                          
200068c5  realloc                       
200069a9  ldexp                         
200069a9  ldexpl                        
200069a9  scalbn                        
200069a9  scalbnl                       
20006b2d  IntEnable                     
20006bd5  __aeabi_memcpy                
20006bd5  __aeabi_memcpy4               
20006bd5  __aeabi_memcpy8               
20006bd5  memcpy                        
20006c71  __aeabi_uldivmod              
20006d09  PRCMPeripheralClockGet        
20006d9d  PinConfigSet                  
20006e25  __aeabi_cdcmpeq               
20006e25  __aeabi_cdcmple               
20006eab  __aeabi_cdrcmple              
20006f31  GPIOIntTypeSet                
20006fb3  __aeabi_memclr                
20006fb3  __aeabi_memclr4               
20006fb3  __aeabi_memclr8               
20006fb5  __aeabi_memset                
20006fb5  __aeabi_memset4               
20006fb5  __aeabi_memset8               
20006fbb  memset                        
2000702d  UARTConfigSetExpClk           
20007183  __TI_decompress_lzss          
200071ed  frexp                         
200071ed  frexpl                        
20007249  PRCMPeripheralReset           
200072f9  IntPrioritySet                
2000734d  __TI_ltoa                     
200073f5  atoi                          
20007489  __aeabi_d2iz                  
200074d1  __TI_auto_init_nobinit_nopinit
20007515  PinModeSet                    
20007555  vsnprintf                     
200075d5  PRCMPeripheralClkEnable       
20007611  GPIODirModeSet                
20007647  PinTypeGPIO                   
20007679  UARTDisable                   
200076d9  __aeabi_i2d                   
20007709  PRCMSysResetCauseGet          
20007735  PRCMPeripheralClkDisable      
20007785  memmove                       
200077ad  UARTEnable                    
200077d1  _c_int00_noargs               
200077f5  GPIOPinWrite                  
20007815  IntRegister                   
20007835  GPIOIntRegister               
20007853  UARTCharPut                   
20007871  UARTCharGetNonBlocking        
2000788d  __TI_zero_init_nomemset       
200078c5  memccpy                       
200078e1  GPIOIntEnable                 
200078fb  PinTypeUART                   
20007915  GPIOPinRead                   
2000792d  UARTCharsAvail                
2000795d  PRCMHIBRegRead                
20007973  PRCMHIBRegWrite               
20007989  strchr                        
2000799f  CPUcpsie                      
200079b3  GPIOIntClear                  
200079c9  IntVTableBaseSet              
200079dd  strlen                        
200079f1  wcslen                        
20007a03  __TI_decompress_none          
20007a11  ResetISR                      
20007a1f  copysign                      
20007a1f  copysignl                     
20007a2b  IntMasterEnable               
20007a35  __aeabi_errno_addr            
20007a3d  malloc                        
20007a45  UtilsDelay                    
20007a4b  _system_pre_init              
20007a4f  C$$EXIT                       
20007a4f  abort                         
20007a54  _ctypes_                      
20007df0  __TI_static_base__            
20007e14  __TI_Handler_Table_Base       
20007e20  __TI_Handler_Table_Limit      
20007e28  __TI_CINIT_Base               
20007e38  __TI_CINIT_Limit              
2001d000  __start___llvm_prf_cnts       
2001d000  __stop___llvm_prf_cnts        
2001d000  _sys_memory                   
2001d814  g_uiLED1Port                  
2001d818  g_uiLED2Port                  
2001d81c  g_uiLED3Port                  
2001d820  _lock                         
2001d824  _unlock                       
2001d830  errno                         
2001d83c  g_ucLED1Pin                   
2001d83d  g_ucLED2Pin                   
2001d83e  g_ucLED3Pin                   
2003f800  __stack                       
20040000  __STACK_END                   
ffffffff  __TI_pprof_out_hndl           
ffffffff  __TI_prof_data_size           
ffffffff  __TI_prof_data_start          
ffffffff  __binit__                     
ffffffff  __c_args__                    
ffffffff  binit                         
UNDEFED   __mpu_init                    
UNDEFED   _system_post_cinit            

[137 symbols]
