******************************************************************************
                  TI ARM Linker PC v20.2.0                     
******************************************************************************
>> Linked Fri May  1 23:18:35 2020

OUTPUT FILE NAME:   <lab2.1.out>
ENTRY POINT SYMBOL: "_c_int00_noargs"  address: 200089e1


MEMORY CONFIGURATION

         name            origin    length      used     unused   attr    fill
----------------------  --------  ---------  --------  --------  ----  --------
  SRAM_CODE             20004000   00013000  00005616  0000d9ea  RW X
  SRAM_DATA             20017000   00019000  000010fa  00017f06  RW X


SEGMENT ALLOCATION MAP

run origin  load origin   length   init length attrs members
----------  ----------- ---------- ----------- ----- -------
20004000    20004000    00005618   00005618    r-x
  20004000    20004000    00000400   00000400    r-- .intvecs
  20004400    20004400    000049d6   000049d6    r-x .text
  20008dd8    20008dd8    000007f8   000007f8    r-- .const
  200095d0    200095d0    00000048   00000048    r-- .cinit
20017000    20017000    000008fc   00000000    rw-
  20017000    20017000    00000800   00000000    rw- .sysmem
  20017800    20017800    000000ce   00000000    rw- .bss
  200178d0    200178d0    0000002c   00000000    rw- .data
2002f800    2002f800    00000800   00000000    rw-
  2002f800    2002f800    00000800   00000000    rw- .stack


SECTION ALLOCATION MAP

 output                                  attributes/
section   page    origin      length       input sections
--------  ----  ----------  ----------   ----------------
.intvecs   0    20004000    00000400     
                  20004000    00000400     startup_ccs.obj (.intvecs)

.init_array 
*          0    20004000    00000000     UNINITIALIZED

.text      0    20004400    000049d6     
                  20004400    00000a80     Adafruit_GFX.obj (.text)
                  20004e80    00000a4e     rtsv7M4_T_le_eabi.lib : _printfi.c.obj (.text:__TI_printfi)
                  200058ce    00000002                           : _lock.c.obj (.text:_nop)
                  200058d0    00000498     main.obj (.text)
                  20005d68    00000476     Adafruit_OLED.obj (.text)
                  200061de    00000002     rtsv7M4_T_le_eabi.lib : div0.asm.obj (.text)
                  200061e0    000002b4     i2c_if.obj (.text)
                  20006494    0000027c     uart_if.obj (.text)
                  20006710    00000268     rtsv7M4_T_le_eabi.lib : _printfi.c.obj (.text:_pconv_a)
                  20006978    000001cc                           : _printfi.c.obj (.text:_pconv_g)
                  20006b44    000001b6                           : fd_add_t2.asm.obj (.text)
                  20006cfa    00000002     --HOLE-- [fill = 0]
                  20006cfc    00000178     driverlib.a : prcm.obj (.text:PRCMCC3200MCUInit)
                  20006e74    0000013c     rtsv7M4_T_le_eabi.lib : _printfi.c.obj (.text:_pconv_e)
                  20006fb0    00000136                           : fd_div_t2.asm.obj (.text)
                  200070e6    00000002     --HOLE-- [fill = 0]
                  200070e8    00000120                           : _printfi.c.obj (.text:fcvt)
                  20007208    0000010c     pin_mux_config.obj (.text)
                  20007314    00000108     rtsv7M4_T_le_eabi.lib : memory.c.obj (.text:aligned_alloc)
                  2000741c    000000fc                           : fd_mul_t2.asm.obj (.text)
                  20007518    000000e4                           : memory.c.obj (.text:free)
                  200075fc    000000e4                           : memory.c.obj (.text:realloc)
                  200076e0    000000d0     driverlib.a : spi.obj (.text:SPITransfer32)
                  200077b0    000000d0     rtsv7M4_T_le_eabi.lib : s_scalbn.c.obj (.text:scalbn)
                  20007880    000000ce     driverlib.a : spi.obj (.text:SPITransfer16)
                  2000794e    000000b8                 : spi.obj (.text:SPITransfer8)
                  20007a06    00000002     --HOLE-- [fill = 0]
                  20007a08    000000b1     rtsv7M4_T_le_eabi.lib : _printfi.c.obj (.text:_ltostr)
                  20007ab9    00000003     --HOLE-- [fill = 0]
                  20007abc    000000a8     driverlib.a : interrupt.obj (.text:IntEnable)
                  20007b64    000000a0                 : spi.obj (.text:SPIConfigSetExpClk)
                  20007c04    0000009c     rtsv7M4_T_le_eabi.lib : memcpy_t2.asm.obj (.text)
                  20007ca0    00000096                           : ull_div_t2.asm.obj (.text)
                  20007d36    00000002     --HOLE-- [fill = 0]
                  20007d38    00000094     driverlib.a : prcm.obj (.text:PRCMPeripheralClockGet)
                  20007dcc    00000088                 : pin.obj (.text:PinConfigSet)
                  20007e54    00000088                 : spi.obj (.text:SPITransfer)
                  20007edc    00000086     rtsv7M4_T_le_eabi.lib : fd_cmp_t2.asm.obj (.text:__aeabi_cdcmple)
                  20007f62    00000086                           : fd_cmp_t2.asm.obj (.text:__aeabi_cdrcmple)
                  20007fe8    00000084     driverlib.a : i2c.obj (.text:I2CMasterInitExpClk)
                  2000806c    0000007c                 : spi.obj (.text:SPIIntStatus)
                  200080e8    0000007a     rtsv7M4_T_le_eabi.lib : memset_t2.asm.obj (.text)
                  20008162    00000076     driverlib.a : uart.obj (.text:UARTConfigSetExpClk)
                  200081d8    00000070     rtsv7M4_T_le_eabi.lib : memory.c.obj (.text:split)
                  20008248    0000006e                           : _printfi.c.obj (.text:_mcpy)
                  200082b6    00000068                           : copy_decompress_lzss.c.obj (.text:decompress:lzss:__TI_decompress_lzss)
                  2000831e    00000002     --HOLE-- [fill = 0]
                  20008320    0000005c                           : s_frexp.c.obj (.text:frexp)
                  2000837c    00000058     driverlib.a : prcm.obj (.text:PRCMPeripheralReset)
                  200083d4    00000056     rtsv7M4_T_le_eabi.lib : _printfi.c.obj (.text:_pconv_f)
                  2000842a    00000054                           : _ltoa.c.obj (.text:__TI_ltoa)
                  2000847e    00000052                           : _printfi.c.obj (.text:_ecpy)
                  200084d0    0000004c     driverlib.a : spi.obj (.text:SPIIntEnable)
                  2000851c    0000004c                 : spi.obj (.text:SPIIntNumberGet)
                  20008568    0000004c     rtsv7M4_T_le_eabi.lib : atoi.c.obj (.text:atoi)
                  200085b4    00000048     driverlib.a : spi.obj (.text:SPIIntClear)
                  200085fc    00000048     rtsv7M4_T_le_eabi.lib : fd_toi_t2.asm.obj (.text)
                  20008644    00000044     driverlib.a : spi.obj (.text:SPIDmaMaskGet)
                  20008688    00000044     rtsv7M4_T_le_eabi.lib : autoinit.c.obj (.text:__TI_auto_init_nobinit_nopinit:__TI_auto_init_nobinit_nopinit)
                  200086cc    00000040     driverlib.a : pin.obj (.text:PinModeSet)
                  2000870c    00000040     rtsv7M4_T_le_eabi.lib : vsnprintf.c.obj (.text:vsnprintf)
                  2000874c    0000003e                           : _printfi.c.obj (.text:_fcpy)
                  2000878a    00000002     --HOLE-- [fill = 0]
                  2000878c    0000003c     driverlib.a : prcm.obj (.text:PRCMPeripheralClkEnable)
                  200087c8    00000036                 : gpio.obj (.text:GPIODirModeSet)
                  200087fe    00000030                 : pin.obj (.text:PinTypeGPIO)
                  2000882e    00000002     --HOLE-- [fill = 0]
                  20008830    00000030                 : uart.obj (.text:UARTDisable)
                  20008860    00000030     rtsv7M4_T_le_eabi.lib : vsnprintf.c.obj (.text:_outs)
                  20008890    0000002e                           : i_tofd_t2.asm.obj (.text)
                  200088be    0000002c     driverlib.a : i2c.obj (.text:I2CMasterErr)
                  200088ea    00000002     --HOLE-- [fill = 0]
                  200088ec    0000002c                 : prcm.obj (.text:PRCMSysResetCauseGet)
                  20008918    0000002a                 : spi.obj (.text:SPIDataGetNonBlocking)
                  20008942    00000002     --HOLE-- [fill = 0]
                  20008944    00000028                 : prcm.obj (.text:PRCMPeripheralClkDisable)
                  2000896c    00000028     rtsv7M4_T_le_eabi.lib : memory.c.obj (.text:free_list_insert)
                  20008994    00000028                           : memmov.c.obj (.text:memmove)
                  200089bc    00000024     driverlib.a : uart.obj (.text:UARTEnable)
                  200089e0    00000024     rtsv7M4_T_le_eabi.lib : boot_cortex_m.c.obj (.text:_c_int00_noargs:_c_int00_noargs)
                  20008a04    00000022     driverlib.a : i2c.obj (.text:I2CMasterSlaveAddrSet)
                  20008a26    00000022                 : spi.obj (.text:SPIReset)
                  20008a48    00000020                 : gpio.obj (.text:GPIOPinWrite)
                  20008a68    00000020                 : interrupt.obj (.text:IntRegister)
                  20008a88    00000020                 : spi.obj (.text:SPIDataGet)
                  20008aa8    0000001e                 : i2c.obj (.text:I2CMasterIntStatusEx)
                  20008ac6    0000001e                 : spi.obj (.text:SPIDataPut)
                  20008ae4    0000001e                 : spi.obj (.text:SPIIntRegister)
                  20008b02    0000001e                 : uart.obj (.text:UARTCharPut)
                  20008b20    0000001c                 : pin.obj (.text:PinTypeI2C)
                  20008b3c    0000001c                 : uart.obj (.text:UARTCharGetNonBlocking)
                  20008b58    0000001c     rtsv7M4_T_le_eabi.lib : copy_zero_init.c.obj (.text:decompress:ZI:__TI_zero_init_nomemset:__TI_zero_init_nomemset)
                  20008b74    0000001c                           : memory.c.obj (.text:free_list_remove)
                  20008b90    0000001c                           : memccpy.c.obj (.text:memccpy)
                  20008bac    0000001a     driverlib.a : pin.obj (.text:PinTypeSPI)
                  20008bc6    0000001a                 : pin.obj (.text:PinTypeUART)
                  20008be0    00000018                 : i2c.obj (.text:I2CMasterIntEnableEx)
                  20008bf8    00000018                 : spi.obj (.text:SPICSDisable)
                  20008c10    00000018                 : spi.obj (.text:SPICSEnable)
                  20008c28    00000018                 : spi.obj (.text:SPIEnable)
                  20008c40    00000018                 : uart.obj (.text:UARTCharsAvail)
                  20008c58    00000018     rtsv7M4_T_le_eabi.lib : vsnprintf.c.obj (.text:_outc)
                  20008c70    00000016     driverlib.a : i2c.obj (.text:I2CMasterDataPut)
                  20008c86    00000016                 : i2c.obj (.text:I2CMasterEnable)
                  20008c9c    00000016                 : prcm.obj (.text:PRCMHIBRegRead)
                  20008cb2    00000016                 : prcm.obj (.text:PRCMHIBRegWrite)
                  20008cc8    00000016                 : uart.obj (.text:UARTCharGet)
                  20008cde    00000016     rtsv7M4_T_le_eabi.lib : strchr.c.obj (.text:strchr)
                  20008cf4    00000014     driverlib.a : cpu.obj (.text:CPUcpsie)
                  20008d08    00000014                 : interrupt.obj (.text:IntVTableBaseSet)
                  20008d1c    00000014     rtsv7M4_T_le_eabi.lib : strlen.c.obj (.text:strlen)
                  20008d30    00000012     driverlib.a : i2c.obj (.text:I2CMasterControl)
                  20008d42    00000012                 : i2c.obj (.text:I2CMasterIntClearEx)
                  20008d54    00000012                 : i2c.obj (.text:I2CMasterTimeoutSet)
                  20008d66    00000012     rtsv7M4_T_le_eabi.lib : wcslen.c.obj (.text:wcslen)
                  20008d78    0000000e     driverlib.a : i2c.obj (.text:I2CMasterDataGet)
                  20008d86    0000000e     rtsv7M4_T_le_eabi.lib : copy_decompress_none.c.obj (.text:decompress:none:__TI_decompress_none)
                  20008d94    0000000e     startup_ccs.obj (.text)
                  20008da2    0000000c     rtsv7M4_T_le_eabi.lib : s_copysign.c.obj (.text:copysign)
                  20008dae    0000000a     driverlib.a : interrupt.obj (.text:IntMasterEnable)
                  20008db8    00000008     rtsv7M4_T_le_eabi.lib : errno.c.obj (.text:__aeabi_errno_addr)
                  20008dc0    00000008                           : memory.c.obj (.text:malloc)
                  20008dc8    00000006     driverlib.a : utils.obj (.text:UtilsDelay)
                  20008dce    00000004     rtsv7M4_T_le_eabi.lib : pre_init.c.obj (.text:_system_pre_init)
                  20008dd2    00000004                           : exit.c.obj (.text:abort:abort)

.const     0    20008dd8    000007f8     
                  20008dd8    000004fb     Adafruit_GFX.obj (.const:.string:font)
                  200092d3    00000101     rtsv7M4_T_le_eabi.lib : ctype.c.obj (.const:.string:_ctypes_)
                  200093d4    00000100     driverlib.a : pin.obj (.const:g_ulPinToPadMap)
                  200094d4    000000a8                 : prcm.obj (.const:PRCM_PeriphRegsList)
                  2000957c    00000024                 : spi.obj (.const:g_ppulSPIIntMap)
                  200095a0    00000018                 : interrupt.obj (.const:g_pulEnRegs)
                  200095b8    00000018                 : spi.obj (.const:g_ulSPIDmaMaskMap)

.cinit     0    200095d0    00000048     
                  200095d0    00000020     (.cinit..data.load) [load image, compression = lzss]
                  200095f0    0000000c     (__TI_handler_table)
                  200095fc    00000004     --HOLE-- [fill = 0]
                  20009600    00000008     (.cinit..bss.load) [load image, compression = zero_init]
                  20009608    00000010     (__TI_cinit_table)

.sysmem    0    20017000    00000800     UNINITIALIZED
                  20017000    00000010     rtsv7M4_T_le_eabi.lib : memory.c.obj (.sysmem)
                  20017010    000007f0     --HOLE--

.bss       0    20017800    000000ce     UNINITIALIZED
                  20017800    00000064     main.obj (.bss:g_ucRxBuff)
                  20017864    00000064     main.obj (.bss:g_ucTxBuff)
                  200178c8    00000004     uart_if.obj (.bss)
                  200178cc    00000002     main.obj (.bss)

.data      0    200178d0    0000002c     UNINITIALIZED
                  200178d0    00000015     Adafruit_GFX.obj (.data)
                  200178e5    00000003     --HOLE--
                  200178e8    00000008     rtsv7M4_T_le_eabi.lib : _lock.c.obj (.data:$O1$$)
                  200178f0    00000008                           : memory.c.obj (.data:$O1$$)
                  200178f8    00000004                           : errno.c.obj (.data)

.stack     0    2002f800    00000800     UNINITIALIZED
                  2002f800    00000004     rtsv7M4_T_le_eabi.lib : boot_cortex_m.c.obj (.stack)
                  2002f804    000007fc     --HOLE--

__llvm_prf_cnts 
*          0    20017000    00000000     UNINITIALIZED

MODULE SUMMARY

       Module                       code    ro data   rw data
       ------                       ----    -------   -------
    .\
       Adafruit_GFX.obj             2688    1275      21     
       main.obj                     1176    0         202    
       Adafruit_OLED.obj            1142    0         0      
       startup_ccs.obj              14      1024      0      
       i2c_if.obj                   692     0         0      
       uart_if.obj                  636     0         4      
       pin_mux_config.obj           268     0         0      
    +--+----------------------------+-------+---------+---------+
       Total:                       6616    2299      227    
                                                             
    C:/TI/CC3200SDK_1.5.0/cc3200-sdk/driverlib/ccs/Release/driverlib.a
       spi.obj                      1550    60        0      
       prcm.obj                     800     168       0      
       pin.obj                      328     256       0      
       i2c.obj                      376     0         0      
       uart.obj                     306     0         0      
       interrupt.obj                230     24        0      
       gpio.obj                     86      0         0      
       cpu.obj                      20      0         0      
       utils.obj                    6       0         0      
    +--+----------------------------+-------+---------+---------+
       Total:                       3702    508       0      
                                                             
    C:\TI\ccs1000\ccs\tools\compiler\ti-cgt-arm_20.2.0.LTS\lib\rtsv7M4_T_le_eabi.lib
       _printfi.c.obj               4835    0         0      
       memory.c.obj                 908     0         8      
       fd_add_t2.asm.obj            438     0         0      
       fd_div_t2.asm.obj            310     0         0      
       fd_cmp_t2.asm.obj            268     0         0      
       ctype.c.obj                  0       257       0      
       fd_mul_t2.asm.obj            252     0         0      
       s_scalbn.c.obj               208     0         0      
       memcpy_t2.asm.obj            156     0         0      
       ull_div_t2.asm.obj           150     0         0      
       vsnprintf.c.obj              136     0         0      
       memset_t2.asm.obj            122     0         0      
       copy_decompress_lzss.c.obj   104     0         0      
       s_frexp.c.obj                92      0         0      
       _ltoa.c.obj                  84      0         0      
       atoi.c.obj                   76      0         0      
       fd_toi_t2.asm.obj            72      0         0      
       autoinit.c.obj               68      0         0      
       i_tofd_t2.asm.obj            46      0         0      
       memmov.c.obj                 40      0         0      
       boot_cortex_m.c.obj          36      0         0      
       copy_zero_init.c.obj         28      0         0      
       memccpy.c.obj                28      0         0      
       strchr.c.obj                 22      0         0      
       strlen.c.obj                 20      0         0      
       wcslen.c.obj                 18      0         0      
       copy_decompress_none.c.obj   14      0         0      
       errno.c.obj                  8       0         4      
       s_copysign.c.obj             12      0         0      
       _lock.c.obj                  2       0         8      
       exit.c.obj                   4       0         0      
       pre_init.c.obj               4       0         0      
       div0.asm.obj                 2       0         0      
    +--+----------------------------+-------+---------+---------+
       Total:                       8563    257       20     
                                                             
       Heap:                        0       0         2048   
       Stack:                       0       0         2048   
       Linker Generated:            0       68        0      
    +--+----------------------------+-------+---------+---------+
       Grand Total:                 18881   3132      4343   


LINKER GENERATED COPY TABLES

__TI_cinit_table @ 20009608 records: 2, size/record: 8, table size: 16
	.data: load addr=200095d0, load size=00000020 bytes, run addr=200178d0, run size=0000002c bytes, compression=lzss
	.bss: load addr=20009600, load size=00000008 bytes, run addr=20017800, run size=000000ce bytes, compression=zero_init


LINKER GENERATED HANDLER TABLE

__TI_handler_table @ 200095f0 records: 3, size/record: 4, table size: 12
	index: 0, handler: __TI_decompress_lzss
	index: 1, handler: __TI_decompress_none
	index: 2, handler: __TI_zero_init


GLOBAL SYMBOLS: SORTED ALPHABETICALLY BY Name 

address   name                          
-------   ----                          
20005dc9  Adafruit_Init                 
20008dd3  C$$EXIT                       
20008cf5  CPUcpsie                      
200064d5  ClearTerm                     
20005f3f  Color565                      
200064df  Error                         
200087c9  GPIODirModeSet                
20008a49  GPIOPinWrite                  
20006517  GetCmd                        
20008d31  I2CMasterControl              
20008d79  I2CMasterDataGet              
20008c71  I2CMasterDataPut              
20008c87  I2CMasterEnable               
200088bf  I2CMasterErr                  
20007fe9  I2CMasterInitExpClk           
20008d43  I2CMasterIntClearEx           
20008be1  I2CMasterIntEnableEx          
20008aa9  I2CMasterIntStatusEx          
20008a05  I2CMasterSlaveAddrSet         
20008d55  I2CMasterTimeoutSet           
2000647f  I2C_IF_Close                  
20006419  I2C_IF_Open                   
20006317  I2C_IF_Read                   
200063d3  I2C_IF_ReadFrom               
20006267  I2C_IF_Write                  
20006495  InitTerm                      
20007abd  IntEnable                     
20008daf  IntMasterEnable               
20008a69  IntRegister                   
20008d09  IntVTableBaseSet              
20005941  MasterMain                    
200064b3  Message                       
20004dab  Outstr                        
20006cfd  PRCMCC3200MCUInit             
20008c9d  PRCMHIBRegRead                
20008cb3  PRCMHIBRegWrite               
20008945  PRCMPeripheralClkDisable      
2000878d  PRCMPeripheralClkEnable       
20007d39  PRCMPeripheralClockGet        
2000837d  PRCMPeripheralReset           
200088ed  PRCMSysResetCauseGet          
20007dcd  PinConfigSet                  
200086cd  PinModeSet                    
20007209  PinMuxConfig                  
200087ff  PinTypeGPIO                   
20008b21  PinTypeI2C                    
20008bad  PinTypeSPI                    
20008bc7  PinTypeUART                   
20006655  Report                        
20008d95  ResetISR                      
20008bf9  SPICSDisable                  
20008c11  SPICSEnable                   
20007b65  SPIConfigSetExpClk            
20008a89  SPIDataGet                    
20008919  SPIDataGetNonBlocking         
20008ac7  SPIDataPut                    
20008c29  SPIEnable                     
200085b5  SPIIntClear                   
200084d1  SPIIntEnable                  
20008ae5  SPIIntRegister                
2000806d  SPIIntStatus                  
20008a27  SPIReset                      
20007e55  SPITransfer                   
200059f7  SlaveMain                     
200065bd  TrimSpace                     
20008cc9  UARTCharGet                   
20008b3d  UARTCharGetNonBlocking        
20008b03  UARTCharPut                   
20008c41  UARTCharsAvail                
20008163  UARTConfigSetExpClk           
20008831  UARTDisable                   
200089bd  UARTEnable                    
20008dc9  UtilsDelay                    
20030000  __STACK_END                   
00000800  __STACK_SIZE                  
00000800  __SYSMEM_SIZE                 
20009608  __TI_CINIT_Base               
20009618  __TI_CINIT_Limit              
200095f0  __TI_Handler_Table_Base       
200095fc  __TI_Handler_Table_Limit      
20008689  __TI_auto_init_nobinit_nopinit
200082b7  __TI_decompress_lzss          
20008d87  __TI_decompress_none          
2000842b  __TI_ltoa                     
ffffffff  __TI_pprof_out_hndl           
20004e81  __TI_printfi                  
ffffffff  __TI_prof_data_size           
ffffffff  __TI_prof_data_start          
200095d0  __TI_static_base__            
20008b59  __TI_zero_init_nomemset       
20007edd  __aeabi_cdcmpeq               
20007edd  __aeabi_cdcmple               
20007f63  __aeabi_cdrcmple              
200085fd  __aeabi_d2iz                  
20006b4f  __aeabi_dadd                  
20006fb1  __aeabi_ddiv                  
2000741d  __aeabi_dmul                  
20006b45  __aeabi_dsub                  
20008db9  __aeabi_errno_addr            
20008891  __aeabi_i2d                   
200061df  __aeabi_idiv0                 
200061df  __aeabi_ldiv0                 
200080e9  __aeabi_memclr                
200080e9  __aeabi_memclr4               
200080e9  __aeabi_memclr8               
20007c05  __aeabi_memcpy                
20007c05  __aeabi_memcpy4               
20007c05  __aeabi_memcpy8               
200080eb  __aeabi_memset                
200080eb  __aeabi_memset4               
200080eb  __aeabi_memset8               
20007ca1  __aeabi_uldivmod              
ffffffff  __binit__                     
ffffffff  __c_args__                    
UNDEFED   __mpu_init                    
2002f800  __stack                       
20017000  __start___llvm_prf_cnts       
20017000  __stop___llvm_prf_cnts        
200089e1  _c_int00_noargs               
200092d3  _ctypes_                      
200178e8  _lock                         
200058cf  _nop                          
20017000  _sys_memory                   
UNDEFED   _system_post_cinit            
20008dcf  _system_pre_init              
200178ec  _unlock                       
20008dd3  abort                         
20007315  aligned_alloc                 
20008569  atoi                          
ffffffff  binit                         
20008da3  copysign                      
20008da3  copysignl                     
200178d0  cursor_x                      
200178d4  cursor_y                      
20004c5f  drawChar                      
20004401  drawCircle                    
20004535  drawCircleHelper              
200060e9  drawFastHLine                 
2000604d  drawFastVLine                 
2000477b  drawLine                      
20006185  drawPixel                     
20004867  drawRect                      
200048b5  drawRoundRect                 
20004a1d  drawTriangle                  
200178f8  errno                         
20004653  fillCircle                    
2000468d  fillCircleHelper              
20005f97  fillRect                      
200049a3  fillRoundRect                 
20005f81  fillScreen                    
20004a5f  fillTriangle                  
20007519  free                          
20008321  frexp                         
20008321  frexpl                        
20004000  g_pfnVectors                  
20005efb  goTo                          
20004e5f  height                        
200061c3  invert                        
200077b1  ldexp                         
200077b1  ldexpl                        
20005a81  main                          
20008dc1  malloc                        
20007315  memalign                      
20008b91  memccpy                       
20007c05  memcpy                        
20008995  memmove                       
200080f1  memset                        
200075fd  realloc                       
200077b1  scalbn                        
200077b1  scalbnl                       
20004df7  setCursor                     
20004e2f  setTextColor                  
20004e0f  setTextSize                   
20004e47  setTextWrap                   
20008cdf  strchr                        
20008d1d  strlen                        
200178e0  textbgcolor                   
200178dc  textcolor                     
200178d8  textsize                      
2000870d  vsnprintf                     
20008d67  wcslen                        
20004e5b  width                         
200178e4  wrap                          
20005d69  writeCommand                  
20005d99  writeData                     


GLOBAL SYMBOLS: SORTED BY Symbol Address 

address   name                          
-------   ----                          
00000800  __STACK_SIZE                  
00000800  __SYSMEM_SIZE                 
20004000  g_pfnVectors                  
20004401  drawCircle                    
20004535  drawCircleHelper              
20004653  fillCircle                    
2000468d  fillCircleHelper              
2000477b  drawLine                      
20004867  drawRect                      
200048b5  drawRoundRect                 
200049a3  fillRoundRect                 
20004a1d  drawTriangle                  
20004a5f  fillTriangle                  
20004c5f  drawChar                      
20004dab  Outstr                        
20004df7  setCursor                     
20004e0f  setTextSize                   
20004e2f  setTextColor                  
20004e47  setTextWrap                   
20004e5b  width                         
20004e5f  height                        
20004e81  __TI_printfi                  
200058cf  _nop                          
20005941  MasterMain                    
200059f7  SlaveMain                     
20005a81  main                          
20005d69  writeCommand                  
20005d99  writeData                     
20005dc9  Adafruit_Init                 
20005efb  goTo                          
20005f3f  Color565                      
20005f81  fillScreen                    
20005f97  fillRect                      
2000604d  drawFastVLine                 
200060e9  drawFastHLine                 
20006185  drawPixel                     
200061c3  invert                        
200061df  __aeabi_idiv0                 
200061df  __aeabi_ldiv0                 
20006267  I2C_IF_Write                  
20006317  I2C_IF_Read                   
200063d3  I2C_IF_ReadFrom               
20006419  I2C_IF_Open                   
2000647f  I2C_IF_Close                  
20006495  InitTerm                      
200064b3  Message                       
200064d5  ClearTerm                     
200064df  Error                         
20006517  GetCmd                        
200065bd  TrimSpace                     
20006655  Report                        
20006b45  __aeabi_dsub                  
20006b4f  __aeabi_dadd                  
20006cfd  PRCMCC3200MCUInit             
20006fb1  __aeabi_ddiv                  
20007209  PinMuxConfig                  
20007315  aligned_alloc                 
20007315  memalign                      
2000741d  __aeabi_dmul                  
20007519  free                          
200075fd  realloc                       
200077b1  ldexp                         
200077b1  ldexpl                        
200077b1  scalbn                        
200077b1  scalbnl                       
20007abd  IntEnable                     
20007b65  SPIConfigSetExpClk            
20007c05  __aeabi_memcpy                
20007c05  __aeabi_memcpy4               
20007c05  __aeabi_memcpy8               
20007c05  memcpy                        
20007ca1  __aeabi_uldivmod              
20007d39  PRCMPeripheralClockGet        
20007dcd  PinConfigSet                  
20007e55  SPITransfer                   
20007edd  __aeabi_cdcmpeq               
20007edd  __aeabi_cdcmple               
20007f63  __aeabi_cdrcmple              
20007fe9  I2CMasterInitExpClk           
2000806d  SPIIntStatus                  
200080e9  __aeabi_memclr                
200080e9  __aeabi_memclr4               
200080e9  __aeabi_memclr8               
200080eb  __aeabi_memset                
200080eb  __aeabi_memset4               
200080eb  __aeabi_memset8               
200080f1  memset                        
20008163  UARTConfigSetExpClk           
200082b7  __TI_decompress_lzss          
20008321  frexp                         
20008321  frexpl                        
2000837d  PRCMPeripheralReset           
2000842b  __TI_ltoa                     
200084d1  SPIIntEnable                  
20008569  atoi                          
200085b5  SPIIntClear                   
200085fd  __aeabi_d2iz                  
20008689  __TI_auto_init_nobinit_nopinit
200086cd  PinModeSet                    
2000870d  vsnprintf                     
2000878d  PRCMPeripheralClkEnable       
200087c9  GPIODirModeSet                
200087ff  PinTypeGPIO                   
20008831  UARTDisable                   
20008891  __aeabi_i2d                   
200088bf  I2CMasterErr                  
200088ed  PRCMSysResetCauseGet          
20008919  SPIDataGetNonBlocking         
20008945  PRCMPeripheralClkDisable      
20008995  memmove                       
200089bd  UARTEnable                    
200089e1  _c_int00_noargs               
20008a05  I2CMasterSlaveAddrSet         
20008a27  SPIReset                      
20008a49  GPIOPinWrite                  
20008a69  IntRegister                   
20008a89  SPIDataGet                    
20008aa9  I2CMasterIntStatusEx          
20008ac7  SPIDataPut                    
20008ae5  SPIIntRegister                
20008b03  UARTCharPut                   
20008b21  PinTypeI2C                    
20008b3d  UARTCharGetNonBlocking        
20008b59  __TI_zero_init_nomemset       
20008b91  memccpy                       
20008bad  PinTypeSPI                    
20008bc7  PinTypeUART                   
20008be1  I2CMasterIntEnableEx          
20008bf9  SPICSDisable                  
20008c11  SPICSEnable                   
20008c29  SPIEnable                     
20008c41  UARTCharsAvail                
20008c71  I2CMasterDataPut              
20008c87  I2CMasterEnable               
20008c9d  PRCMHIBRegRead                
20008cb3  PRCMHIBRegWrite               
20008cc9  UARTCharGet                   
20008cdf  strchr                        
20008cf5  CPUcpsie                      
20008d09  IntVTableBaseSet              
20008d1d  strlen                        
20008d31  I2CMasterControl              
20008d43  I2CMasterIntClearEx           
20008d55  I2CMasterTimeoutSet           
20008d67  wcslen                        
20008d79  I2CMasterDataGet              
20008d87  __TI_decompress_none          
20008d95  ResetISR                      
20008da3  copysign                      
20008da3  copysignl                     
20008daf  IntMasterEnable               
20008db9  __aeabi_errno_addr            
20008dc1  malloc                        
20008dc9  UtilsDelay                    
20008dcf  _system_pre_init              
20008dd3  C$$EXIT                       
20008dd3  abort                         
200092d3  _ctypes_                      
200095d0  __TI_static_base__            
200095f0  __TI_Handler_Table_Base       
200095fc  __TI_Handler_Table_Limit      
20009608  __TI_CINIT_Base               
20009618  __TI_CINIT_Limit              
20017000  __start___llvm_prf_cnts       
20017000  __stop___llvm_prf_cnts        
20017000  _sys_memory                   
200178d0  cursor_x                      
200178d4  cursor_y                      
200178d8  textsize                      
200178dc  textcolor                     
200178e0  textbgcolor                   
200178e4  wrap                          
200178e8  _lock                         
200178ec  _unlock                       
200178f8  errno                         
2002f800  __stack                       
20030000  __STACK_END                   
ffffffff  __TI_pprof_out_hndl           
ffffffff  __TI_prof_data_size           
ffffffff  __TI_prof_data_start          
ffffffff  __binit__                     
ffffffff  __c_args__                    
ffffffff  binit                         
UNDEFED   __mpu_init                    
UNDEFED   _system_post_cinit            

[185 symbols]
