******************************************************************************
                  TI ARM Linker PC v20.2.0                     
******************************************************************************
>> Linked Fri May  1 21:39:01 2020

OUTPUT FILE NAME:   <lab2.out>
ENTRY POINT SYMBOL: "_c_int00_noargs"  address: 20008965


MEMORY CONFIGURATION

         name            origin    length      used     unused   attr    fill
----------------------  --------  ---------  --------  --------  ----  --------
  SRAM_CODE             20004000   00013000  0000557e  0000da82  RW X
  SRAM_DATA             20017000   00019000  000010fa  00017f06  RW X


SEGMENT ALLOCATION MAP

run origin  load origin   length   init length attrs members
----------  ----------- ---------- ----------- ----- -------
20004000    20004000    00005580   00005580    r-x
  20004000    20004000    00000400   00000400    r-- .intvecs
  20004400    20004400    0000493e   0000493e    r-x .text
  20008d40    20008d40    000007f8   000007f8    r-- .const
  20009538    20009538    00000048   00000048    r-- .cinit
20017000    20017000    000008fc   00000000    rw-
  20017000    20017000    00000800   00000000    rw- .sysmem
  20017800    20017800    000000ce   00000000    rw- .bss
  200178d0    200178d0    0000002c   00000000    rw- .data
2002f800    2002f800    00000800   00000000    rw-
  2002f800    2002f800    00000800   00000000    rw- .stack


SECTION ALLOCATION MAP

 output                                  attributes/
section   page    origin      length       input sections
--------  ----  ----------  ----------   ----------------
.intvecs   0    20004000    00000400     
                  20004000    00000400     startup_ccs.obj (.intvecs)

.init_array 
*          0    20004000    00000000     UNINITIALIZED

.text      0    20004400    0000493e     
                  20004400    00000a80     Adafruit_GFX.obj (.text)
                  20004e80    00000a4e     rtsv7M4_T_le_eabi.lib : _printfi.c.obj (.text:__TI_printfi)
                  200058ce    00000002                           : _lock.c.obj (.text:_nop)
                  200058d0    00000476     Adafruit_OLED.obj (.text)
                  20005d46    00000002     rtsv7M4_T_le_eabi.lib : div0.asm.obj (.text)
                  20005d48    00000424     main.obj (.text)
                  2000616c    000002b4     i2c_if.obj (.text)
                  20006420    0000027c     uart_if.obj (.text)
                  2000669c    00000268     rtsv7M4_T_le_eabi.lib : _printfi.c.obj (.text:_pconv_a)
                  20006904    000001cc                           : _printfi.c.obj (.text:_pconv_g)
                  20006ad0    000001b6                           : fd_add_t2.asm.obj (.text)
                  20006c86    00000002     --HOLE-- [fill = 0]
                  20006c88    00000178     driverlib.a : prcm.obj (.text:PRCMCC3200MCUInit)
                  20006e00    0000013c     rtsv7M4_T_le_eabi.lib : _printfi.c.obj (.text:_pconv_e)
                  20006f3c    00000136                           : fd_div_t2.asm.obj (.text)
                  20007072    00000002     --HOLE-- [fill = 0]
                  20007074    00000120                           : _printfi.c.obj (.text:fcvt)
                  20007194    00000108                           : memory.c.obj (.text:aligned_alloc)
                  2000729c    00000104     pin_mux_config.obj (.text)
                  200073a0    000000fc     rtsv7M4_T_le_eabi.lib : fd_mul_t2.asm.obj (.text)
                  2000749c    000000e4                           : memory.c.obj (.text:free)
                  20007580    000000e4                           : memory.c.obj (.text:realloc)
                  20007664    000000d0     driverlib.a : spi.obj (.text:SPITransfer32)
                  20007734    000000d0     rtsv7M4_T_le_eabi.lib : s_scalbn.c.obj (.text:scalbn)
                  20007804    000000ce     driverlib.a : spi.obj (.text:SPITransfer16)
                  200078d2    000000b8                 : spi.obj (.text:SPITransfer8)
                  2000798a    00000002     --HOLE-- [fill = 0]
                  2000798c    000000b1     rtsv7M4_T_le_eabi.lib : _printfi.c.obj (.text:_ltostr)
                  20007a3d    00000003     --HOLE-- [fill = 0]
                  20007a40    000000a8     driverlib.a : interrupt.obj (.text:IntEnable)
                  20007ae8    000000a0                 : spi.obj (.text:SPIConfigSetExpClk)
                  20007b88    0000009c     rtsv7M4_T_le_eabi.lib : memcpy_t2.asm.obj (.text)
                  20007c24    00000096                           : ull_div_t2.asm.obj (.text)
                  20007cba    00000002     --HOLE-- [fill = 0]
                  20007cbc    00000094     driverlib.a : prcm.obj (.text:PRCMPeripheralClockGet)
                  20007d50    00000088                 : pin.obj (.text:PinConfigSet)
                  20007dd8    00000088                 : spi.obj (.text:SPITransfer)
                  20007e60    00000086     rtsv7M4_T_le_eabi.lib : fd_cmp_t2.asm.obj (.text:__aeabi_cdcmple)
                  20007ee6    00000086                           : fd_cmp_t2.asm.obj (.text:__aeabi_cdrcmple)
                  20007f6c    00000084     driverlib.a : i2c.obj (.text:I2CMasterInitExpClk)
                  20007ff0    0000007c                 : spi.obj (.text:SPIIntStatus)
                  2000806c    0000007a     rtsv7M4_T_le_eabi.lib : memset_t2.asm.obj (.text)
                  200080e6    00000076     driverlib.a : uart.obj (.text:UARTConfigSetExpClk)
                  2000815c    00000070     rtsv7M4_T_le_eabi.lib : memory.c.obj (.text:split)
                  200081cc    0000006e                           : _printfi.c.obj (.text:_mcpy)
                  2000823a    00000068                           : copy_decompress_lzss.c.obj (.text:decompress:lzss:__TI_decompress_lzss)
                  200082a2    00000002     --HOLE-- [fill = 0]
                  200082a4    0000005c                           : s_frexp.c.obj (.text:frexp)
                  20008300    00000058     driverlib.a : prcm.obj (.text:PRCMPeripheralReset)
                  20008358    00000056     rtsv7M4_T_le_eabi.lib : _printfi.c.obj (.text:_pconv_f)
                  200083ae    00000054                           : _ltoa.c.obj (.text:__TI_ltoa)
                  20008402    00000052                           : _printfi.c.obj (.text:_ecpy)
                  20008454    0000004c     driverlib.a : spi.obj (.text:SPIIntEnable)
                  200084a0    0000004c                 : spi.obj (.text:SPIIntNumberGet)
                  200084ec    0000004c     rtsv7M4_T_le_eabi.lib : atoi.c.obj (.text:atoi)
                  20008538    00000048     driverlib.a : spi.obj (.text:SPIIntClear)
                  20008580    00000048     rtsv7M4_T_le_eabi.lib : fd_toi_t2.asm.obj (.text)
                  200085c8    00000044     driverlib.a : spi.obj (.text:SPIDmaMaskGet)
                  2000860c    00000044     rtsv7M4_T_le_eabi.lib : autoinit.c.obj (.text:__TI_auto_init_nobinit_nopinit:__TI_auto_init_nobinit_nopinit)
                  20008650    00000040     driverlib.a : pin.obj (.text:PinModeSet)
                  20008690    00000040     rtsv7M4_T_le_eabi.lib : vsnprintf.c.obj (.text:vsnprintf)
                  200086d0    0000003e                           : _printfi.c.obj (.text:_fcpy)
                  2000870e    00000002     --HOLE-- [fill = 0]
                  20008710    0000003c     driverlib.a : prcm.obj (.text:PRCMPeripheralClkEnable)
                  2000874c    00000036                 : gpio.obj (.text:GPIODirModeSet)
                  20008782    00000030                 : pin.obj (.text:PinTypeGPIO)
                  200087b2    00000002     --HOLE-- [fill = 0]
                  200087b4    00000030                 : uart.obj (.text:UARTDisable)
                  200087e4    00000030     rtsv7M4_T_le_eabi.lib : vsnprintf.c.obj (.text:_outs)
                  20008814    0000002e                           : i_tofd_t2.asm.obj (.text)
                  20008842    0000002c     driverlib.a : i2c.obj (.text:I2CMasterErr)
                  2000886e    00000002     --HOLE-- [fill = 0]
                  20008870    0000002c                 : prcm.obj (.text:PRCMSysResetCauseGet)
                  2000889c    0000002a                 : spi.obj (.text:SPIDataGetNonBlocking)
                  200088c6    00000002     --HOLE-- [fill = 0]
                  200088c8    00000028                 : prcm.obj (.text:PRCMPeripheralClkDisable)
                  200088f0    00000028     rtsv7M4_T_le_eabi.lib : memory.c.obj (.text:free_list_insert)
                  20008918    00000028                           : memmov.c.obj (.text:memmove)
                  20008940    00000024     driverlib.a : uart.obj (.text:UARTEnable)
                  20008964    00000024     rtsv7M4_T_le_eabi.lib : boot_cortex_m.c.obj (.text:_c_int00_noargs:_c_int00_noargs)
                  20008988    00000022     driverlib.a : i2c.obj (.text:I2CMasterSlaveAddrSet)
                  200089aa    00000022                 : spi.obj (.text:SPIReset)
                  200089cc    00000020                 : gpio.obj (.text:GPIOPinWrite)
                  200089ec    00000020                 : interrupt.obj (.text:IntRegister)
                  20008a0c    00000020                 : spi.obj (.text:SPIDataGet)
                  20008a2c    0000001e                 : i2c.obj (.text:I2CMasterIntStatusEx)
                  20008a4a    0000001e                 : spi.obj (.text:SPIDataPut)
                  20008a68    0000001e                 : spi.obj (.text:SPIIntRegister)
                  20008a86    0000001e                 : uart.obj (.text:UARTCharPut)
                  20008aa4    0000001c                 : uart.obj (.text:UARTCharGetNonBlocking)
                  20008ac0    0000001c     rtsv7M4_T_le_eabi.lib : copy_zero_init.c.obj (.text:decompress:ZI:__TI_zero_init_nomemset:__TI_zero_init_nomemset)
                  20008adc    0000001c                           : memory.c.obj (.text:free_list_remove)
                  20008af8    0000001c                           : memccpy.c.obj (.text:memccpy)
                  20008b14    0000001a     driverlib.a : pin.obj (.text:PinTypeSPI)
                  20008b2e    0000001a                 : pin.obj (.text:PinTypeUART)
                  20008b48    00000018                 : i2c.obj (.text:I2CMasterIntEnableEx)
                  20008b60    00000018                 : spi.obj (.text:SPICSDisable)
                  20008b78    00000018                 : spi.obj (.text:SPICSEnable)
                  20008b90    00000018                 : spi.obj (.text:SPIEnable)
                  20008ba8    00000018                 : uart.obj (.text:UARTCharsAvail)
                  20008bc0    00000018     rtsv7M4_T_le_eabi.lib : vsnprintf.c.obj (.text:_outc)
                  20008bd8    00000016     driverlib.a : i2c.obj (.text:I2CMasterDataPut)
                  20008bee    00000016                 : i2c.obj (.text:I2CMasterEnable)
                  20008c04    00000016                 : prcm.obj (.text:PRCMHIBRegRead)
                  20008c1a    00000016                 : prcm.obj (.text:PRCMHIBRegWrite)
                  20008c30    00000016                 : uart.obj (.text:UARTCharGet)
                  20008c46    00000016     rtsv7M4_T_le_eabi.lib : strchr.c.obj (.text:strchr)
                  20008c5c    00000014     driverlib.a : cpu.obj (.text:CPUcpsie)
                  20008c70    00000014                 : interrupt.obj (.text:IntVTableBaseSet)
                  20008c84    00000014     rtsv7M4_T_le_eabi.lib : strlen.c.obj (.text:strlen)
                  20008c98    00000012     driverlib.a : i2c.obj (.text:I2CMasterControl)
                  20008caa    00000012                 : i2c.obj (.text:I2CMasterIntClearEx)
                  20008cbc    00000012                 : i2c.obj (.text:I2CMasterTimeoutSet)
                  20008cce    00000012     rtsv7M4_T_le_eabi.lib : wcslen.c.obj (.text:wcslen)
                  20008ce0    0000000e     driverlib.a : i2c.obj (.text:I2CMasterDataGet)
                  20008cee    0000000e     rtsv7M4_T_le_eabi.lib : copy_decompress_none.c.obj (.text:decompress:none:__TI_decompress_none)
                  20008cfc    0000000e     startup_ccs.obj (.text)
                  20008d0a    0000000c     rtsv7M4_T_le_eabi.lib : s_copysign.c.obj (.text:copysign)
                  20008d16    0000000a     driverlib.a : interrupt.obj (.text:IntMasterEnable)
                  20008d20    00000008     rtsv7M4_T_le_eabi.lib : errno.c.obj (.text:__aeabi_errno_addr)
                  20008d28    00000008                           : memory.c.obj (.text:malloc)
                  20008d30    00000006     driverlib.a : utils.obj (.text:UtilsDelay)
                  20008d36    00000004     rtsv7M4_T_le_eabi.lib : pre_init.c.obj (.text:_system_pre_init)
                  20008d3a    00000004                           : exit.c.obj (.text:abort:abort)

.const     0    20008d40    000007f8     
                  20008d40    000004fb     Adafruit_GFX.obj (.const:.string:font)
                  2000923b    00000101     rtsv7M4_T_le_eabi.lib : ctype.c.obj (.const:.string:_ctypes_)
                  2000933c    00000100     driverlib.a : pin.obj (.const:g_ulPinToPadMap)
                  2000943c    000000a8                 : prcm.obj (.const:PRCM_PeriphRegsList)
                  200094e4    00000024                 : spi.obj (.const:g_ppulSPIIntMap)
                  20009508    00000018                 : interrupt.obj (.const:g_pulEnRegs)
                  20009520    00000018                 : spi.obj (.const:g_ulSPIDmaMaskMap)

.cinit     0    20009538    00000048     
                  20009538    00000020     (.cinit..data.load) [load image, compression = lzss]
                  20009558    0000000c     (__TI_handler_table)
                  20009564    00000004     --HOLE-- [fill = 0]
                  20009568    00000008     (.cinit..bss.load) [load image, compression = zero_init]
                  20009570    00000010     (__TI_cinit_table)

.sysmem    0    20017000    00000800     UNINITIALIZED
                  20017000    00000010     rtsv7M4_T_le_eabi.lib : memory.c.obj (.sysmem)
                  20017010    000007f0     --HOLE--

.bss       0    20017800    000000ce     UNINITIALIZED
                  20017800    00000064     main.obj (.bss:g_ucRxBuff)
                  20017864    00000064     main.obj (.bss:g_ucTxBuff)
                  200178c8    00000004     uart_if.obj (.bss)
                  200178cc    00000002     main.obj (.bss)

.data      0    200178d0    0000002c     UNINITIALIZED
                  200178d0    00000015     Adafruit_GFX.obj (.data)
                  200178e5    00000003     --HOLE--
                  200178e8    00000008     rtsv7M4_T_le_eabi.lib : _lock.c.obj (.data:$O1$$)
                  200178f0    00000008                           : memory.c.obj (.data:$O1$$)
                  200178f8    00000004                           : errno.c.obj (.data)

.stack     0    2002f800    00000800     UNINITIALIZED
                  2002f800    00000004     rtsv7M4_T_le_eabi.lib : boot_cortex_m.c.obj (.stack)
                  2002f804    000007fc     --HOLE--

__llvm_prf_cnts 
*          0    20017000    00000000     UNINITIALIZED

MODULE SUMMARY

       Module                       code    ro data   rw data
       ------                       ----    -------   -------
    .\
       Adafruit_GFX.obj             2688    1275      21     
       main.obj                     1060    0         202    
       Adafruit_OLED.obj            1142    0         0      
       startup_ccs.obj              14      1024      0      
       i2c_if.obj                   692     0         0      
       uart_if.obj                  636     0         4      
       pin_mux_config.obj           260     0         0      
    +--+----------------------------+-------+---------+---------+
       Total:                       6492    2299      227    
                                                             
    C:/TI/CC3200SDK_1.5.0/cc3200-sdk/driverlib/ccs/Release/driverlib.a
       spi.obj                      1550    60        0      
       prcm.obj                     800     168       0      
       pin.obj                      300     256       0      
       i2c.obj                      376     0         0      
       uart.obj                     306     0         0      
       interrupt.obj                230     24        0      
       gpio.obj                     86      0         0      
       cpu.obj                      20      0         0      
       utils.obj                    6       0         0      
    +--+----------------------------+-------+---------+---------+
       Total:                       3674    508       0      
                                                             
    C:\TI\ccs1000\ccs\tools\compiler\ti-cgt-arm_20.2.0.LTS\lib\rtsv7M4_T_le_eabi.lib
       _printfi.c.obj               4835    0         0      
       memory.c.obj                 908     0         8      
       fd_add_t2.asm.obj            438     0         0      
       fd_div_t2.asm.obj            310     0         0      
       fd_cmp_t2.asm.obj            268     0         0      
       ctype.c.obj                  0       257       0      
       fd_mul_t2.asm.obj            252     0         0      
       s_scalbn.c.obj               208     0         0      
       memcpy_t2.asm.obj            156     0         0      
       ull_div_t2.asm.obj           150     0         0      
       vsnprintf.c.obj              136     0         0      
       memset_t2.asm.obj            122     0         0      
       copy_decompress_lzss.c.obj   104     0         0      
       s_frexp.c.obj                92      0         0      
       _ltoa.c.obj                  84      0         0      
       atoi.c.obj                   76      0         0      
       fd_toi_t2.asm.obj            72      0         0      
       autoinit.c.obj               68      0         0      
       i_tofd_t2.asm.obj            46      0         0      
       memmov.c.obj                 40      0         0      
       boot_cortex_m.c.obj          36      0         0      
       copy_zero_init.c.obj         28      0         0      
       memccpy.c.obj                28      0         0      
       strchr.c.obj                 22      0         0      
       strlen.c.obj                 20      0         0      
       wcslen.c.obj                 18      0         0      
       copy_decompress_none.c.obj   14      0         0      
       errno.c.obj                  8       0         4      
       s_copysign.c.obj             12      0         0      
       _lock.c.obj                  2       0         8      
       exit.c.obj                   4       0         0      
       pre_init.c.obj               4       0         0      
       div0.asm.obj                 2       0         0      
    +--+----------------------------+-------+---------+---------+
       Total:                       8563    257       20     
                                                             
       Heap:                        0       0         2048   
       Stack:                       0       0         2048   
       Linker Generated:            0       68        0      
    +--+----------------------------+-------+---------+---------+
       Grand Total:                 18729   3132      4343   


LINKER GENERATED COPY TABLES

__TI_cinit_table @ 20009570 records: 2, size/record: 8, table size: 16
	.data: load addr=20009538, load size=00000020 bytes, run addr=200178d0, run size=0000002c bytes, compression=lzss
	.bss: load addr=20009568, load size=00000008 bytes, run addr=20017800, run size=000000ce bytes, compression=zero_init


LINKER GENERATED HANDLER TABLE

__TI_handler_table @ 20009558 records: 3, size/record: 4, table size: 12
	index: 0, handler: __TI_decompress_lzss
	index: 1, handler: __TI_decompress_none
	index: 2, handler: __TI_zero_init


GLOBAL SYMBOLS: SORTED ALPHABETICALLY BY Name 

address   name                          
-------   ----                          
20005931  Adafruit_Init                 
20008d3b  C$$EXIT                       
20008c5d  CPUcpsie                      
20006461  ClearTerm                     
20005aa7  Color565                      
2000646b  Error                         
2000874d  GPIODirModeSet                
200089cd  GPIOPinWrite                  
200064a3  GetCmd                        
20008c99  I2CMasterControl              
20008ce1  I2CMasterDataGet              
20008bd9  I2CMasterDataPut              
20008bef  I2CMasterEnable               
20008843  I2CMasterErr                  
20007f6d  I2CMasterInitExpClk           
20008cab  I2CMasterIntClearEx           
20008b49  I2CMasterIntEnableEx          
20008a2d  I2CMasterIntStatusEx          
20008989  I2CMasterSlaveAddrSet         
20008cbd  I2CMasterTimeoutSet           
2000640b  I2C_IF_Close                  
200063a5  I2C_IF_Open                   
200062a3  I2C_IF_Read                   
2000635f  I2C_IF_ReadFrom               
200061f3  I2C_IF_Write                  
20006421  InitTerm                      
20007a41  IntEnable                     
20008d17  IntMasterEnable               
200089ed  IntRegister                   
20008c71  IntVTableBaseSet              
20005db9  MasterMain                    
2000643f  Message                       
20004dab  Outstr                        
20006c89  PRCMCC3200MCUInit             
20008c05  PRCMHIBRegRead                
20008c1b  PRCMHIBRegWrite               
200088c9  PRCMPeripheralClkDisable      
20008711  PRCMPeripheralClkEnable       
20007cbd  PRCMPeripheralClockGet        
20008301  PRCMPeripheralReset           
20008871  PRCMSysResetCauseGet          
20007d51  PinConfigSet                  
20008651  PinModeSet                    
2000729d  PinMuxConfig                  
20008783  PinTypeGPIO                   
20008b15  PinTypeSPI                    
20008b2f  PinTypeUART                   
200065e1  Report                        
20008cfd  ResetISR                      
20008b61  SPICSDisable                  
20008b79  SPICSEnable                   
20007ae9  SPIConfigSetExpClk            
20008a0d  SPIDataGet                    
2000889d  SPIDataGetNonBlocking         
20008a4b  SPIDataPut                    
20008b91  SPIEnable                     
20008539  SPIIntClear                   
20008455  SPIIntEnable                  
20008a69  SPIIntRegister                
20007ff1  SPIIntStatus                  
200089ab  SPIReset                      
20007dd9  SPITransfer                   
20005e6f  SlaveMain                     
20006549  TrimSpace                     
20008c31  UARTCharGet                   
20008aa5  UARTCharGetNonBlocking        
20008a87  UARTCharPut                   
20008ba9  UARTCharsAvail                
200080e7  UARTConfigSetExpClk           
200087b5  UARTDisable                   
20008941  UARTEnable                    
20008d31  UtilsDelay                    
20030000  __STACK_END                   
00000800  __STACK_SIZE                  
00000800  __SYSMEM_SIZE                 
20009570  __TI_CINIT_Base               
20009580  __TI_CINIT_Limit              
20009558  __TI_Handler_Table_Base       
20009564  __TI_Handler_Table_Limit      
2000860d  __TI_auto_init_nobinit_nopinit
2000823b  __TI_decompress_lzss          
20008cef  __TI_decompress_none          
200083af  __TI_ltoa                     
ffffffff  __TI_pprof_out_hndl           
20004e81  __TI_printfi                  
ffffffff  __TI_prof_data_size           
ffffffff  __TI_prof_data_start          
20009538  __TI_static_base__            
20008ac1  __TI_zero_init_nomemset       
20007e61  __aeabi_cdcmpeq               
20007e61  __aeabi_cdcmple               
20007ee7  __aeabi_cdrcmple              
20008581  __aeabi_d2iz                  
20006adb  __aeabi_dadd                  
20006f3d  __aeabi_ddiv                  
200073a1  __aeabi_dmul                  
20006ad1  __aeabi_dsub                  
20008d21  __aeabi_errno_addr            
20008815  __aeabi_i2d                   
20005d47  __aeabi_idiv0                 
20005d47  __aeabi_ldiv0                 
2000806d  __aeabi_memclr                
2000806d  __aeabi_memclr4               
2000806d  __aeabi_memclr8               
20007b89  __aeabi_memcpy                
20007b89  __aeabi_memcpy4               
20007b89  __aeabi_memcpy8               
2000806f  __aeabi_memset                
2000806f  __aeabi_memset4               
2000806f  __aeabi_memset8               
20007c25  __aeabi_uldivmod              
ffffffff  __binit__                     
ffffffff  __c_args__                    
UNDEFED   __mpu_init                    
2002f800  __stack                       
20017000  __start___llvm_prf_cnts       
20017000  __stop___llvm_prf_cnts        
20008965  _c_int00_noargs               
2000923b  _ctypes_                      
200178e8  _lock                         
200058cf  _nop                          
20017000  _sys_memory                   
UNDEFED   _system_post_cinit            
20008d37  _system_pre_init              
200178ec  _unlock                       
20008d3b  abort                         
20007195  aligned_alloc                 
200084ed  atoi                          
ffffffff  binit                         
20008d0b  copysign                      
20008d0b  copysignl                     
200178d0  cursor_x                      
200178d4  cursor_y                      
20004c5f  drawChar                      
20004401  drawCircle                    
20004535  drawCircleHelper              
20005c51  drawFastHLine                 
20005bb5  drawFastVLine                 
2000477b  drawLine                      
20005ced  drawPixel                     
20004867  drawRect                      
200048b5  drawRoundRect                 
20004a1d  drawTriangle                  
200178f8  errno                         
20004653  fillCircle                    
2000468d  fillCircleHelper              
20005aff  fillRect                      
200049a3  fillRoundRect                 
20005ae9  fillScreen                    
20004a5f  fillTriangle                  
2000749d  free                          
200082a5  frexp                         
200082a5  frexpl                        
20004000  g_pfnVectors                  
20005a63  goTo                          
20004e5f  height                        
20005d2b  invert                        
20007735  ldexp                         
20007735  ldexpl                        
20005eed  main                          
20008d29  malloc                        
20007195  memalign                      
20008af9  memccpy                       
20007b89  memcpy                        
20008919  memmove                       
20008075  memset                        
20007581  realloc                       
20007735  scalbn                        
20007735  scalbnl                       
20004df7  setCursor                     
20004e2f  setTextColor                  
20004e0f  setTextSize                   
20004e47  setTextWrap                   
20008c47  strchr                        
20008c85  strlen                        
200178e0  textbgcolor                   
200178dc  textcolor                     
200178d8  textsize                      
20008691  vsnprintf                     
20008ccf  wcslen                        
20004e5b  width                         
200178e4  wrap                          
200058d1  writeCommand                  
20005901  writeData                     


GLOBAL SYMBOLS: SORTED BY Symbol Address 

address   name                          
-------   ----                          
00000800  __STACK_SIZE                  
00000800  __SYSMEM_SIZE                 
20004000  g_pfnVectors                  
20004401  drawCircle                    
20004535  drawCircleHelper              
20004653  fillCircle                    
2000468d  fillCircleHelper              
2000477b  drawLine                      
20004867  drawRect                      
200048b5  drawRoundRect                 
200049a3  fillRoundRect                 
20004a1d  drawTriangle                  
20004a5f  fillTriangle                  
20004c5f  drawChar                      
20004dab  Outstr                        
20004df7  setCursor                     
20004e0f  setTextSize                   
20004e2f  setTextColor                  
20004e47  setTextWrap                   
20004e5b  width                         
20004e5f  height                        
20004e81  __TI_printfi                  
200058cf  _nop                          
200058d1  writeCommand                  
20005901  writeData                     
20005931  Adafruit_Init                 
20005a63  goTo                          
20005aa7  Color565                      
20005ae9  fillScreen                    
20005aff  fillRect                      
20005bb5  drawFastVLine                 
20005c51  drawFastHLine                 
20005ced  drawPixel                     
20005d2b  invert                        
20005d47  __aeabi_idiv0                 
20005d47  __aeabi_ldiv0                 
20005db9  MasterMain                    
20005e6f  SlaveMain                     
20005eed  main                          
200061f3  I2C_IF_Write                  
200062a3  I2C_IF_Read                   
2000635f  I2C_IF_ReadFrom               
200063a5  I2C_IF_Open                   
2000640b  I2C_IF_Close                  
20006421  InitTerm                      
2000643f  Message                       
20006461  ClearTerm                     
2000646b  Error                         
200064a3  GetCmd                        
20006549  TrimSpace                     
200065e1  Report                        
20006ad1  __aeabi_dsub                  
20006adb  __aeabi_dadd                  
20006c89  PRCMCC3200MCUInit             
20006f3d  __aeabi_ddiv                  
20007195  aligned_alloc                 
20007195  memalign                      
2000729d  PinMuxConfig                  
200073a1  __aeabi_dmul                  
2000749d  free                          
20007581  realloc                       
20007735  ldexp                         
20007735  ldexpl                        
20007735  scalbn                        
20007735  scalbnl                       
20007a41  IntEnable                     
20007ae9  SPIConfigSetExpClk            
20007b89  __aeabi_memcpy                
20007b89  __aeabi_memcpy4               
20007b89  __aeabi_memcpy8               
20007b89  memcpy                        
20007c25  __aeabi_uldivmod              
20007cbd  PRCMPeripheralClockGet        
20007d51  PinConfigSet                  
20007dd9  SPITransfer                   
20007e61  __aeabi_cdcmpeq               
20007e61  __aeabi_cdcmple               
20007ee7  __aeabi_cdrcmple              
20007f6d  I2CMasterInitExpClk           
20007ff1  SPIIntStatus                  
2000806d  __aeabi_memclr                
2000806d  __aeabi_memclr4               
2000806d  __aeabi_memclr8               
2000806f  __aeabi_memset                
2000806f  __aeabi_memset4               
2000806f  __aeabi_memset8               
20008075  memset                        
200080e7  UARTConfigSetExpClk           
2000823b  __TI_decompress_lzss          
200082a5  frexp                         
200082a5  frexpl                        
20008301  PRCMPeripheralReset           
200083af  __TI_ltoa                     
20008455  SPIIntEnable                  
200084ed  atoi                          
20008539  SPIIntClear                   
20008581  __aeabi_d2iz                  
2000860d  __TI_auto_init_nobinit_nopinit
20008651  PinModeSet                    
20008691  vsnprintf                     
20008711  PRCMPeripheralClkEnable       
2000874d  GPIODirModeSet                
20008783  PinTypeGPIO                   
200087b5  UARTDisable                   
20008815  __aeabi_i2d                   
20008843  I2CMasterErr                  
20008871  PRCMSysResetCauseGet          
2000889d  SPIDataGetNonBlocking         
200088c9  PRCMPeripheralClkDisable      
20008919  memmove                       
20008941  UARTEnable                    
20008965  _c_int00_noargs               
20008989  I2CMasterSlaveAddrSet         
200089ab  SPIReset                      
200089cd  GPIOPinWrite                  
200089ed  IntRegister                   
20008a0d  SPIDataGet                    
20008a2d  I2CMasterIntStatusEx          
20008a4b  SPIDataPut                    
20008a69  SPIIntRegister                
20008a87  UARTCharPut                   
20008aa5  UARTCharGetNonBlocking        
20008ac1  __TI_zero_init_nomemset       
20008af9  memccpy                       
20008b15  PinTypeSPI                    
20008b2f  PinTypeUART                   
20008b49  I2CMasterIntEnableEx          
20008b61  SPICSDisable                  
20008b79  SPICSEnable                   
20008b91  SPIEnable                     
20008ba9  UARTCharsAvail                
20008bd9  I2CMasterDataPut              
20008bef  I2CMasterEnable               
20008c05  PRCMHIBRegRead                
20008c1b  PRCMHIBRegWrite               
20008c31  UARTCharGet                   
20008c47  strchr                        
20008c5d  CPUcpsie                      
20008c71  IntVTableBaseSet              
20008c85  strlen                        
20008c99  I2CMasterControl              
20008cab  I2CMasterIntClearEx           
20008cbd  I2CMasterTimeoutSet           
20008ccf  wcslen                        
20008ce1  I2CMasterDataGet              
20008cef  __TI_decompress_none          
20008cfd  ResetISR                      
20008d0b  copysign                      
20008d0b  copysignl                     
20008d17  IntMasterEnable               
20008d21  __aeabi_errno_addr            
20008d29  malloc                        
20008d31  UtilsDelay                    
20008d37  _system_pre_init              
20008d3b  C$$EXIT                       
20008d3b  abort                         
2000923b  _ctypes_                      
20009538  __TI_static_base__            
20009558  __TI_Handler_Table_Base       
20009564  __TI_Handler_Table_Limit      
20009570  __TI_CINIT_Base               
20009580  __TI_CINIT_Limit              
20017000  __start___llvm_prf_cnts       
20017000  __stop___llvm_prf_cnts        
20017000  _sys_memory                   
200178d0  cursor_x                      
200178d4  cursor_y                      
200178d8  textsize                      
200178dc  textcolor                     
200178e0  textbgcolor                   
200178e4  wrap                          
200178e8  _lock                         
200178ec  _unlock                       
200178f8  errno                         
2002f800  __stack                       
20030000  __STACK_END                   
ffffffff  __TI_pprof_out_hndl           
ffffffff  __TI_prof_data_size           
ffffffff  __TI_prof_data_start          
ffffffff  __binit__                     
ffffffff  __c_args__                    
ffffffff  binit                         
UNDEFED   __mpu_init                    
UNDEFED   _system_post_cinit            

[184 symbols]
